Archive member included to satisfy reference by file (symbol)

app/libapp.a(main.c.obj)      (--whole-archive)
zephyr/libzephyr.a(validate_libc.c.obj)
                              (--whole-archive)
zephyr/libzephyr.a(heap.c.obj)
                              (--whole-archive)
zephyr/libzephyr.a(cbprintf_packaged.c.obj)
                              (--whole-archive)
zephyr/libzephyr.a(clock.c.obj)
                              (--whole-archive)
zephyr/libzephyr.a(printk.c.obj)
                              (--whole-archive)
zephyr/libzephyr.a(sem.c.obj)
                              (--whole-archive)
zephyr/libzephyr.a(thread_entry.c.obj)
                              (--whole-archive)
zephyr/libzephyr.a(cbprintf_complete.c.obj)
                              (--whole-archive)
zephyr/libzephyr.a(assert.c.obj)
                              (--whole-archive)
zephyr/libzephyr.a(dec.c.obj)
                              (--whole-archive)
zephyr/libzephyr.a(hex.c.obj)
                              (--whole-archive)
zephyr/libzephyr.a(rb.c.obj)  (--whole-archive)
zephyr/libzephyr.a(timeutil.c.obj)
                              (--whole-archive)
zephyr/libzephyr.a(bitarray.c.obj)
                              (--whole-archive)
zephyr/libzephyr.a(bitmask.c.obj)
                              (--whole-archive)
zephyr/libzephyr.a(getopt.c.obj)
                              (--whole-archive)
zephyr/libzephyr.a(getopt_common.c.obj)
                              (--whole-archive)
zephyr/libzephyr.a(ring_buffer.c.obj)
                              (--whole-archive)
zephyr/libzephyr.a(last_section_id.c.obj)
                              (--whole-archive)
zephyr/libzephyr.a(configs.c.obj)
                              (--whole-archive)
zephyr/libzephyr.a(stm32cube_hal.c.obj)
                              (--whole-archive)
zephyr/libzephyr.a(soc_config.c.obj)
                              (--whole-archive)
zephyr/libzephyr.a(stm32_backup_domain.c.obj)
                              (--whole-archive)
zephyr/libzephyr.a(soc.c.obj)
                              (--whole-archive)
zephyr/libzephyr.a(thread_info.c.obj)
                              (--whole-archive)
zephyr/libzephyr.a(tracing_none.c.obj)
                              (--whole-archive)
zephyr/arch/common/libarch__common.a(sw_isr_common.c.obj)
                              (--whole-archive)
zephyr/arch/common/libarch__common.a(init.c.obj)
                              (--whole-archive)
zephyr/arch/common/libarch__common.a(xip.c.obj)
                              (--whole-archive)
zephyr/arch/arch/arm/core/libarch__arm__core.a(fatal.c.obj)
                              (--whole-archive)
zephyr/arch/arch/arm/core/libarch__arm__core.a(nmi.c.obj)
                              (--whole-archive)
zephyr/arch/arch/arm/core/libarch__arm__core.a(nmi_on_reset.S.obj)
                              (--whole-archive)
zephyr/arch/arch/arm/core/libarch__arm__core.a(tls.c.obj)
                              (--whole-archive)
zephyr/arch/arch/arm/core/cortex_m/libarch__arm__core__cortex_m.a(exc_exit.c.obj)
                              (--whole-archive)
zephyr/arch/arch/arm/core/cortex_m/libarch__arm__core__cortex_m.a(fault.c.obj)
                              (--whole-archive)
zephyr/arch/arch/arm/core/cortex_m/libarch__arm__core__cortex_m.a(fault_s.S.obj)
                              (--whole-archive)
zephyr/arch/arch/arm/core/cortex_m/libarch__arm__core__cortex_m.a(fpu.c.obj)
                              (--whole-archive)
zephyr/arch/arch/arm/core/cortex_m/libarch__arm__core__cortex_m.a(reset.S.obj)
                              (--whole-archive)
zephyr/arch/arch/arm/core/cortex_m/libarch__arm__core__cortex_m.a(scb.c.obj)
                              (--whole-archive)
zephyr/arch/arch/arm/core/cortex_m/libarch__arm__core__cortex_m.a(thread_abort.c.obj)
                              (--whole-archive)
zephyr/arch/arch/arm/core/cortex_m/libarch__arm__core__cortex_m.a(vector_table.S.obj)
                              (--whole-archive)
zephyr/arch/arch/arm/core/cortex_m/libarch__arm__core__cortex_m.a(swap_helper.S.obj)
                              (--whole-archive)
zephyr/arch/arch/arm/core/cortex_m/libarch__arm__core__cortex_m.a(irq_manage.c.obj)
                              (--whole-archive)
zephyr/arch/arch/arm/core/cortex_m/libarch__arm__core__cortex_m.a(prep_c.c.obj)
                              (--whole-archive)
zephyr/arch/arch/arm/core/cortex_m/libarch__arm__core__cortex_m.a(thread.c.obj)
                              (--whole-archive)
zephyr/arch/arch/arm/core/cortex_m/libarch__arm__core__cortex_m.a(cpu_idle.c.obj)
                              (--whole-archive)
zephyr/arch/arch/arm/core/cortex_m/libarch__arm__core__cortex_m.a(irq_init.c.obj)
                              (--whole-archive)
zephyr/arch/arch/arm/core/cortex_m/libarch__arm__core__cortex_m.a(isr_wrapper.c.obj)
                              (--whole-archive)
[...]
Memory Configuration

Name             Origin             Length             Attributes
FLASH            0x0000000008000000 0x0000000000200000 xr
RAM              0x0000000020000000 0x0000000000030000 xw
SRAM0            0x0000000020000000 0x0000000000030000 rw
SRAM1            0x0000000010000000 0x0000000000010000 rw
SRAM2            0x0000000020040000 0x0000000000060000 rw
IDT_LIST         0x00000000ffff7fff 0x0000000000008000 xw
*default*        0x0000000000000000 0xffffffffffffffff

Linker script and memory map

                0x0000000008002c20                vfprintf = __l_vfprintf
                0x0000000000000000                vfscanf = __l_vfscanf
LOAD zephyr/CMakeFiles/zephyr_final.dir/misc/empty_file.c.obj
LOAD zephyr/CMakeFiles/zephyr_final.dir/isr_tables.c.obj
LOAD zephyr/CMakeFiles/offsets.dir/./arch/arm/core/offsets/offsets.c.obj
LOAD zephyr/CMakeFiles/offsets.dir/./lib/heap/heap_constants.c.obj
LOAD app/libapp.a
LOAD zephyr/libzephyr.a
LOAD zephyr/arch/common/libarch__common.a
LOAD zephyr/arch/arch/arm/core/libarch__arm__core.a
LOAD zephyr/arch/arch/arm/core/cortex_m/libarch__arm__core__cortex_m.a
LOAD zephyr/lib/libc/picolibc/liblib__libc__picolibc.a
LOAD zephyr/lib/libc/common/liblib__libc__common.a
LOAD zephyr/lib/posix/c_lib_ext/liblib__posix__c_lib_ext.a
LOAD zephyr/drivers/interrupt_controller/libdrivers__interrupt_controller.a
LOAD zephyr/drivers/clock_control/libdrivers__clock_control.a
LOAD zephyr/drivers/console/libdrivers__console.a
LOAD zephyr/drivers/gpio/libdrivers__gpio.a
LOAD zephyr/drivers/pinctrl/libdrivers__pinctrl.a
LOAD zephyr/drivers/reset/libdrivers__reset.a
LOAD zephyr/drivers/serial/libdrivers__serial.a
LOAD zephyr/drivers/timer/libdrivers__timer.a
LOAD modules/hal_stm32/stm32cube/lib..__modules__hal__stm32__stm32cube.a
LOAD zephyr/kernel/libkernel.a
LOAD zephyr/arch/common/libisr_tables.a
LOAD c:\users\ray45\zephyr-sdk-0.17.4\arm-zephyr-eabi\bin\../lib/gcc/../../picolibc/arm-zephyr-eabi/lib/thumb/v7e-m/nofp\libc.a
LOAD c:/users/ray45/zephyr-sdk-0.17.4/arm-zephyr-eabi/bin/../lib/gcc/arm-zephyr-eabi/12.2.0/thumb/v7e-m/nofp\libgcc.a
                0x0000000000000004                _region_min_align = 0x4

.rel.plt        0x0000000008000000        0x0
 *(SORT_BY_ALIGNMENT(.rel.plt))
                [!provide]                        PROVIDE (__rel_iplt_start = .)
 *(SORT_BY_ALIGNMENT(.rel.iplt))
 .rel.iplt      0x0000000008000000        0x0 zephyr/CMakeFiles/zephyr_final.dir/isr_tables.c.obj
                [!provide]                        PROVIDE (__rel_iplt_end = .)

.rela.plt       0x0000000000000000        0x0
 *(SORT_BY_ALIGNMENT(.rela.plt))
                [!provide]                        PROVIDE (__rela_iplt_start = .)
 *(SORT_BY_ALIGNMENT(.rela.iplt))
                [!provide]                        PROVIDE (__rela_iplt_end = .)

.rel.dyn
 *(SORT_BY_ALIGNMENT(.rel.*))

.rela.dyn
 *(SORT_BY_ALIGNMENT(.rela.*))

/DISCARD/
 *(SORT_BY_ALIGNMENT(.plt))

/DISCARD/
 *(SORT_BY_ALIGNMENT(.iplt))
                0x0000000008000000                __rom_region_start = 0x8000000

rom_start       0x0000000008000000      0x1bc
                0x0000000008000000                __rom_start_address = .
 FILL mask 0x00
                0x0000000008000000                . = (. + (0x0 - (. - __rom_start_address)))
                0x0000000008000000                . = ALIGN (0x4)
                0x0000000008000000                . = ALIGN (0x80)
                0x0000000008000000                . = ALIGN (0x200)
                0x0000000008000000                _vector_start = .
 *(SORT_BY_ALIGNMENT(.exc_vector_table))
 *(SORT_BY_ALIGNMENT(.exc_vector_table.*))
 .exc_vector_table._vector_table_section
                0x0000000008000000       0x40 zephyr/arch/arch/arm/core/cortex_m/libarch__arm__core__cortex_m.a(vector_table.S.obj)
                0x0000000008000000                _vector_table
 *(SORT_BY_ALIGNMENT(.vectors))
                0x00000000080001bc                _vector_end = .
                0x0000000008000040                . = ALIGN (0x4)
 *(SORT_BY_ALIGNMENT(.gnu.linkonce.irq_vector_table*))
 .gnu.linkonce.irq_vector_table
                0x0000000008000040      0x17c zephyr/CMakeFiles/zephyr_final.dir/isr_tables.c.obj
                0x0000000008000040                _irq_vector_table
                0x00000000080001bc                _vector_end = .

text            0x00000000080001bc     0x44e4
                0x00000000080001bc                __text_region_start = .
 *(SORT_BY_ALIGNMENT(.text))
 *(SORT_BY_ALIGNMENT(.text.*))
 .text.z_impl_gpio_pin_interrupt_configure
                0x00000000080001bc       0x34 app/libapp.a(main.c.obj)
 .text.logic_thread
                0x00000000080001f0       0x54 app/libapp.a(main.c.obj)
                0x00000000080001f0                logic_thread
 .text.serial_cb
                0x0000000008000244       0x4c app/libapp.a(main.c.obj)
 .text.button_isr
                0x0000000008000290       0x1c app/libapp.a(main.c.obj)
 .text.main     0x00000000080002ac      0x154 app/libapp.a(main.c.obj)
                0x00000000080002ac                main
 .text.char_out
                0x0000000008000400       0x10 zephyr/libzephyr.a(printk.c.obj)
 .text.__printk_hook_install
                0x0000000008000410        0xc zephyr/libzephyr.a(printk.c.obj)
                0x0000000008000410                __printk_hook_install
 .text.vprintk  0x000000000800041c       0x2c zephyr/libzephyr.a(printk.c.obj)
                0x000000000800041c                vprintk
 .text.z_thread_entry
                0x0000000008000448       0x34 zephyr/libzephyr.a(thread_entry.c.obj)
                0x0000000008000448                z_thread_entry
 .text.st_stm32_common_config
                0x000000000800047c       0x14 zephyr/libzephyr.a(soc_config.c.obj)
 .text.soc_early_init_hook
                0x0000000008000490       0x30 zephyr/libzephyr.a(soc.c.obj)
                0x0000000008000490                soc_early_init_hook
 .text.arch_bss_zero
                0x00000000080004c0       0x18 zephyr/arch/common/libarch__common.a(init.c.obj)
                0x00000000080004c0                arch_bss_zero
 .text.arch_data_copy
                0x00000000080004d8       0x34 zephyr/arch/common/libarch__common.a(xip.c.obj)
                0x00000000080004d8                arch_data_copy
 .text.esf_dump
                0x000000000800050c       0x40 zephyr/arch/arch/arm/core/libarch__arm__core.a(fatal.c.obj)
 .text.z_arm_fatal_error
                0x000000000800054c       0x30 zephyr/arch/arch/arm/core/libarch__arm__core.a(fatal.c.obj)
                0x000000000800054c                z_arm_fatal_error
 .text.z_SysNmiOnReset
                0x000000000800057c        0x8 zephyr/arch/arch/arm/core/libarch__arm__core.a(nmi_on_reset.S.obj)
                0x000000000800057c                z_SysNmiOnReset
 .text.z_tls_copy
                0x0000000008000584       0x28 zephyr/arch/arch/arm/core/libarch__arm__core.a(tls.c.obj)
 .text.arch_tls_stack_setup
                0x00000000080005ac       0x28 zephyr/arch/arch/arm/core/libarch__arm__core.a(tls.c.obj)
                0x00000000080005ac                arch_tls_stack_setup
 .text._HandlerModeExit
                0x00000000080005d4       0x20 zephyr/arch/arch/arm/core/cortex_m/libarch__arm__core__cortex_m.a(exc_exit.c.obj)
                0x00000000080005d4                z_arm_int_exit
                0x00000000080005d4                z_arm_exc_exit
 .text.z_arm_is_synchronous_svc
                0x00000000080005f4       0x3c zephyr/arch/arch/arm/core/cortex_m/libarch__arm__core__cortex_m.a(fault.c.obj)
 .text.get_esf  0x0000000008000630       0x40 zephyr/arch/arch/arm/core/cortex_m/libarch__arm__core__cortex_m.a(fault.c.obj)
 .text.mem_manage_fault
                0x0000000008000670       0xf4 zephyr/arch/arch/arm/core/cortex_m/libarch__arm__core__cortex_m.a(fault.c.obj)
 .text.bus_fault
                0x0000000008000764       0xec zephyr/arch/arch/arm/core/cortex_m/libarch__arm__core__cortex_m.a(fault.c.obj)
 .text.usage_fault
                0x0000000008000850       0xb4 zephyr/arch/arch/arm/core/cortex_m/libarch__arm__core__cortex_m.a(fault.c.obj)
 .text.hard_fault
                0x0000000008000904       0xb8 zephyr/arch/arch/arm/core/cortex_m/libarch__arm__core__cortex_m.a(fault.c.obj)
 .text.debug_monitor
                0x00000000080009bc       0x14 zephyr/arch/arch/arm/core/cortex_m/libarch__arm__core__cortex_m.a(fault.c.obj)
 .text.reserved_exception
                0x00000000080009d0       0x24 zephyr/arch/arch/arm/core/cortex_m/libarch__arm__core__cortex_m.a(fault.c.obj)
 .text.z_arm_fault
                0x00000000080009f4       0x88 zephyr/arch/arch/arm/core/cortex_m/libarch__arm__core__cortex_m.a(fault.c.obj)
                0x00000000080009f4                z_arm_fault
 .text.z_arm_fault_init
                0x0000000008000a7c       0x18 zephyr/arch/arch/arm/core/cortex_m/libarch__arm__core__cortex_m.a(fault.c.obj)
                0x0000000008000a7c                z_arm_fault_init
 .text.__fault  0x0000000008000a94       0x14 zephyr/arch/arch/arm/core/cortex_m/libarch__arm__core__cortex_m.a(fault_s.S.obj)
                0x0000000008000a94                z_arm_usage_fault
                0x0000000008000a94                z_arm_mpu_fault
                0x0000000008000a94                z_arm_exc_spurious
                0x0000000008000a94                z_arm_debug_monitor
                0x0000000008000a94                z_arm_hard_fault
                0x0000000008000a94                z_arm_bus_fault
 .text._reset_section
                0x0000000008000aa8       0x40 zephyr/arch/arch/arm/core/cortex_m/libarch__arm__core__cortex_m.a(reset.S.obj)
                0x0000000008000aa8                __start
                0x0000000008000aa8                z_arm_reset
 .text.z_impl_k_thread_abort
                0x0000000008000ae8       0x34 zephyr/arch/arch/arm/core/cortex_m/libarch__arm__core__cortex_m.a(thread_abort.c.obj)
                0x0000000008000ae8                z_impl_k_thread_abort
 .text.z_arm_pendsv
                0x0000000008000b1c       0x58 zephyr/arch/arch/arm/core/cortex_m/libarch__arm__core__cortex_m.a(swap_helper.S.obj)
                0x0000000008000b1c                z_arm_pendsv
 .text.z_arm_svc
                0x0000000008000b74       0x24 zephyr/arch/arch/arm/core/cortex_m/libarch__arm__core__cortex_m.a(swap_helper.S.obj)
                0x0000000008000b74                z_arm_svc
 .text.__NVIC_EnableIRQ
                0x0000000008000b98       0x1c zephyr/arch/arch/arm/core/cortex_m/libarch__arm__core__cortex_m.a(irq_manage.c.obj)
 .text.__NVIC_SetPriority
                0x0000000008000bb4       0x28 zephyr/arch/arch/arm/core/cortex_m/libarch__arm__core__cortex_m.a(irq_manage.c.obj)
 .text.relocate_vector_table
                0x0000000008000bdc       0x1c zephyr/arch/arch/arm/core/cortex_m/libarch__arm__core__cortex_m.a(prep_c.c.obj)
                0x0000000008000bdc                relocate_vector_table
 .text.z_prep_c
                0x0000000008000bf8       0x38 zephyr/arch/arch/arm/core/cortex_m/libarch__arm__core__cortex_m.a(prep_c.c.obj)
                0x0000000008000bf8                z_prep_c
 .text.arch_new_thread
                0x0000000008000c30       0x44 zephyr/arch/arch/arm/core/cortex_m/libarch__arm__core__cortex_m.a(thread.c.obj)
                0x0000000008000c30                arch_new_thread
 .text.arch_switch_to_main_thread
                0x0000000008000c74       0x3c zephyr/arch/arch/arm/core/cortex_m/libarch__arm__core__cortex_m.a(thread.c.obj)
                0x0000000008000c74                arch_switch_to_main_thread
 .text.z_arm_cpu_idle_init
                0x0000000008000cb0        0xc zephyr/arch/arch/arm/core/cortex_m/libarch__arm__core__cortex_m.a(cpu_idle.c.obj)
                0x0000000008000cb0                z_arm_cpu_idle_init
 .text.z_arm_interrupt_init
                0x0000000008000cbc       0x34 zephyr/arch/arch/arm/core/cortex_m/libarch__arm__core__cortex_m.a(irq_init.c.obj)
                0x0000000008000cbc                z_arm_interrupt_init
 .text._isr_wrapper
                0x0000000008000cf0       0x20 zephyr/arch/arch/arm/core/cortex_m/libarch__arm__core__cortex_m.a(isr_wrapper.c.obj)
                0x0000000008000cf0                _isr_wrapper
 .text.__aeabi_read_tp
                0x0000000008000d10        0xc zephyr/arch/arch/arm/core/cortex_m/libarch__arm__core__cortex_m.a(__aeabi_read_tp.S.obj)
                0x0000000008000d10                __aeabi_read_tp
 .text.z_impl_zephyr_fputc
                0x0000000008000d1c       0x10 zephyr/lib/libc/picolibc/liblib__libc__picolibc.a(stdio.c.obj)
                0x0000000008000d1c                z_impl_zephyr_fputc
 .text.__stdout_hook_install
                0x0000000008000d2c       0x18 zephyr/lib/libc/picolibc/liblib__libc__picolibc.a(stdio.c.obj)
                0x0000000008000d2c                __stdout_hook_install
 .text.malloc_prepare
                0x0000000008000d44       0x24 zephyr/lib/libc/common/liblib__libc__common.a(malloc.c.obj)
 .text.stm32_exti_enable_clocks
                0x0000000008000d68       0x34 zephyr/drivers/interrupt_controller/libdrivers__interrupt_controller.a(intc_exti_stm32.c.obj)
 .text.stm32_exti_is_pending
                0x0000000008000d9c       0x38 zephyr/drivers/interrupt_controller/libdrivers__interrupt_controller.a(intc_exti_stm32.c.obj)
                0x0000000008000d9c                stm32_exti_is_pending
 .text.stm32_exti_clear_pending
                0x0000000008000dd4       0x2c zephyr/drivers/interrupt_controller/libdrivers__interrupt_controller.a(intc_exti_stm32.c.obj)
                0x0000000008000dd4                stm32_exti_clear_pending
 .text.stm32_fill_irq_table
                0x0000000008000e00       0x24 zephyr/drivers/interrupt_controller/libdrivers__interrupt_controller.a(intc_gpio_stm32.c.obj)
 .text.stm32_intc_gpio_isr
                0x0000000008000e24       0x48 zephyr/drivers/interrupt_controller/libdrivers__interrupt_controller.a(intc_gpio_stm32.c.obj)
 .text.LL_SYSCFG_SetEXTISource
                0x0000000008000e6c       0x38 zephyr/drivers/interrupt_controller/libdrivers__interrupt_controller.a(intc_gpio_stm32.c.obj)
 .text.LL_SYSCFG_GetEXTISource
                0x0000000008000ea4       0x28 zephyr/drivers/interrupt_controller/libdrivers__interrupt_controller.a(intc_gpio_stm32.c.obj)
 .text.stm32_gpio_intc_enable_line
                0x0000000008000ecc       0x30 zephyr/drivers/interrupt_controller/libdrivers__interrupt_controller.a(intc_gpio_stm32.c.obj)
                0x0000000008000ecc                stm32_gpio_intc_enable_line
 .text.stm32_gpio_intc_disable_line
                0x0000000008000efc       0x10 zephyr/drivers/interrupt_controller/libdrivers__interrupt_controller.a(intc_gpio_stm32.c.obj)
                0x0000000008000efc                stm32_gpio_intc_disable_line
 .text.stm32_gpio_intc_select_line_trigger
                0x0000000008000f0c       0x58 zephyr/drivers/interrupt_controller/libdrivers__interrupt_controller.a(intc_gpio_stm32.c.obj)
                0x0000000008000f0c                stm32_gpio_intc_select_line_trigger
 .text.stm32_gpio_intc_set_irq_callback
                0x0000000008000f64       0x4c zephyr/drivers/interrupt_controller/libdrivers__interrupt_controller.a(intc_gpio_stm32.c.obj)
                0x0000000008000f64                stm32_gpio_intc_set_irq_callback
 .text.stm32_gpio_intc_remove_irq_callback
                0x0000000008000fb0       0x24 zephyr/drivers/interrupt_controller/libdrivers__interrupt_controller.a(intc_gpio_stm32.c.obj)
                0x0000000008000fb0                stm32_gpio_intc_remove_irq_callback
 .text.stm32_clock_switch_to_hsi
                0x0000000008000fd4       0x48 zephyr/drivers/clock_control/libdrivers__clock_control.a(clock_stm32_ll_common.c.obj)
 .text.set_up_fixed_clock_sources
                0x000000000800101c       0x78 zephyr/drivers/clock_control/libdrivers__clock_control.a(clock_stm32_ll_common.c.obj)
 .text.stm32_clock_control_get_subsys_rate
                0x0000000008001094      0x114 zephyr/drivers/clock_control/libdrivers__clock_control.a(clock_stm32_ll_common.c.obj)
 .text.set_up_plls
                0x00000000080011a8       0x74 zephyr/drivers/clock_control/libdrivers__clock_control.a(clock_stm32_ll_common.c.obj)
 .text.stm32_clock_control_init
                0x000000000800121c       0x90 zephyr/drivers/clock_control/libdrivers__clock_control.a(clock_stm32_ll_common.c.obj)
                0x000000000800121c                stm32_clock_control_init
 .text.get_pllsrc_frequency
                0x00000000080012ac        0x8 zephyr/drivers/clock_control/libdrivers__clock_control.a(clock_stm32l4_l5_wb_wl.c.obj)
                0x00000000080012ac                get_pllsrc_frequency
 .text.config_pll_sysclock
                0x00000000080012b4       0x54 zephyr/drivers/clock_control/libdrivers__clock_control.a(clock_stm32l4_l5_wb_wl.c.obj)
                0x00000000080012b4                config_pll_sysclock
 .text.config_enable_default_clocks
                0x0000000008001308       0x20 zephyr/drivers/clock_control/libdrivers__clock_control.a(clock_stm32l4_l5_wb_wl.c.obj)
                0x0000000008001308                config_enable_default_clocks
 .text.console_out
                0x0000000008001328       0x28 zephyr/drivers/console/libdrivers__console.a(uart_console.c.obj)
 .text.uart_console_hook_install
                0x0000000008001350       0x18 zephyr/drivers/console/libdrivers__console.a(uart_console.c.obj)
 .text.uart_console_init
                0x0000000008001368       0x1c zephyr/drivers/console/libdrivers__console.a(uart_console.c.obj)
 .text.gpio_stm32_clock_request
                0x0000000008001384       0x3c zephyr/drivers/gpio/libdrivers__gpio.a(gpio_stm32.c.obj)
 .text.gpio_stm32_init
                0x00000000080013c0       0x1c zephyr/drivers/gpio/libdrivers__gpio.a(gpio_stm32.c.obj)
 .text.gpio_stm32_pin_interrupt_configure
                0x00000000080013dc       0x94 zephyr/drivers/gpio/libdrivers__gpio.a(gpio_stm32.c.obj)
 .text.stm32_pin_configure
                0x0000000008001470       0x40 zephyr/drivers/pinctrl/libdrivers__pinctrl.a(pinctrl_stm32.c.obj)
 .text.uart_stm32_configure
                0x00000000080014b0      0x17c zephyr/drivers/serial/libdrivers__serial.a(uart_stm32.c.obj)
 .text.uart_stm32_poll_in
                0x000000000800162c       0x10 zephyr/drivers/serial/libdrivers__serial.a(uart_stm32.c.obj)
 .text.uart_stm32_poll_out
                0x000000000800163c       0x10 zephyr/drivers/serial/libdrivers__serial.a(uart_stm32.c.obj)
 .text.uart_stm32_fifo_fill
                0x000000000800164c       0x38 zephyr/drivers/serial/libdrivers__serial.a(uart_stm32.c.obj)
 .text.uart_stm32_fifo_read
                0x0000000008001684       0x38 zephyr/drivers/serial/libdrivers__serial.a(uart_stm32.c.obj)
 .text.uart_stm32_irq_err_enable
                0x00000000080016bc       0x60 zephyr/drivers/serial/libdrivers__serial.a(uart_stm32.c.obj)
 .text.uart_stm32_irq_err_disable
                0x000000000800171c       0x60 zephyr/drivers/serial/libdrivers__serial.a(uart_stm32.c.obj)
 .text.uart_stm32_registers_configure
                0x000000000800177c      0x128 zephyr/drivers/serial/libdrivers__serial.a(uart_stm32.c.obj)
 .text.elapsed  0x00000000080018a4       0x48 zephyr/drivers/timer/libdrivers__timer.a(cortex_m_systick.c.obj)
 .text.sys_clock_driver_init
                0x00000000080018ec       0x34 zephyr/drivers/timer/libdrivers__timer.a(cortex_m_systick.c.obj)
 .text.sys_clock_isr
                0x0000000008001920       0x68 zephyr/drivers/timer/libdrivers__timer.a(cortex_m_systick.c.obj)
                0x0000000008001920                sys_clock_isr
 .text.sys_clock_set_timeout
                0x0000000008001988      0x124 zephyr/drivers/timer/libdrivers__timer.a(cortex_m_systick.c.obj)
                0x0000000008001988                sys_clock_set_timeout
 .text.sys_clock_elapsed
                0x0000000008001aac       0x40 zephyr/drivers/timer/libdrivers__timer.a(cortex_m_systick.c.obj)
                0x0000000008001aac                sys_clock_elapsed
 .text.HAL_RCC_GetSysClockFreq
                0x0000000008001aec       0xb4 modules/hal_stm32/stm32cube/lib..__modules__hal__stm32__stm32cube.a(stm32l4xx_hal_rcc.c.obj)
                0x0000000008001aec                HAL_RCC_GetSysClockFreq
 .text.LL_SetFlashLatency
                0x0000000008001ba0       0xcc modules/hal_stm32/stm32cube/lib..__modules__hal__stm32__stm32cube.a(stm32l4xx_ll_utils.c.obj)
                0x0000000008001ba0                LL_SetFlashLatency
 .text.z_fatal_error
                0x0000000008001c6c       0x2c zephyr/kernel/libkernel.a(fatal.c.obj)
                0x0000000008001c6c                z_fatal_error
 .text.init_idle_thread
                0x0000000008001c98       0x5c zephyr/kernel/libkernel.a(init.c.obj)
 .text.z_sys_init_run_level
                0x0000000008001cf4       0x38 zephyr/kernel/libkernel.a(init.c.obj)
 .text.thread_schedule_new
                0x0000000008001d2c       0x1c zephyr/kernel/libkernel.a(init.c.obj)
 .text.z_init_static_threads
                0x0000000008001d48       0x70 zephyr/kernel/libkernel.a(init.c.obj)
 .text.bg_thread_main
                0x0000000008001db8       0x34 zephyr/kernel/libkernel.a(init.c.obj)
 .text.switch_to_main_thread
                0x0000000008001dec       0x14 zephyr/kernel/libkernel.a(init.c.obj)
 .text.z_init_cpu
                0x0000000008001e00       0x40 zephyr/kernel/libkernel.a(init.c.obj)
                0x0000000008001e00                z_init_cpu
 .text.prepare_multithreading
                0x0000000008001e40       0x60 zephyr/kernel/libkernel.a(init.c.obj)
 .text.z_cstart
                0x0000000008001ea0       0x70 zephyr/kernel/libkernel.a(init.c.obj)
                0x0000000008001ea0                z_cstart
 .text.put_msg_in_queue
                0x0000000008001f10      0x108 zephyr/kernel/libkernel.a(msg_q.c.obj)
 .text.z_impl_k_msgq_get
                0x0000000008002018      0x104 zephyr/kernel/libkernel.a(msg_q.c.obj)
                0x0000000008002018                z_impl_k_msgq_get
 .text.z_setup_new_thread
                0x000000000800211c       0xc4 zephyr/kernel/libkernel.a(thread.c.obj)
                0x000000000800211c                z_setup_new_thread
 .text.z_dummy_thread_init
                0x00000000080021e0       0x18 zephyr/kernel/libkernel.a(thread.c.obj)
                0x00000000080021e0                z_dummy_thread_init
 .text.z_swap_irqlock
                0x00000000080021f8       0x34 zephyr/kernel/libkernel.a(sched.c.obj)
 .text.ready_thread
                0x000000000800222c       0xb4 zephyr/kernel/libkernel.a(sched.c.obj)
 .text.unready_thread
                0x00000000080022e0       0x68 zephyr/kernel/libkernel.a(sched.c.obj)
 .text.thread_halt_spin
                0x0000000008002348      0x118 zephyr/kernel/libkernel.a(sched.c.obj)
 .text.add_thread_timeout
                0x0000000008002460       0x20 zephyr/kernel/libkernel.a(sched.c.obj)
 .text.move_current_to_end_of_prio_q
                0x0000000008002480       0x8c zephyr/kernel/libkernel.a(sched.c.obj)
                0x0000000008002480                move_current_to_end_of_prio_q
 .text.z_pend_curr
                0x000000000800250c       0x38 zephyr/kernel/libkernel.a(sched.c.obj)
                0x000000000800250c                z_pend_curr
 .text.z_reschedule
                0x0000000008002544       0x2c zephyr/kernel/libkernel.a(sched.c.obj)
                0x0000000008002544                z_reschedule
 .text.z_reschedule_irqlock
                0x0000000008002570       0x2c zephyr/kernel/libkernel.a(sched.c.obj)
                0x0000000008002570                z_reschedule_irqlock
 .text.k_sched_lock
                0x000000000800259c       0x30 zephyr/kernel/libkernel.a(sched.c.obj)
                0x000000000800259c                k_sched_lock
 .text.k_sched_unlock
                0x00000000080025cc       0x70 zephyr/kernel/libkernel.a(sched.c.obj)
                0x00000000080025cc                k_sched_unlock
 .text.z_sched_init
                0x000000000800263c       0x10 zephyr/kernel/libkernel.a(sched.c.obj)
                0x000000000800263c                z_sched_init
 .text.z_impl_k_wakeup
                0x000000000800264c       0x48 zephyr/kernel/libkernel.a(sched.c.obj)
                0x000000000800264c                z_impl_k_wakeup
 .text.z_impl_k_sched_current_thread_query
                0x0000000008002694        0xc zephyr/kernel/libkernel.a(sched.c.obj)
                0x0000000008002694                z_impl_k_sched_current_thread_query
 .text.z_thread_abort
                0x00000000080026a0      0x16c zephyr/kernel/libkernel.a(sched.c.obj)
                0x00000000080026a0                z_thread_abort
 .text.z_time_slice_size
                0x000000000800280c       0x44 zephyr/kernel/libkernel.a(timeslicing.c.obj)
 .text.slice_timeout
                0x0000000008002850       0x20 zephyr/kernel/libkernel.a(timeslicing.c.obj)
 .text.z_reset_time_slice
                0x0000000008002870       0x44 zephyr/kernel/libkernel.a(timeslicing.c.obj)
                0x0000000008002870                z_reset_time_slice
 .text.z_time_slice
                0x00000000080028b4       0x70 zephyr/kernel/libkernel.a(timeslicing.c.obj)
                0x00000000080028b4                z_time_slice
 .text.z_thread_monitor_exit
                0x0000000008002924       0x3c zephyr/kernel/libkernel.a(thread_monitor.c.obj)
                0x0000000008002924                z_thread_monitor_exit
 .text.first    0x0000000008002960       0x14 zephyr/kernel/libkernel.a(timeout.c.obj)
 .text.next     0x0000000008002974       0x18 zephyr/kernel/libkernel.a(timeout.c.obj)
 .text.elapsed  0x000000000800298c       0x18 zephyr/kernel/libkernel.a(timeout.c.obj)
 .text.z_add_timeout
                0x00000000080029a4      0x134 zephyr/kernel/libkernel.a(timeout.c.obj)
                0x00000000080029a4                z_add_timeout
 .text.sys_clock_announce
                0x0000000008002ad8       0xc4 zephyr/kernel/libkernel.a(timeout.c.obj)
                0x0000000008002ad8                sys_clock_announce
 .text.k_event_post_internal
                0x0000000008002b9c       0x50 zephyr/kernel/libkernel.a(events.c.obj)
 .text.boot_banner
                0x0000000008002bec       0x10 zephyr/kernel/libkernel.a(banner.c.obj)
                0x0000000008002bec                boot_banner
 .text.statics_init
                0x0000000008002bfc       0x24 zephyr/kernel/libkernel.a(kheap.c.obj)
 .text.__l_vfprintf
                0x0000000008002c20      0x4b8 c:\users\ray45\zephyr-sdk-0.17.4\arm-zephyr-eabi\bin\../lib/gcc/../../picolibc/arm-zephyr-eabi/lib/thumb/v7e-m/nofp\libc.a(libc_tinystdio_vflprintf.c.o)
                0x0000000008002c20                __l_vfprintf
 .text._OffsetAbsSyms
                0x00000000080030d8        0x2 zephyr/CMakeFiles/offsets.dir/./arch/arm/core/offsets/offsets.c.obj
                0x00000000080030d8                _OffsetAbsSyms
 .text.gpio_pin_interrupt_configure_dt
                0x00000000080030da       0x1a app/libapp.a(main.c.obj)
 .text.z_impl_gpio_pin_configure
                0x00000000080030f4       0x50 app/libapp.a(main.c.obj)
 .text.gpio_pin_configure_dt
                0x0000000008003144       0x16 app/libapp.a(main.c.obj)
 .text.gpio_add_callback
                0x000000000800315a       0x14 app/libapp.a(main.c.obj)
 .text.uart_irq_callback_user_data_set
                0x000000000800316e       0x1c app/libapp.a(main.c.obj)
 .text.uart_irq_rx_enable
                0x000000000800318a        0xc app/libapp.a(main.c.obj)
 .text.uart_irq_update
                0x0000000008003196       0x12 app/libapp.a(main.c.obj)
 .text.free_list_add_bidx
                0x00000000080031a8       0x4e zephyr/libzephyr.a(heap.c.obj)
 .text.free_list_add
                0x00000000080031f6       0x18 zephyr/libzephyr.a(heap.c.obj)
 .text.sys_heap_init
                0x000000000800320e       0x84 zephyr/libzephyr.a(heap.c.obj)
                0x000000000800320e                sys_heap_init
 .text.arch_printk_char_out
                0x0000000008003292        0x4 zephyr/libzephyr.a(printk.c.obj)
                0x0000000008003292                arch_printk_char_out
 .text.printk   0x0000000008003296       0x1c zephyr/libzephyr.a(printk.c.obj)
                0x0000000008003296                printk
 .text._ConfigAbsSyms
                0x00000000080032b2        0x2 zephyr/libzephyr.a(configs.c.obj)
                0x00000000080032b2                _ConfigAbsSyms
 .text.arch_early_memset
                0x00000000080032b4        0x8 zephyr/arch/common/libarch__common.a(init.c.obj)
                0x00000000080032b4                arch_early_memset
 .text.arch_early_memcpy
                0x00000000080032bc        0x8 zephyr/arch/common/libarch__common.a(init.c.obj)
                0x00000000080032bc                arch_early_memcpy
 .text.z_do_kernel_oops
                0x00000000080032c4        0xc zephyr/arch/arch/arm/core/libarch__arm__core.a(fatal.c.obj)
                0x00000000080032c4                z_do_kernel_oops
 .text.z_arm_nmi
                0x00000000080032d0        0xc zephyr/arch/arch/arm/core/libarch__arm__core.a(nmi.c.obj)
                0x00000000080032d0                z_arm_nmi
 .text.memory_fault_recoverable
                0x00000000080032dc        0x4 zephyr/arch/arch/arm/core/cortex_m/libarch__arm__core__cortex_m.a(fault.c.obj)
 .text.fault_handle
                0x00000000080032e0       0x4a zephyr/arch/arch/arm/core/cortex_m/libarch__arm__core__cortex_m.a(fault.c.obj)
 .text.arm_irq_enable
                0x000000000800332a        0xa zephyr/arch/arch/arm/core/cortex_m/libarch__arm__core__cortex_m.a(irq_manage.c.obj)
                0x000000000800332a                arm_irq_enable
 .text.arm_irq_priority_set
                0x0000000008003334        0xc zephyr/arch/arch/arm/core/cortex_m/libarch__arm__core__cortex_m.a(irq_manage.c.obj)
                0x0000000008003334                arm_irq_priority_set
 .text.z_irq_spurious
                0x0000000008003340        0xc zephyr/arch/arch/arm/core/cortex_m/libarch__arm__core__cortex_m.a(irq_manage.c.obj)
                0x0000000008003340                z_irq_spurious
 .text.arch_coprocessors_disable
                0x000000000800334c        0x6 zephyr/arch/arch/arm/core/cortex_m/libarch__arm__core__cortex_m.a(thread.c.obj)
                0x000000000800334c                arch_coprocessors_disable
 .text.arch_irq_unlock_outlined
                0x0000000008003352        0xe zephyr/arch/arch/arm/core/cortex_m/libarch__arm__core__cortex_m.a(thread.c.obj)
                0x0000000008003352                arch_irq_unlock_outlined
 .text.arch_cpu_idle
                0x0000000008003360       0x1a zephyr/arch/arch/arm/core/cortex_m/libarch__arm__core__cortex_m.a(cpu_idle.c.obj)
                0x0000000008003360                arch_cpu_idle
 .text.picolibc_put
                0x000000000800337a        0xa zephyr/lib/libc/picolibc/liblib__libc__picolibc.a(stdio.c.obj)
 .text.stm32_exti_init
                0x0000000008003384        0x8 zephyr/drivers/interrupt_controller/libdrivers__interrupt_controller.a(intc_exti_stm32.c.obj)
 .text.stm32_exti_gpio_intc_init
                0x000000000800338c       0x92 zephyr/drivers/interrupt_controller/libdrivers__interrupt_controller.a(intc_gpio_stm32.c.obj)
 .text.stm32_gpio_intc_get_pin_irq_line
                0x000000000800341e        0xa zephyr/drivers/interrupt_controller/libdrivers__interrupt_controller.a(intc_gpio_stm32.c.obj)
                0x000000000800341e                stm32_gpio_intc_get_pin_irq_line
 .text.stm32_exti_set_line_src_port
                0x0000000008003428       0x1c zephyr/drivers/interrupt_controller/libdrivers__interrupt_controller.a(intc_gpio_stm32.c.obj)
                0x0000000008003428                stm32_exti_set_line_src_port
 .text.stm32_exti_get_line_src_port
                0x0000000008003444       0x1a zephyr/drivers/interrupt_controller/libdrivers__interrupt_controller.a(intc_gpio_stm32.c.obj)
                0x0000000008003444                stm32_exti_get_line_src_port
 .text.get_pll_div_frequency
                0x000000000800345e        0xe zephyr/drivers/clock_control/libdrivers__clock_control.a(clock_stm32_ll_common.c.obj)
 .text.get_bus_clock
                0x000000000800346c        0x6 zephyr/drivers/clock_control/libdrivers__clock_control.a(clock_stm32_ll_common.c.obj)
 .text.get_msi_frequency
                0x0000000008003472        0x4 zephyr/drivers/clock_control/libdrivers__clock_control.a(clock_stm32_ll_common.c.obj)
 .text.stm32_clock_control_on
                0x0000000008003476       0x44 zephyr/drivers/clock_control/libdrivers__clock_control.a(clock_stm32_ll_common.c.obj)
 .text.stm32_clock_control_off
                0x00000000080034ba       0x2e zephyr/drivers/clock_control/libdrivers__clock_control.a(clock_stm32_ll_common.c.obj)
 .text.enabled_clock
                0x00000000080034e8       0x20 zephyr/drivers/clock_control/libdrivers__clock_control.a(clock_stm32_ll_common.c.obj)
                0x00000000080034e8                enabled_clock
 .text.stm32_clock_control_configure
                0x0000000008003508       0x48 zephyr/drivers/clock_control/libdrivers__clock_control.a(clock_stm32_ll_common.c.obj)
 .text.stm32_clock_control_get_status
                0x0000000008003550       0x3a zephyr/drivers/clock_control/libdrivers__clock_control.a(clock_stm32_ll_common.c.obj)
 .text.config_regulator_voltage
                0x000000000800358a        0x2 zephyr/drivers/clock_control/libdrivers__clock_control.a(clock_stm32_ll_common.c.obj)
                0x000000000800358a                config_regulator_voltage
 .text.get_pll_source
                0x000000000800358c        0x4 zephyr/drivers/clock_control/libdrivers__clock_control.a(clock_stm32l4_l5_wb_wl.c.obj)
 .text.sys_slist_remove
                0x0000000008003590       0x26 zephyr/drivers/gpio/libdrivers__gpio.a(gpio_stm32.c.obj)
 .text.sys_slist_find_and_remove
                0x00000000080035b6       0x20 zephyr/drivers/gpio/libdrivers__gpio.a(gpio_stm32.c.obj)
 .text.pm_device_driver_init
                0x00000000080035d6       0x24 zephyr/drivers/gpio/libdrivers__gpio.a(gpio_stm32.c.obj)
 .text.gpio_manage_callback
                0x00000000080035fa       0x3e zephyr/drivers/gpio/libdrivers__gpio.a(gpio_stm32.c.obj)
 .text.gpio_fire_callbacks
                0x0000000008003638       0x40 zephyr/drivers/gpio/libdrivers__gpio.a(gpio_stm32.c.obj)
 .text.gpio_stm32_isr
                0x0000000008003678        0xe zephyr/drivers/gpio/libdrivers__gpio.a(gpio_stm32.c.obj)
 .text.gpio_stm32_flags_to_conf
                0x0000000008003686       0x84 zephyr/drivers/gpio/libdrivers__gpio.a(gpio_stm32.c.obj)
 .text.gpio_stm32_port_get_raw
                0x000000000800370a        0xc zephyr/drivers/gpio/libdrivers__gpio.a(gpio_stm32.c.obj)
 .text.gpio_stm32_port_set_masked_raw
                0x0000000008003716       0x12 zephyr/drivers/gpio/libdrivers__gpio.a(gpio_stm32.c.obj)
 .text.gpio_stm32_port_set_bits_raw
                0x0000000008003728        0xa zephyr/drivers/gpio/libdrivers__gpio.a(gpio_stm32.c.obj)
 .text.gpio_stm32_port_clear_bits_raw
                0x0000000008003732        0xa zephyr/drivers/gpio/libdrivers__gpio.a(gpio_stm32.c.obj)
 .text.gpio_stm32_port_toggle_bits
                0x000000000800373c        0xe zephyr/drivers/gpio/libdrivers__gpio.a(gpio_stm32.c.obj)
 .text.gpio_stm32_manage_callback
                0x000000000800374a        0xc zephyr/drivers/gpio/libdrivers__gpio.a(gpio_stm32.c.obj)
 .text.gpio_stm32_pm_action
                0x0000000008003756       0x32 zephyr/drivers/gpio/libdrivers__gpio.a(gpio_stm32.c.obj)
 .text.LL_GPIO_SetPinMode
                0x0000000008003788       0x3a zephyr/drivers/gpio/libdrivers__gpio.a(gpio_stm32.c.obj)
 .text.LL_GPIO_SetPinSpeed
                0x00000000080037c2       0x3a zephyr/drivers/gpio/libdrivers__gpio.a(gpio_stm32.c.obj)
 .text.LL_GPIO_SetPinPull
                0x00000000080037fc       0x3a zephyr/drivers/gpio/libdrivers__gpio.a(gpio_stm32.c.obj)
 .text.LL_GPIO_SetAFPin_0_7
                0x0000000008003836       0x3a zephyr/drivers/gpio/libdrivers__gpio.a(gpio_stm32.c.obj)
 .text.LL_GPIO_SetAFPin_8_15
                0x0000000008003870       0x3c zephyr/drivers/gpio/libdrivers__gpio.a(gpio_stm32.c.obj)
 .text.gpio_stm32_configure_raw
                0x00000000080038ac       0x70 zephyr/drivers/gpio/libdrivers__gpio.a(gpio_stm32.c.obj)
 .text.gpio_stm32_config
                0x000000000800391c       0x98 zephyr/drivers/gpio/libdrivers__gpio.a(gpio_stm32.c.obj)
 .text.gpio_stm32_disable_pin_irqs
                0x00000000080039b4       0x30 zephyr/drivers/gpio/libdrivers__gpio.a(gpio_stm32.c.obj)
 .text.gpio_stm32_configure
                0x00000000080039e4       0x34 zephyr/drivers/gpio/libdrivers__gpio.a(gpio_stm32.c.obj)
                0x00000000080039e4                gpio_stm32_configure
 .text.pinctrl_lookup_state
                0x0000000008003a18       0x32 zephyr/drivers/pinctrl/libdrivers__pinctrl.a(common.c.obj)
                0x0000000008003a18                pinctrl_lookup_state
 .text.pinctrl_configure_pins
                0x0000000008003a4a       0x5e zephyr/drivers/pinctrl/libdrivers__pinctrl.a(pinctrl_stm32.c.obj)
                0x0000000008003a4a                pinctrl_configure_pins
 .text.reset_stm32_status
                0x0000000008003aa8       0x20 zephyr/drivers/reset/libdrivers__reset.a(reset_stm32.c.obj)
 .text.reset_stm32_line_assert
                0x0000000008003ac8       0x1e zephyr/drivers/reset/libdrivers__reset.a(reset_stm32.c.obj)
 .text.reset_stm32_line_deassert
                0x0000000008003ae6       0x20 zephyr/drivers/reset/libdrivers__reset.a(reset_stm32.c.obj)
 .text.reset_stm32_line_toggle
                0x0000000008003b06       0x16 zephyr/drivers/reset/libdrivers__reset.a(reset_stm32.c.obj)
 .text.reset_line_toggle
                0x0000000008003b1c       0x12 zephyr/drivers/serial/libdrivers__serial.a(uart_stm32.c.obj)
 .text.uart_stm32_set_baudrate
                0x0000000008003b2e       0x50 zephyr/drivers/serial/libdrivers__serial.a(uart_stm32.c.obj)
 .text.uart_stm32_set_driver_enable
                0x0000000008003b7e       0x1c zephyr/drivers/serial/libdrivers__serial.a(uart_stm32.c.obj)
 .text.uart_stm32_ll2cfg_databits
                0x0000000008003b9a       0x2a zephyr/drivers/serial/libdrivers__serial.a(uart_stm32.c.obj)
 .text.uart_stm32_parameters_set
                0x0000000008003bc4      0x16e zephyr/drivers/serial/libdrivers__serial.a(uart_stm32.c.obj)
 .text.uart_stm32_config_get
                0x0000000008003d32       0x9a zephyr/drivers/serial/libdrivers__serial.a(uart_stm32.c.obj)
 .text.uart_stm32_poll_in_visitor
                0x0000000008003dcc       0x26 zephyr/drivers/serial/libdrivers__serial.a(uart_stm32.c.obj)
 .text.uart_stm32_poll_out_visitor
                0x0000000008003df2       0x3a zephyr/drivers/serial/libdrivers__serial.a(uart_stm32.c.obj)
 .text.poll_in_u8
                0x0000000008003e2c        0x6 zephyr/drivers/serial/libdrivers__serial.a(uart_stm32.c.obj)
 .text.poll_out_u8
                0x0000000008003e32        0x6 zephyr/drivers/serial/libdrivers__serial.a(uart_stm32.c.obj)
 .text.uart_stm32_err_check
                0x0000000008003e38       0x74 zephyr/drivers/serial/libdrivers__serial.a(uart_stm32.c.obj)
 .text.uart_stm32_fifo_fill_visitor
                0x0000000008003eac       0x52 zephyr/drivers/serial/libdrivers__serial.a(uart_stm32.c.obj)
 .text.fifo_fill_with_u8
                0x0000000008003efe        0x6 zephyr/drivers/serial/libdrivers__serial.a(uart_stm32.c.obj)
 .text.uart_stm32_fifo_read_visitor
                0x0000000008003f04       0x3c zephyr/drivers/serial/libdrivers__serial.a(uart_stm32.c.obj)
 .text.fifo_read_with_u8
                0x0000000008003f40        0x6 zephyr/drivers/serial/libdrivers__serial.a(uart_stm32.c.obj)
 .text.uart_stm32_irq_tx_enable
                0x0000000008003f46       0x16 zephyr/drivers/serial/libdrivers__serial.a(uart_stm32.c.obj)
 .text.uart_stm32_irq_tx_disable
                0x0000000008003f5c       0x16 zephyr/drivers/serial/libdrivers__serial.a(uart_stm32.c.obj)
 .text.uart_stm32_irq_tx_ready
                0x0000000008003f72       0x20 zephyr/drivers/serial/libdrivers__serial.a(uart_stm32.c.obj)
 .text.uart_stm32_irq_tx_complete
                0x0000000008003f92       0x10 zephyr/drivers/serial/libdrivers__serial.a(uart_stm32.c.obj)
 .text.uart_stm32_irq_rx_enable
                0x0000000008003fa2       0x16 zephyr/drivers/serial/libdrivers__serial.a(uart_stm32.c.obj)
 .text.uart_stm32_irq_rx_disable
                0x0000000008003fb8       0x16 zephyr/drivers/serial/libdrivers__serial.a(uart_stm32.c.obj)
 .text.uart_stm32_irq_rx_ready
                0x0000000008003fce       0x10 zephyr/drivers/serial/libdrivers__serial.a(uart_stm32.c.obj)
 .text.uart_stm32_irq_is_pending
                0x0000000008003fde       0x34 zephyr/drivers/serial/libdrivers__serial.a(uart_stm32.c.obj)
 .text.uart_stm32_irq_update
                0x0000000008004012        0x4 zephyr/drivers/serial/libdrivers__serial.a(uart_stm32.c.obj)
 .text.uart_stm32_irq_callback_set
                0x0000000008004016        0x8 zephyr/drivers/serial/libdrivers__serial.a(uart_stm32.c.obj)
 .text.uart_stm32_isr
                0x000000000800401e        0xe zephyr/drivers/serial/libdrivers__serial.a(uart_stm32.c.obj)
 .text.uart_stm32_clocks_enable
                0x000000000800402c       0x18 zephyr/drivers/serial/libdrivers__serial.a(uart_stm32.c.obj)
 .text.pinctrl_apply_state
                0x0000000008004044       0x20 zephyr/drivers/serial/libdrivers__serial.a(uart_stm32.c.obj)
 .text.uart_stm32_init
                0x0000000008004064       0x2e zephyr/drivers/serial/libdrivers__serial.a(uart_stm32.c.obj)
 .text.uart_stm32_irq_config_func_0
                0x0000000008004092       0x14 zephyr/drivers/serial/libdrivers__serial.a(uart_stm32.c.obj)
 .text.do_device_init
                0x00000000080040a6       0x32 zephyr/kernel/libkernel.a(device.c.obj)
                0x00000000080040a6                do_device_init
 .text.z_impl_device_is_ready
                0x00000000080040d8       0x20 zephyr/kernel/libkernel.a(device.c.obj)
                0x00000000080040d8                z_impl_device_is_ready
 .text.arch_system_halt
                0x00000000080040f8       0x10 zephyr/kernel/libkernel.a(fatal.c.obj)
                0x00000000080040f8                arch_system_halt
 .text.k_sys_fatal_error_handler
                0x0000000008004108        0x6 zephyr/kernel/libkernel.a(fatal.c.obj)
                0x0000000008004108                k_sys_fatal_error_handler
 .text.idle     0x000000000800410e       0x16 zephyr/kernel/libkernel.a(idle.c.obj)
                0x000000000800410e                idle
 .text.arch_spin_relax
                0x0000000008004124        0x4 zephyr/kernel/libkernel.a(idle.c.obj)
                0x0000000008004124                arch_spin_relax
 .text.z_abort_thread_timeout
                0x0000000008004128        0xa zephyr/kernel/libkernel.a(msg_q.c.obj)
 .text.z_impl_k_msgq_put
                0x0000000008004132       0x10 zephyr/kernel/libkernel.a(msg_q.c.obj)
                0x0000000008004132                z_impl_k_msgq_put
 .text.setup_thread_stack
                0x0000000008004142       0x1a zephyr/kernel/libkernel.a(thread.c.obj)
 .text.z_init_thread_base
                0x000000000800415c       0x16 zephyr/kernel/libkernel.a(thread.c.obj)
                0x000000000800415c                z_init_thread_base
 .text.thread_active_elsewhere
                0x0000000008004172        0x4 zephyr/kernel/libkernel.a(sched.c.obj)
 .text.add_to_waitq_locked
                0x0000000008004176       0x64 zephyr/kernel/libkernel.a(sched.c.obj)
 .text.z_abort_thread_timeout
                0x00000000080041da        0xa zephyr/kernel/libkernel.a(sched.c.obj)
 .text.unpend_all
                0x00000000080041e4       0x46 zephyr/kernel/libkernel.a(sched.c.obj)
 .text.pend_locked
                0x000000000800422a       0x18 zephyr/kernel/libkernel.a(sched.c.obj)
 .text.z_ready_thread
                0x0000000008004242       0x36 zephyr/kernel/libkernel.a(sched.c.obj)
                0x0000000008004242                z_ready_thread
 .text.z_sched_wake_thread_locked
                0x0000000008004278       0x34 zephyr/kernel/libkernel.a(sched.c.obj)
                0x0000000008004278                z_sched_wake_thread_locked
 .text.z_thread_timeout
                0x00000000080042ac       0x2e zephyr/kernel/libkernel.a(sched.c.obj)
                0x00000000080042ac                z_thread_timeout
 .text.z_reschedule_unlocked
                0x00000000080042da       0x16 zephyr/kernel/libkernel.a(sched.c.obj)
 .text.init_ready_q
                0x00000000080042f0        0x8 zephyr/kernel/libkernel.a(sched.c.obj)
                0x00000000080042f0                init_ready_q
 .text.z_sched_waitq_walk
                0x00000000080042f8       0xa2 zephyr/kernel/libkernel.a(sched.c.obj)
                0x00000000080042f8                z_sched_waitq_walk
 .text.remove_timeout
                0x000000000800439a       0x2e zephyr/kernel/libkernel.a(timeout.c.obj)
 .text.next_timeout
                0x00000000080043c8       0x36 zephyr/kernel/libkernel.a(timeout.c.obj)
 .text.z_abort_timeout
                0x00000000080043fe       0x5e zephyr/kernel/libkernel.a(timeout.c.obj)
                0x00000000080043fe                z_abort_timeout
 .text.are_wait_conditions_met
                0x000000000800445c       0x12 zephyr/kernel/libkernel.a(events.c.obj)
 .text.event_walk_op
                0x000000000800446e       0x3c zephyr/kernel/libkernel.a(events.c.obj)
 .text.k_event_wait_internal
                0x00000000080044aa       0xa2 zephyr/kernel/libkernel.a(events.c.obj)
 .text.z_impl_k_event_init
                0x000000000800454c        0xa zephyr/kernel/libkernel.a(events.c.obj)
                0x000000000800454c                z_impl_k_event_init
 .text.z_impl_k_event_post
                0x0000000008004556        0xa zephyr/kernel/libkernel.a(events.c.obj)
                0x0000000008004556                z_impl_k_event_post
 .text.z_impl_k_event_wait
                0x0000000008004560       0x1c zephyr/kernel/libkernel.a(events.c.obj)
                0x0000000008004560                z_impl_k_event_wait
 .text.k_heap_init
                0x000000000800457c       0x10 zephyr/kernel/libkernel.a(kheap.c.obj)
                0x000000000800457c                k_heap_init
 .text.memcpy   0x000000000800458c       0x1c c:\users\ray45\zephyr-sdk-0.17.4\arm-zephyr-eabi\bin\../lib/gcc/../../picolibc/arm-zephyr-eabi/lib/thumb/v7e-m/nofp\libc.a(memcpy.c.o)
                0x000000000800458c                __aeabi_memcpy
                0x000000000800458c                __aeabi_memcpy4
                0x000000000800458c                __aeabi_memcpy8
                0x000000000800458c                memcpy
 .text.memset   0x00000000080045a8       0x10 c:\users\ray45\zephyr-sdk-0.17.4\arm-zephyr-eabi\bin\../lib/gcc/../../picolibc/arm-zephyr-eabi/lib/thumb/v7e-m/nofp\libc.a(memset.c.o)
                0x00000000080045a8                memset
 .text.strncpy  0x00000000080045b8       0x20 c:\users\ray45\zephyr-sdk-0.17.4\arm-zephyr-eabi\bin\../lib/gcc/../../picolibc/arm-zephyr-eabi/lib/thumb/v7e-m/nofp\libc.a(libc_string_strncpy.c.o)
                0x00000000080045b8                strncpy
 .text.strnlen  0x00000000080045d8       0x18 c:\users\ray45\zephyr-sdk-0.17.4\arm-zephyr-eabi\bin\../lib/gcc/../../picolibc/arm-zephyr-eabi/lib/thumb/v7e-m/nofp\libc.a(libc_string_strnlen.c.o)
                0x00000000080045d8                strnlen
 .text.__ultoa_invert
                0x00000000080045f0       0xae c:\users\ray45\zephyr-sdk-0.17.4\arm-zephyr-eabi\bin\../lib/gcc/../../picolibc/arm-zephyr-eabi/lib/thumb/v7e-m/nofp\libc.a(libc_tinystdio_vflprintf.c.o)
 *(SORT_BY_ALIGNMENT(.gnu.linkonce.t.*))
 *(SORT_BY_ALIGNMENT(.glue_7t))
 .glue_7t       0x000000000800469e        0x0 linker stubs
 *(SORT_BY_ALIGNMENT(.glue_7))
 .glue_7        0x000000000800469e        0x0 linker stubs
 *(SORT_BY_ALIGNMENT(.vfp11_veneer))
 .vfp11_veneer  0x000000000800469e        0x0 linker stubs
 *(SORT_BY_ALIGNMENT(.v4_bx))
 .v4_bx         0x000000000800469e        0x0 linker stubs
                0x00000000080046a0                . = ALIGN (0x4)
 *fill*         0x000000000800469e        0x2 
                0x00000000080046a0                __text_region_end = .

.ARM.exidx      0x00000000080046a0        0x0
                0x00000000080046a0                __exidx_start = .
 *(SORT_BY_ALIGNMENT(.ARM.exidx*) SORT_BY_ALIGNMENT(gnu.linkonce.armexidx.*))
                0x00000000080046a0                __exidx_end = .
                0x00000000080046a0                __rodata_region_start = .

initlevel       0x00000000080046a0       0x98
                0x00000000080046a0                __init_start = .
                0x00000000080046a0                __init_EARLY_start = .
 *(SORT_BY_NAME(SORT_BY_ALIGNMENT(.z_init_EARLY_P_?_*)))
 *(SORT_BY_NAME(SORT_BY_ALIGNMENT(.z_init_EARLY_P_??_*)))
 *(SORT_BY_NAME(SORT_BY_ALIGNMENT(.z_init_EARLY_P_???_*)))
                0x00000000080046a0                __init_PRE_KERNEL_1_start = .
 *(SORT_BY_NAME(SORT_BY_ALIGNMENT(.z_init_PRE_KERNEL_1_P_?_*)))
 .z_init_PRE_KERNEL_1_P_1_SUB_00009_
                0x00000000080046a0        0x8 zephyr/drivers/clock_control/libdrivers__clock_control.a(clock_stm32_ll_common.c.obj)
 .z_init_PRE_KERNEL_1_P_1_SUB_0_
                0x00000000080046a8        0x8 zephyr/libzephyr.a(soc_config.c.obj)
 *(SORT_BY_NAME(SORT_BY_ALIGNMENT(.z_init_PRE_KERNEL_1_P_??_*)))
 .z_init_PRE_KERNEL_1_P_30_SUB_0_
                0x00000000080046b0        0x8 zephyr/kernel/libkernel.a(kheap.c.obj)
 .z_init_PRE_KERNEL_1_P_35_SUB_00056_
                0x00000000080046b8        0x8 zephyr/drivers/reset/libdrivers__reset.a(reset_stm32.c.obj)
 .z_init_PRE_KERNEL_1_P_40_SUB_00030_
                0x00000000080046c0        0x8 zephyr/drivers/gpio/libdrivers__gpio.a(gpio_stm32.c.obj)
 .z_init_PRE_KERNEL_1_P_40_SUB_00046_
                0x00000000080046c8        0x8 zephyr/drivers/gpio/libdrivers__gpio.a(gpio_stm32.c.obj)
 .z_init_PRE_KERNEL_1_P_40_SUB_00049_
                0x00000000080046d0        0x8 zephyr/drivers/gpio/libdrivers__gpio.a(gpio_stm32.c.obj)
 .z_init_PRE_KERNEL_1_P_40_SUB_00063_
                0x00000000080046d8        0x8 zephyr/drivers/interrupt_controller/libdrivers__interrupt_controller.a(intc_exti_stm32.c.obj)
 .z_init_PRE_KERNEL_1_P_40_SUB_00105_
                0x00000000080046e0        0x8 zephyr/drivers/gpio/libdrivers__gpio.a(gpio_stm32.c.obj)
 .z_init_PRE_KERNEL_1_P_40_SUB_00108_
                0x00000000080046e8        0x8 zephyr/drivers/gpio/libdrivers__gpio.a(gpio_stm32.c.obj)
 .z_init_PRE_KERNEL_1_P_40_SUB_00109_
                0x00000000080046f0        0x8 zephyr/drivers/gpio/libdrivers__gpio.a(gpio_stm32.c.obj)
 .z_init_PRE_KERNEL_1_P_40_SUB_00110_
                0x00000000080046f8        0x8 zephyr/drivers/gpio/libdrivers__gpio.a(gpio_stm32.c.obj)
 .z_init_PRE_KERNEL_1_P_40_SUB_00111_
                0x0000000008004700        0x8 zephyr/drivers/gpio/libdrivers__gpio.a(gpio_stm32.c.obj)
 .z_init_PRE_KERNEL_1_P_40_SUB_00120_
                0x0000000008004708        0x8 zephyr/drivers/gpio/libdrivers__gpio.a(gpio_stm32.c.obj)
 .z_init_PRE_KERNEL_1_P_40_SUB_0_
                0x0000000008004710        0x8 zephyr/drivers/interrupt_controller/libdrivers__interrupt_controller.a(intc_gpio_stm32.c.obj)
 .z_init_PRE_KERNEL_1_P_50_SUB_00083_
                0x0000000008004718        0x8 zephyr/drivers/serial/libdrivers__serial.a(uart_stm32.c.obj)
 .z_init_PRE_KERNEL_1_P_60_SUB_0_
                0x0000000008004720        0x8 zephyr/drivers/console/libdrivers__console.a(uart_console.c.obj)
 *(SORT_BY_NAME(SORT_BY_ALIGNMENT(.z_init_PRE_KERNEL_1_P_???_*)))
                0x0000000008004728                __init_PRE_KERNEL_2_start = .
 *(SORT_BY_NAME(SORT_BY_ALIGNMENT(.z_init_PRE_KERNEL_2_P_?_*)))
 .z_init_PRE_KERNEL_2_P_0_SUB_0_
                0x0000000008004728        0x8 zephyr/drivers/timer/libdrivers__timer.a(cortex_m_systick.c.obj)
 *(SORT_BY_NAME(SORT_BY_ALIGNMENT(.z_init_PRE_KERNEL_2_P_??_*)))
 *(SORT_BY_NAME(SORT_BY_ALIGNMENT(.z_init_PRE_KERNEL_2_P_???_*)))
                0x0000000008004730                __init_POST_KERNEL_start = .
 *(SORT_BY_NAME(SORT_BY_ALIGNMENT(.z_init_POST_KERNEL_P_?_*)))
 *(SORT_BY_NAME(SORT_BY_ALIGNMENT(.z_init_POST_KERNEL_P_??_*)))
 .z_init_POST_KERNEL_P_35_SUB_0_
                0x0000000008004730        0x8 zephyr/lib/libc/common/liblib__libc__common.a(malloc.c.obj)
 *(SORT_BY_NAME(SORT_BY_ALIGNMENT(.z_init_POST_KERNEL_P_???_*)))
                0x0000000008004738                __init_APPLICATION_start = .
 *(SORT_BY_NAME(SORT_BY_ALIGNMENT(.z_init_APPLICATION_P_?_*)))
 *(SORT_BY_NAME(SORT_BY_ALIGNMENT(.z_init_APPLICATION_P_??_*)))
 *(SORT_BY_NAME(SORT_BY_ALIGNMENT(.z_init_APPLICATION_P_???_*)))
                0x0000000008004738                __init_SMP_start = .
 *(SORT_BY_NAME(SORT_BY_ALIGNMENT(.z_init_SMP_P_?_*)))
 *(SORT_BY_NAME(SORT_BY_ALIGNMENT(.z_init_SMP_P_??_*)))
 *(SORT_BY_NAME(SORT_BY_ALIGNMENT(.z_init_SMP_P_???_*)))
                0x0000000008004738                __init_end = .

device_area     0x0000000008004738      0x16c
                0x0000000008004738                _device_list_start = .
 *(SORT_BY_NAME(SORT_BY_ALIGNMENT(._device.static.*_?_*)))
 ._device.static.1_1_
                0x0000000008004738       0x1c zephyr/drivers/clock_control/libdrivers__clock_control.a(clock_stm32_ll_common.c.obj)
                0x0000000008004738                __device_dts_ord_9
 *(SORT_BY_NAME(SORT_BY_ALIGNMENT(._device.static.*_??_*)))
 ._device.static.1_35_
                0x0000000008004754       0x1c zephyr/drivers/reset/libdrivers__reset.a(reset_stm32.c.obj)
                0x0000000008004754                __device_dts_ord_56
 ._device.static.1_40_
                0x0000000008004770       0x1c zephyr/drivers/interrupt_controller/libdrivers__interrupt_controller.a(intc_exti_stm32.c.obj)
                0x0000000008004770                __device_dts_ord_63
 ._device.static.1_40_
                0x000000000800478c       0xfc zephyr/drivers/gpio/libdrivers__gpio.a(gpio_stm32.c.obj)
                0x000000000800478c                __device_dts_ord_111
                0x00000000080047a8                __device_dts_ord_110
                0x00000000080047c4                __device_dts_ord_109
                0x00000000080047e0                __device_dts_ord_108
                0x00000000080047fc                __device_dts_ord_120
                0x0000000008004818                __device_dts_ord_105
                0x0000000008004834                __device_dts_ord_46
                0x0000000008004850                __device_dts_ord_30
                0x000000000800486c                __device_dts_ord_49
 ._device.static.1_50_
                0x0000000008004888       0x1c zephyr/drivers/serial/libdrivers__serial.a(uart_stm32.c.obj)
                0x0000000008004888                __device_dts_ord_83
 *(SORT_BY_NAME(SORT_BY_ALIGNMENT(._device.static.*_???_*)))
 *(SORT_BY_NAME(SORT_BY_ALIGNMENT(._device.static.*_????_*)))
 *(SORT_BY_NAME(SORT_BY_ALIGNMENT(._device.static.*_?????_*)))
                0x00000000080048a4                _device_list_end = .

sw_isr_table    0x00000000080048a4      0x2f8
                0x00000000080048a4                . = ALIGN (0x4)
 *(SORT_BY_ALIGNMENT(.gnu.linkonce.sw_isr_table*))
 .gnu.linkonce.sw_isr_table
                0x00000000080048a4      0x2f8 zephyr/CMakeFiles/zephyr_final.dir/isr_tables.c.obj
                0x00000000080048a4                _sw_isr_table

initlevel_error
                0x00000000080046a0        0x0
 *(SORT_BY_NAME(SORT_BY_ALIGNMENT(.z_init_*)))
                0x0000000000000001                ASSERT ((SIZEOF (initlevel_error) == 0x0), Undefined initialization levels used.)

app_shmem_regions
                0x0000000008004b9c        0x0
                0x0000000008004b9c                __app_shmem_regions_start = .
 *(SORT_BY_NAME(SORT_BY_ALIGNMENT(.app_regions.*)))
                0x0000000008004b9c                __app_shmem_regions_end = .

k_p4wq_initparam_area
                0x0000000008004b9c        0x0
                0x0000000008004b9c                _k_p4wq_initparam_list_start = .
 *(SORT_BY_NAME(SORT_BY_ALIGNMENT(._k_p4wq_initparam.static.*)))
                0x0000000008004b9c                _k_p4wq_initparam_list_end = .

_static_thread_data_area
                0x0000000008004ba0       0x30
                0x0000000008004ba0                __static_thread_data_list_start = .
 *(SORT_BY_NAME(SORT_BY_ALIGNMENT(.__static_thread_data.static.*)))
 .__static_thread_data.static._k_thread_data_logic_tid_
                0x0000000008004ba0       0x30 app/libapp.a(main.c.obj)
                0x0000000008004ba0                _k_thread_data_logic_tid
                0x0000000008004bd0                __static_thread_data_list_end = .

device_deps     0x0000000008004bd0        0x0
                0x0000000008004bd0                __device_deps_start = .
 *(SORT_BY_NAME(SORT_BY_ALIGNMENT(.__device_deps_pass2*)))
                0x0000000008004bd0                __device_deps_end = .

gpio_driver_api_area
                0x0000000008004bd0       0x24
                0x0000000008004bd0                _gpio_driver_api_list_start = .
 *(SORT_BY_NAME(SORT_BY_ALIGNMENT(._gpio_driver_api.static.*)))
 ._gpio_driver_api.static.gpio_stm32_driver_
                0x0000000008004bd0       0x24 zephyr/drivers/gpio/libdrivers__gpio.a(gpio_stm32.c.obj)
                0x0000000008004bf4                _gpio_driver_api_list_end = .

reset_driver_api_area
                0x0000000008004bf4       0x10
                0x0000000008004bf4                _reset_driver_api_list_start = .
 *(SORT_BY_NAME(SORT_BY_ALIGNMENT(._reset_driver_api.static.*)))
 ._reset_driver_api.static.reset_stm32_driver_api_
                0x0000000008004bf4       0x10 zephyr/drivers/reset/libdrivers__reset.a(reset_stm32.c.obj)
                0x0000000008004c04                _reset_driver_api_list_end = .

shared_irq_driver_api_area
                0x0000000008004c04        0x0
                0x0000000008004c04                _shared_irq_driver_api_list_start = .
 *(SORT_BY_NAME(SORT_BY_ALIGNMENT(._shared_irq_driver_api.static.*)))
                0x0000000008004c04                _shared_irq_driver_api_list_end = .

crypto_driver_api_area
                0x0000000008004c04        0x0
                0x0000000008004c04                _crypto_driver_api_list_start = .
 *(SORT_BY_NAME(SORT_BY_ALIGNMENT(._crypto_driver_api.static.*)))
                0x0000000008004c04                _crypto_driver_api_list_end = .

adc_driver_api_area
                0x0000000008004c04        0x0
                0x0000000008004c04                _adc_driver_api_list_start = .
 *(SORT_BY_NAME(SORT_BY_ALIGNMENT(._adc_driver_api.static.*)))
                0x0000000008004c04                _adc_driver_api_list_end = .

auxdisplay_driver_api_area
                0x0000000008004c04        0x0
                0x0000000008004c04                _auxdisplay_driver_api_list_start = .
 *(SORT_BY_NAME(SORT_BY_ALIGNMENT(._auxdisplay_driver_api.static.*)))
                0x0000000008004c04                _auxdisplay_driver_api_list_end = .

bbram_driver_api_area
                0x0000000008004c04        0x0
                0x0000000008004c04                _bbram_driver_api_list_start = .
 *(SORT_BY_NAME(SORT_BY_ALIGNMENT(._bbram_driver_api.static.*)))
                0x0000000008004c04                _bbram_driver_api_list_end = .

biometric_driver_api_area
                0x0000000008004c04        0x0
                0x0000000008004c04                _biometric_driver_api_list_start = .
 *(SORT_BY_NAME(SORT_BY_ALIGNMENT(._biometric_driver_api.static.*)))
                0x0000000008004c04                _biometric_driver_api_list_end = .

bt_hci_driver_api_area
                0x0000000008004c04        0x0
                0x0000000008004c04                _bt_hci_driver_api_list_start = .
 *(SORT_BY_NAME(SORT_BY_ALIGNMENT(._bt_hci_driver_api.static.*)))
                0x0000000008004c04                _bt_hci_driver_api_list_end = .

can_driver_api_area
                0x0000000008004c04        0x0
                0x0000000008004c04                _can_driver_api_list_start = .
 *(SORT_BY_NAME(SORT_BY_ALIGNMENT(._can_driver_api.static.*)))
                0x0000000008004c04                _can_driver_api_list_end = .

cellular_driver_api_area
                0x0000000008004c04        0x0
                0x0000000008004c04                _cellular_driver_api_list_start = .
 *(SORT_BY_NAME(SORT_BY_ALIGNMENT(._cellular_driver_api.static.*)))
                0x0000000008004c04                _cellular_driver_api_list_end = .

charger_driver_api_area
                0x0000000008004c04        0x0
                0x0000000008004c04                _charger_driver_api_list_start = .
 *(SORT_BY_NAME(SORT_BY_ALIGNMENT(._charger_driver_api.static.*)))
                0x0000000008004c04                _charger_driver_api_list_end = .

clock_control_driver_api_area
                0x0000000008004c04       0x1c
                0x0000000008004c04                _clock_control_driver_api_list_start = .
 *(SORT_BY_NAME(SORT_BY_ALIGNMENT(._clock_control_driver_api.static.*)))
 ._clock_control_driver_api.static.stm32_clock_control_api_
                0x0000000008004c04       0x1c zephyr/drivers/clock_control/libdrivers__clock_control.a(clock_stm32_ll_common.c.obj)
                0x0000000008004c20                _clock_control_driver_api_list_end = .

comparator_driver_api_area
                0x0000000008004c20        0x0
                0x0000000008004c20                _comparator_driver_api_list_start = .
 *(SORT_BY_NAME(SORT_BY_ALIGNMENT(._comparator_driver_api.static.*)))
                0x0000000008004c20                _comparator_driver_api_list_end = .

coredump_driver_api_area
                0x0000000008004c20        0x0
                0x0000000008004c20                _coredump_driver_api_list_start = .
 *(SORT_BY_NAME(SORT_BY_ALIGNMENT(._coredump_driver_api.static.*)))
                0x0000000008004c20                _coredump_driver_api_list_end = .

counter_driver_api_area
                0x0000000008004c20        0x0
                0x0000000008004c20                _counter_driver_api_list_start = .
 *(SORT_BY_NAME(SORT_BY_ALIGNMENT(._counter_driver_api.static.*)))
                0x0000000008004c20                _counter_driver_api_list_end = .

crc_driver_api_area
                0x0000000008004c20        0x0
                0x0000000008004c20                _crc_driver_api_list_start = .
 *(SORT_BY_NAME(SORT_BY_ALIGNMENT(._crc_driver_api.static.*)))
                0x0000000008004c20                _crc_driver_api_list_end = .

dac_driver_api_area
                0x0000000008004c20        0x0
                0x0000000008004c20                _dac_driver_api_list_start = .
 *(SORT_BY_NAME(SORT_BY_ALIGNMENT(._dac_driver_api.static.*)))
                0x0000000008004c20                _dac_driver_api_list_end = .

dai_driver_api_area
                0x0000000008004c20        0x0
                0x0000000008004c20                _dai_driver_api_list_start = .
 *(SORT_BY_NAME(SORT_BY_ALIGNMENT(._dai_driver_api.static.*)))
                0x0000000008004c20                _dai_driver_api_list_end = .

display_driver_api_area
                0x0000000008004c20        0x0
                0x0000000008004c20                _display_driver_api_list_start = .
 *(SORT_BY_NAME(SORT_BY_ALIGNMENT(._display_driver_api.static.*)))
                0x0000000008004c20                _display_driver_api_list_end = .

dma_driver_api_area
                0x0000000008004c20        0x0
                0x0000000008004c20                _dma_driver_api_list_start = .
 *(SORT_BY_NAME(SORT_BY_ALIGNMENT(._dma_driver_api.static.*)))
                0x0000000008004c20                _dma_driver_api_list_end = .

edac_driver_api_area
                0x0000000008004c20        0x0
                0x0000000008004c20                _edac_driver_api_list_start = .
 *(SORT_BY_NAME(SORT_BY_ALIGNMENT(._edac_driver_api.static.*)))
                0x0000000008004c20                _edac_driver_api_list_end = .

eeprom_driver_api_area
                0x0000000008004c20        0x0
                0x0000000008004c20                _eeprom_driver_api_list_start = .
 *(SORT_BY_NAME(SORT_BY_ALIGNMENT(._eeprom_driver_api.static.*)))
                0x0000000008004c20                _eeprom_driver_api_list_end = .

emul_bbram_driver_api_area
                0x0000000008004c20        0x0
                0x0000000008004c20                _emul_bbram_driver_api_list_start = .
 *(SORT_BY_NAME(SORT_BY_ALIGNMENT(._emul_bbram_driver_api.static.*)))
                0x0000000008004c20                _emul_bbram_driver_api_list_end = .

fuel_gauge_emul_driver_api_area
                0x0000000008004c20        0x0
                0x0000000008004c20                _fuel_gauge_emul_driver_api_list_start = .
 *(SORT_BY_NAME(SORT_BY_ALIGNMENT(._fuel_gauge_emul_driver_api.static.*)))
                0x0000000008004c20                _fuel_gauge_emul_driver_api_list_end = .

emul_sensor_driver_api_area
                0x0000000008004c20        0x0
                0x0000000008004c20                _emul_sensor_driver_api_list_start = .
 *(SORT_BY_NAME(SORT_BY_ALIGNMENT(._emul_sensor_driver_api.static.*)))
                0x0000000008004c20                _emul_sensor_driver_api_list_end = .

entropy_driver_api_area
                0x0000000008004c20        0x0
                0x0000000008004c20                _entropy_driver_api_list_start = .
 *(SORT_BY_NAME(SORT_BY_ALIGNMENT(._entropy_driver_api.static.*)))
                0x0000000008004c20                _entropy_driver_api_list_end = .

espi_driver_api_area
                0x0000000008004c20        0x0
                0x0000000008004c20                _espi_driver_api_list_start = .
 *(SORT_BY_NAME(SORT_BY_ALIGNMENT(._espi_driver_api.static.*)))
                0x0000000008004c20                _espi_driver_api_list_end = .

espi_saf_driver_api_area
                0x0000000008004c20        0x0
                0x0000000008004c20                _espi_saf_driver_api_list_start = .
 *(SORT_BY_NAME(SORT_BY_ALIGNMENT(._espi_saf_driver_api.static.*)))
                0x0000000008004c20                _espi_saf_driver_api_list_end = .

flash_driver_api_area
                0x0000000008004c20        0x0
                0x0000000008004c20                _flash_driver_api_list_start = .
 *(SORT_BY_NAME(SORT_BY_ALIGNMENT(._flash_driver_api.static.*)))
                0x0000000008004c20                _flash_driver_api_list_end = .

fpga_driver_api_area
                0x0000000008004c20        0x0
                0x0000000008004c20                _fpga_driver_api_list_start = .
 *(SORT_BY_NAME(SORT_BY_ALIGNMENT(._fpga_driver_api.static.*)))
                0x0000000008004c20                _fpga_driver_api_list_end = .

fuel_gauge_driver_api_area
                0x0000000008004c20        0x0
                0x0000000008004c20                _fuel_gauge_driver_api_list_start = .
 *(SORT_BY_NAME(SORT_BY_ALIGNMENT(._fuel_gauge_driver_api.static.*)))
                0x0000000008004c20                _fuel_gauge_driver_api_list_end = .

gnss_driver_api_area
                0x0000000008004c20        0x0
                0x0000000008004c20                _gnss_driver_api_list_start = .
 *(SORT_BY_NAME(SORT_BY_ALIGNMENT(._gnss_driver_api.static.*)))
                0x0000000008004c20                _gnss_driver_api_list_end = .

haptics_driver_api_area
                0x0000000008004c20        0x0
                0x0000000008004c20                _haptics_driver_api_list_start = .
 *(SORT_BY_NAME(SORT_BY_ALIGNMENT(._haptics_driver_api.static.*)))
                0x0000000008004c20                _haptics_driver_api_list_end = .

hwspinlock_driver_api_area
                0x0000000008004c20        0x0
                0x0000000008004c20                _hwspinlock_driver_api_list_start = .
 *(SORT_BY_NAME(SORT_BY_ALIGNMENT(._hwspinlock_driver_api.static.*)))
                0x0000000008004c20                _hwspinlock_driver_api_list_end = .

i2c_driver_api_area
                0x0000000008004c20        0x0
                0x0000000008004c20                _i2c_driver_api_list_start = .
 *(SORT_BY_NAME(SORT_BY_ALIGNMENT(._i2c_driver_api.static.*)))
                0x0000000008004c20                _i2c_driver_api_list_end = .

i2c_target_driver_api_area
                0x0000000008004c20        0x0
                0x0000000008004c20                _i2c_target_driver_api_list_start = .
 *(SORT_BY_NAME(SORT_BY_ALIGNMENT(._i2c_target_driver_api.static.*)))
                0x0000000008004c20                _i2c_target_driver_api_list_end = .

i2s_driver_api_area
                0x0000000008004c20        0x0
                0x0000000008004c20                _i2s_driver_api_list_start = .
 *(SORT_BY_NAME(SORT_BY_ALIGNMENT(._i2s_driver_api.static.*)))
                0x0000000008004c20                _i2s_driver_api_list_end = .

i3c_driver_api_area
                0x0000000008004c20        0x0
                0x0000000008004c20                _i3c_driver_api_list_start = .
 *(SORT_BY_NAME(SORT_BY_ALIGNMENT(._i3c_driver_api.static.*)))
                0x0000000008004c20                _i3c_driver_api_list_end = .

ipm_driver_api_area
                0x0000000008004c20        0x0
                0x0000000008004c20                _ipm_driver_api_list_start = .
 *(SORT_BY_NAME(SORT_BY_ALIGNMENT(._ipm_driver_api.static.*)))
                0x0000000008004c20                _ipm_driver_api_list_end = .

led_driver_api_area
                0x0000000008004c20        0x0
                0x0000000008004c20                _led_driver_api_list_start = .
 *(SORT_BY_NAME(SORT_BY_ALIGNMENT(._led_driver_api.static.*)))
                0x0000000008004c20                _led_driver_api_list_end = .

led_strip_driver_api_area
                0x0000000008004c20        0x0
                0x0000000008004c20                _led_strip_driver_api_list_start = .
 *(SORT_BY_NAME(SORT_BY_ALIGNMENT(._led_strip_driver_api.static.*)))
                0x0000000008004c20                _led_strip_driver_api_list_end = .

lora_driver_api_area
                0x0000000008004c20        0x0
                0x0000000008004c20                _lora_driver_api_list_start = .
 *(SORT_BY_NAME(SORT_BY_ALIGNMENT(._lora_driver_api.static.*)))
                0x0000000008004c20                _lora_driver_api_list_end = .

mbox_driver_api_area
                0x0000000008004c20        0x0
                0x0000000008004c20                _mbox_driver_api_list_start = .
 *(SORT_BY_NAME(SORT_BY_ALIGNMENT(._mbox_driver_api.static.*)))
                0x0000000008004c20                _mbox_driver_api_list_end = .

mdio_driver_api_area
                0x0000000008004c20        0x0
                0x0000000008004c20                _mdio_driver_api_list_start = .
 *(SORT_BY_NAME(SORT_BY_ALIGNMENT(._mdio_driver_api.static.*)))
                0x0000000008004c20                _mdio_driver_api_list_end = .

mipi_dbi_driver_api_area
                0x0000000008004c20        0x0
                0x0000000008004c20                _mipi_dbi_driver_api_list_start = .
 *(SORT_BY_NAME(SORT_BY_ALIGNMENT(._mipi_dbi_driver_api.static.*)))
                0x0000000008004c20                _mipi_dbi_driver_api_list_end = .

mipi_dsi_driver_api_area
                0x0000000008004c20        0x0
                0x0000000008004c20                _mipi_dsi_driver_api_list_start = .
 *(SORT_BY_NAME(SORT_BY_ALIGNMENT(._mipi_dsi_driver_api.static.*)))
                0x0000000008004c20                _mipi_dsi_driver_api_list_end = .

mspi_driver_api_area
                0x0000000008004c20        0x0
                0x0000000008004c20                _mspi_driver_api_list_start = .
 *(SORT_BY_NAME(SORT_BY_ALIGNMENT(._mspi_driver_api.static.*)))
                0x0000000008004c20                _mspi_driver_api_list_end = .

opamp_driver_api_area
                0x0000000008004c20        0x0
                0x0000000008004c20                _opamp_driver_api_list_start = .
 *(SORT_BY_NAME(SORT_BY_ALIGNMENT(._opamp_driver_api.static.*)))
                0x0000000008004c20                _opamp_driver_api_list_end = .

otp_driver_api_area
                0x0000000008004c20        0x0
                0x0000000008004c20                _otp_driver_api_list_start = .
 *(SORT_BY_NAME(SORT_BY_ALIGNMENT(._otp_driver_api.static.*)))
                0x0000000008004c20                _otp_driver_api_list_end = .

peci_driver_api_area
                0x0000000008004c20        0x0
                0x0000000008004c20                _peci_driver_api_list_start = .
 *(SORT_BY_NAME(SORT_BY_ALIGNMENT(._peci_driver_api.static.*)))
                0x0000000008004c20                _peci_driver_api_list_end = .

ps2_driver_api_area
                0x0000000008004c20        0x0
                0x0000000008004c20                _ps2_driver_api_list_start = .
 *(SORT_BY_NAME(SORT_BY_ALIGNMENT(._ps2_driver_api.static.*)))
                0x0000000008004c20                _ps2_driver_api_list_end = .

ptp_clock_driver_api_area
                0x0000000008004c20        0x0
                0x0000000008004c20                _ptp_clock_driver_api_list_start = .
 *(SORT_BY_NAME(SORT_BY_ALIGNMENT(._ptp_clock_driver_api.static.*)))
                0x0000000008004c20                _ptp_clock_driver_api_list_end = .

pwm_driver_api_area
                0x0000000008004c20        0x0
                0x0000000008004c20                _pwm_driver_api_list_start = .
 *(SORT_BY_NAME(SORT_BY_ALIGNMENT(._pwm_driver_api.static.*)))
                0x0000000008004c20                _pwm_driver_api_list_end = .

regulator_parent_driver_api_area
                0x0000000008004c20        0x0
                0x0000000008004c20                _regulator_parent_driver_api_list_start = .
 *(SORT_BY_NAME(SORT_BY_ALIGNMENT(._regulator_parent_driver_api.static.*)))
                0x0000000008004c20                _regulator_parent_driver_api_list_end = .

regulator_driver_api_area
                0x0000000008004c20        0x0
                0x0000000008004c20                _regulator_driver_api_list_start = .
 *(SORT_BY_NAME(SORT_BY_ALIGNMENT(._regulator_driver_api.static.*)))
                0x0000000008004c20                _regulator_driver_api_list_end = .

retained_mem_driver_api_area
                0x0000000008004c20        0x0
                0x0000000008004c20                _retained_mem_driver_api_list_start = .
 *(SORT_BY_NAME(SORT_BY_ALIGNMENT(._retained_mem_driver_api.static.*)))
                0x0000000008004c20                _retained_mem_driver_api_list_end = .

rtc_driver_api_area
                0x0000000008004c20        0x0
                0x0000000008004c20                _rtc_driver_api_list_start = .
 *(SORT_BY_NAME(SORT_BY_ALIGNMENT(._rtc_driver_api.static.*)))
                0x0000000008004c20                _rtc_driver_api_list_end = .

sdhc_driver_api_area
                0x0000000008004c20        0x0
                0x0000000008004c20                _sdhc_driver_api_list_start = .
 *(SORT_BY_NAME(SORT_BY_ALIGNMENT(._sdhc_driver_api.static.*)))
                0x0000000008004c20                _sdhc_driver_api_list_end = .

sensor_driver_api_area
                0x0000000008004c20        0x0
                0x0000000008004c20                _sensor_driver_api_list_start = .
 *(SORT_BY_NAME(SORT_BY_ALIGNMENT(._sensor_driver_api.static.*)))
                0x0000000008004c20                _sensor_driver_api_list_end = .

smbus_driver_api_area
                0x0000000008004c20        0x0
                0x0000000008004c20                _smbus_driver_api_list_start = .
 *(SORT_BY_NAME(SORT_BY_ALIGNMENT(._smbus_driver_api.static.*)))
                0x0000000008004c20                _smbus_driver_api_list_end = .

spi_driver_api_area
                0x0000000008004c20        0x0
                0x0000000008004c20                _spi_driver_api_list_start = .
 *(SORT_BY_NAME(SORT_BY_ALIGNMENT(._spi_driver_api.static.*)))
                0x0000000008004c20                _spi_driver_api_list_end = .

syscon_driver_api_area
                0x0000000008004c20        0x0
                0x0000000008004c20                _syscon_driver_api_list_start = .
 *(SORT_BY_NAME(SORT_BY_ALIGNMENT(._syscon_driver_api.static.*)))
                0x0000000008004c20                _syscon_driver_api_list_end = .

tee_driver_api_area
                0x0000000008004c20        0x0
                0x0000000008004c20                _tee_driver_api_list_start = .
 *(SORT_BY_NAME(SORT_BY_ALIGNMENT(._tee_driver_api.static.*)))
                0x0000000008004c20                _tee_driver_api_list_end = .

video_driver_api_area
                0x0000000008004c20        0x0
                0x0000000008004c20                _video_driver_api_list_start = .
 *(SORT_BY_NAME(SORT_BY_ALIGNMENT(._video_driver_api.static.*)))
                0x0000000008004c20                _video_driver_api_list_end = .

virtio_driver_api_area
                0x0000000008004c20        0x0
                0x0000000008004c20                _virtio_driver_api_list_start = .
 *(SORT_BY_NAME(SORT_BY_ALIGNMENT(._virtio_driver_api.static.*)))
                0x0000000008004c20                _virtio_driver_api_list_end = .

w1_driver_api_area
                0x0000000008004c20        0x0
                0x0000000008004c20                _w1_driver_api_list_start = .
 *(SORT_BY_NAME(SORT_BY_ALIGNMENT(._w1_driver_api.static.*)))
                0x0000000008004c20                _w1_driver_api_list_end = .

wdt_driver_api_area
                0x0000000008004c20        0x0
                0x0000000008004c20                _wdt_driver_api_list_start = .
 *(SORT_BY_NAME(SORT_BY_ALIGNMENT(._wdt_driver_api.static.*)))
                0x0000000008004c20                _wdt_driver_api_list_end = .

can_transceiver_driver_api_area
                0x0000000008004c20        0x0
                0x0000000008004c20                _can_transceiver_driver_api_list_start = .
 *(SORT_BY_NAME(SORT_BY_ALIGNMENT(._can_transceiver_driver_api.static.*)))
                0x0000000008004c20                _can_transceiver_driver_api_list_end = .

nrf_clock_control_driver_api_area
                0x0000000008004c20        0x0
                0x0000000008004c20                _nrf_clock_control_driver_api_list_start = .
 *(SORT_BY_NAME(SORT_BY_ALIGNMENT(._nrf_clock_control_driver_api.static.*)))
                0x0000000008004c20                _nrf_clock_control_driver_api_list_end = .

i3c_target_driver_api_area
                0x0000000008004c20        0x0
                0x0000000008004c20                _i3c_target_driver_api_list_start = .
 *(SORT_BY_NAME(SORT_BY_ALIGNMENT(._i3c_target_driver_api.static.*)))
                0x0000000008004c20                _i3c_target_driver_api_list_end = .

its_driver_api_area
                0x0000000008004c20        0x0
                0x0000000008004c20                _its_driver_api_list_start = .
 *(SORT_BY_NAME(SORT_BY_ALIGNMENT(._its_driver_api.static.*)))
                0x0000000008004c20                _its_driver_api_list_end = .

vtd_driver_api_area
                0x0000000008004c20        0x0
                0x0000000008004c20                _vtd_driver_api_list_start = .
 *(SORT_BY_NAME(SORT_BY_ALIGNMENT(._vtd_driver_api.static.*)))
                0x0000000008004c20                _vtd_driver_api_list_end = .

renesas_elc_driver_api_area
                0x0000000008004c20        0x0
                0x0000000008004c20                _renesas_elc_driver_api_list_start = .
 *(SORT_BY_NAME(SORT_BY_ALIGNMENT(._renesas_elc_driver_api.static.*)))
                0x0000000008004c20                _renesas_elc_driver_api_list_end = .

tgpio_driver_api_area
                0x0000000008004c20        0x0
                0x0000000008004c20                _tgpio_driver_api_list_start = .
 *(SORT_BY_NAME(SORT_BY_ALIGNMENT(._tgpio_driver_api.static.*)))
                0x0000000008004c20                _tgpio_driver_api_list_end = .

pcie_ctrl_driver_api_area
                0x0000000008004c20        0x0
                0x0000000008004c20                _pcie_ctrl_driver_api_list_start = .
 *(SORT_BY_NAME(SORT_BY_ALIGNMENT(._pcie_ctrl_driver_api.static.*)))
                0x0000000008004c20                _pcie_ctrl_driver_api_list_end = .

pcie_ep_driver_api_area
                0x0000000008004c20        0x0
                0x0000000008004c20                _pcie_ep_driver_api_list_start = .
 *(SORT_BY_NAME(SORT_BY_ALIGNMENT(._pcie_ep_driver_api.static.*)))
                0x0000000008004c20                _pcie_ep_driver_api_list_end = .

psi5_driver_api_area
                0x0000000008004c20        0x0
                0x0000000008004c20                _psi5_driver_api_list_start = .
 *(SORT_BY_NAME(SORT_BY_ALIGNMENT(._psi5_driver_api.static.*)))
                0x0000000008004c20                _psi5_driver_api_list_end = .

sent_driver_api_area
                0x0000000008004c20        0x0
                0x0000000008004c20                _sent_driver_api_list_start = .
 *(SORT_BY_NAME(SORT_BY_ALIGNMENT(._sent_driver_api.static.*)))
                0x0000000008004c20                _sent_driver_api_list_end = .

svc_driver_api_area
                0x0000000008004c20        0x0
                0x0000000008004c20                _svc_driver_api_list_start = .
 *(SORT_BY_NAME(SORT_BY_ALIGNMENT(._svc_driver_api.static.*)))
                0x0000000008004c20                _svc_driver_api_list_end = .

stepper_driver_api_area
                0x0000000008004c20        0x0
                0x0000000008004c20                _stepper_driver_api_list_start = .
 *(SORT_BY_NAME(SORT_BY_ALIGNMENT(._stepper_driver_api.static.*)))
                0x0000000008004c20                _stepper_driver_api_list_end = .

stepper_ctrl_driver_api_area
                0x0000000008004c20        0x0
                0x0000000008004c20                _stepper_ctrl_driver_api_list_start = .
 *(SORT_BY_NAME(SORT_BY_ALIGNMENT(._stepper_ctrl_driver_api.static.*)))
                0x0000000008004c20                _stepper_ctrl_driver_api_list_end = .

uart_driver_api_area
                0x0000000008004c20       0x4c
                0x0000000008004c20                _uart_driver_api_list_start = .
 *(SORT_BY_NAME(SORT_BY_ALIGNMENT(._uart_driver_api.static.*)))
 ._uart_driver_api.static.uart_stm32_driver_api_
                0x0000000008004c20       0x4c zephyr/drivers/serial/libdrivers__serial.a(uart_stm32.c.obj)
                0x0000000008004c6c                _uart_driver_api_list_end = .

bc12_emul_driver_api_area
                0x0000000008004c6c        0x0
                0x0000000008004c6c                _bc12_emul_driver_api_list_start = .
 *(SORT_BY_NAME(SORT_BY_ALIGNMENT(._bc12_emul_driver_api.static.*)))
                0x0000000008004c6c                _bc12_emul_driver_api_list_end = .

bc12_driver_api_area
                0x0000000008004c6c        0x0
                0x0000000008004c6c                _bc12_driver_api_list_start = .
 *(SORT_BY_NAME(SORT_BY_ALIGNMENT(._bc12_driver_api.static.*)))
                0x0000000008004c6c                _bc12_driver_api_list_end = .

usbc_ppc_driver_api_area
                0x0000000008004c6c        0x0
                0x0000000008004c6c                _usbc_ppc_driver_api_list_start = .
 *(SORT_BY_NAME(SORT_BY_ALIGNMENT(._usbc_ppc_driver_api.static.*)))
                0x0000000008004c6c                _usbc_ppc_driver_api_list_end = .

tcpc_driver_api_area
                0x0000000008004c6c        0x0
                0x0000000008004c6c                _tcpc_driver_api_list_start = .
 *(SORT_BY_NAME(SORT_BY_ALIGNMENT(._tcpc_driver_api.static.*)))
                0x0000000008004c6c                _tcpc_driver_api_list_end = .

usbc_vbus_driver_api_area
                0x0000000008004c6c        0x0
                0x0000000008004c6c                _usbc_vbus_driver_api_list_start = .
 *(SORT_BY_NAME(SORT_BY_ALIGNMENT(._usbc_vbus_driver_api.static.*)))
                0x0000000008004c6c                _usbc_vbus_driver_api_list_end = .

ivshmem_driver_api_area
                0x0000000008004c6c        0x0
                0x0000000008004c6c                _ivshmem_driver_api_list_start = .
 *(SORT_BY_NAME(SORT_BY_ALIGNMENT(._ivshmem_driver_api.static.*)))
                0x0000000008004c6c                _ivshmem_driver_api_list_end = .

ethphy_driver_api_area
                0x0000000008004c6c        0x0
                0x0000000008004c6c                _ethphy_driver_api_list_start = .
 *(SORT_BY_NAME(SORT_BY_ALIGNMENT(._ethphy_driver_api.static.*)))
                0x0000000008004c6c                _ethphy_driver_api_list_end = .

ztest           0x0000000008004c6c        0x0
                0x0000000008004c6c                _ztest_expected_result_entry_list_start = .
 *(SORT_BY_NAME(SORT_BY_ALIGNMENT(._ztest_expected_result_entry.static.*)))
                0x0000000008004c6c                _ztest_expected_result_entry_list_end = .
                0x0000000008004c6c                _ztest_suite_node_list_start = .
 *(SORT_BY_NAME(SORT_BY_ALIGNMENT(._ztest_suite_node.static.*)))
                0x0000000008004c6c                _ztest_suite_node_list_end = .
                0x0000000008004c6c                _ztest_unit_test_list_start = .
 *(SORT_BY_NAME(SORT_BY_ALIGNMENT(._ztest_unit_test.static.*)))
                0x0000000008004c6c                _ztest_unit_test_list_end = .
                0x0000000008004c6c                _ztest_test_rule_list_start = .
 *(SORT_BY_NAME(SORT_BY_ALIGNMENT(._ztest_test_rule.static.*)))
                0x0000000008004c6c                _ztest_test_rule_list_end = .

init_array      0x0000000008004c6c        0x0
                0x0000000008004c6c                __zephyr_init_array_start = .
 *(SORT_BY_INIT_PRIORITY(.init_array.*) SORT_BY_INIT_PRIORITY(.ctors.*))
 *(SORT_BY_ALIGNMENT(.init_array) SORT_BY_ALIGNMENT(.ctors))
                0x0000000008004c6c                __zephyr_init_array_end = .
                0x0000000000000001                ASSERT ((__zephyr_init_array_start == __zephyr_init_array_end), GNU-style constructors required but STATIC_INIT_GNU not enabled)

bt_l2cap_fixed_chan_area
                0x0000000008004c6c        0x0
                0x0000000008004c6c                _bt_l2cap_fixed_chan_list_start = .
 *(SORT_BY_NAME(SORT_BY_ALIGNMENT(._bt_l2cap_fixed_chan.static.*)))
                0x0000000008004c6c                _bt_l2cap_fixed_chan_list_end = .

bt_gatt_service_static_area
                0x0000000008004c6c        0x0
                0x0000000008004c6c                _bt_gatt_service_static_list_start = .
 *(SORT_BY_NAME(SORT_BY_ALIGNMENT(._bt_gatt_service_static.static.*)))
                0x0000000008004c6c                _bt_gatt_service_static_list_end = .

log_strings_area
                0x0000000008004c6c        0x0
                0x0000000008004c6c                _log_strings_list_start = .
 *(SORT_BY_NAME(SORT_BY_ALIGNMENT(._log_strings.static.*)))
                0x0000000008004c6c                _log_strings_list_end = .

log_stmesp_ptr_area
                0x0000000008004c6c        0x0
                0x0000000008004c6c                _log_stmesp_ptr_list_start = .
 *(SORT_BY_NAME(SORT_BY_ALIGNMENT(._log_stmesp_ptr.static.*)))
                0x0000000008004c6c                _log_stmesp_ptr_list_end = .

log_stmesp_str_area
                0x0000000008004c6c        0x0
                0x0000000008004c6c                _log_stmesp_str_list_start = .
 *(SORT_BY_NAME(SORT_BY_ALIGNMENT(._log_stmesp_str.static.*)))
                0x0000000008004c6c                _log_stmesp_str_list_end = .

log_const_area  0x0000000008004c6c        0x0
                0x0000000008004c6c                _log_const_list_start = .
 *(SORT_BY_NAME(SORT_BY_ALIGNMENT(._log_const.static.*)))
                0x0000000008004c6c                _log_const_list_end = .

log_backend_area
                0x0000000008004c6c        0x0
                0x0000000008004c6c                _log_backend_list_start = .
 *(SORT_BY_NAME(SORT_BY_ALIGNMENT(._log_backend.static.*)))
                0x0000000008004c6c                _log_backend_list_end = .

log_link_area   0x0000000008004c6c        0x0
                0x0000000008004c6c                _log_link_list_start = .
 *(SORT_BY_NAME(SORT_BY_ALIGNMENT(._log_link.static.*)))
                0x0000000008004c6c                _log_link_list_end = .

tracing_backend_area
                0x0000000008004c6c        0x0
                0x0000000008004c6c                _tracing_backend_list_start = .
 *(SORT_BY_NAME(SORT_BY_ALIGNMENT(._tracing_backend.static.*)))
                0x0000000008004c6c                _tracing_backend_list_end = .

zephyr_dbg_info
                0x0000000008004c6c       0x44
 *(SORT_BY_ALIGNMENT(.dbg_thread_info))
 .dbg_thread_info
                0x0000000008004c6c       0x44 zephyr/libzephyr.a(thread_info.c.obj)
                0x0000000008004c6c                _kernel_openocd_size_t_size
                0x0000000008004c6c                _kernel_thread_info_size_t_size
                0x0000000008004c70                _kernel_openocd_num_offsets
                0x0000000008004c70                _kernel_thread_info_num_offsets
                0x0000000008004c74                _kernel_openocd_offsets
                0x0000000008004c74                _kernel_thread_info_offsets

intc_table_area
                0x0000000008004cb0        0x0
                0x0000000008004cb0                _intc_table_list_start = .
 *(SORT_BY_NAME(SORT_BY_ALIGNMENT(._intc_table.static.*)))
                0x0000000008004cb0                _intc_table_list_end = .

symbol_to_keep  0x0000000008004cb0        0x0
                0x0000000008004cb0                __symbol_to_keep_start = .
 *(SORT_BY_NAME(SORT_BY_ALIGNMENT(.symbol_to_keep*)))
                0x0000000008004cb0                __symbol_to_keep_end = .

shell_area      0x0000000008004cb0        0x0
                0x0000000008004cb0                _shell_list_start = .
 *(SORT_BY_NAME(SORT_BY_ALIGNMENT(._shell.static.*)))
                0x0000000008004cb0                _shell_list_end = .

shell_root_cmds_area
                0x0000000008004cb0        0x0
                0x0000000008004cb0                _shell_root_cmds_list_start = .
 *(SORT_BY_NAME(SORT_BY_ALIGNMENT(._shell_root_cmds.static.*)))
                0x0000000008004cb0                _shell_root_cmds_list_end = .

shell_subcmds_area
                0x0000000008004cb0        0x0
                0x0000000008004cb0                _shell_subcmds_list_start = .
 *(SORT_BY_NAME(SORT_BY_ALIGNMENT(._shell_subcmds.static.*)))
                0x0000000008004cb0                _shell_subcmds_list_end = .

shell_dynamic_subcmds_area
                0x0000000008004cb0        0x0
                0x0000000008004cb0                _shell_dynamic_subcmds_list_start = .
 *(SORT_BY_NAME(SORT_BY_ALIGNMENT(._shell_dynamic_subcmds.static.*)))
                0x0000000008004cb0                _shell_dynamic_subcmds_list_end = .

cfb_font_area   0x0000000008004cb0        0x0
                0x0000000008004cb0                _cfb_font_list_start = .
 *(SORT_BY_NAME(SORT_BY_ALIGNMENT(._cfb_font.static.*)))
                0x0000000008004cb0                _cfb_font_list_end = .

tdata           0x0000000008004cb0        0x0
 *(SORT_BY_ALIGNMENT(.tdata) SORT_BY_ALIGNMENT(.tdata.*) SORT_BY_ALIGNMENT(.gnu.linkonce.td.*))

tbss            0x0000000008004cb0        0x4
 *(SORT_BY_ALIGNMENT(.tbss) SORT_BY_ALIGNMENT(.tbss.*) SORT_BY_ALIGNMENT(.gnu.linkonce.tb.*) SORT_BY_ALIGNMENT(.tcommon))
 .tbss.z_tls_current
                0x0000000008004cb0        0x4 zephyr/libzephyr.a(thread_entry.c.obj)
                0x0000000008004cb0                z_tls_current
                0x0000000008004cb0                PROVIDE (__tdata_start = LOADADDR (tdata))
                0x0000000000000001                PROVIDE (__tdata_align = ALIGNOF (tdata))
                0x0000000000000000                PROVIDE (__tdata_size = (((SIZEOF (tdata) + __tdata_align) - 0x1) & ~ ((__tdata_align - 0x1))))
                [!provide]                        PROVIDE (__tdata_end = (__tdata_start + __tdata_size))
                0x0000000000000004                PROVIDE (__tbss_align = ALIGNOF (tbss))
                [!provide]                        PROVIDE (__tbss_start = ADDR (tbss))
                0x0000000000000004                PROVIDE (__tbss_size = (((SIZEOF (tbss) + __tbss_align) - 0x1) & ~ ((__tbss_align - 0x1))))
                [!provide]                        PROVIDE (__tbss_end = (__tbss_start + __tbss_size))
                [!provide]                        PROVIDE (__tls_start = __tdata_start)
                [!provide]                        PROVIDE (__tls_end = __tbss_end)
                [!provide]                        PROVIDE (__tls_size = (__tbss_end - __tdata_start))

rodata          0x0000000008004cb0      0x8dc
 *(SORT_BY_ALIGNMENT(.rodata))
 .rodata        0x0000000008004cb0        0x8 zephyr/drivers/interrupt_controller/libdrivers__interrupt_controller.a(intc_exti_stm32.c.obj)
 *(SORT_BY_ALIGNMENT(.rodata.*))
 .rodata.logic_thread.str1.4
                0x0000000008004cb8       0x2b app/libapp.a(main.c.obj)
 *fill*         0x0000000008004ce3        0x1 
 .rodata.main.str1.4
                0x0000000008004ce4      0x135 app/libapp.a(main.c.obj)
 *fill*         0x0000000008004e19        0x3 
 .rodata.str1.4
                0x0000000008004e1c        0xa app/libapp.a(main.c.obj)
 *fill*         0x0000000008004e26        0x2 
 .rodata.button
                0x0000000008004e28        0x8 app/libapp.a(main.c.obj)