Archive member included to satisfy reference by file (symbol)

app/libapp.a(main.c.obj)      (--whole-archive)
zephyr/libzephyr.a(validate_libc.c.obj)
                              (--whole-archive)
zephyr/libzephyr.a(heap.c.obj)
                              (--whole-archive)
zephyr/libzephyr.a(cbprintf_packaged.c.obj)
                              (--whole-archive)
zephyr/libzephyr.a(clock.c.obj)
                              (--whole-archive)
zephyr/libzephyr.a(printk.c.obj)
                              (--whole-archive)
zephyr/libzephyr.a(sem.c.obj)
                              (--whole-archive)
zephyr/libzephyr.a(thread_entry.c.obj)
                              (--whole-archive)
zephyr/libzephyr.a(cbprintf_complete.c.obj)
                              (--whole-archive)
zephyr/libzephyr.a(assert.c.obj)
                              (--whole-archive)
zephyr/libzephyr.a(dec.c.obj)
                              (--whole-archive)
zephyr/libzephyr.a(hex.c.obj)
                              (--whole-archive)
zephyr/libzephyr.a(rb.c.obj)  (--whole-archive)
zephyr/libzephyr.a(timeutil.c.obj)
                              (--whole-archive)
zephyr/libzephyr.a(bitarray.c.obj)
                              (--whole-archive)
zephyr/libzephyr.a(bitmask.c.obj)
                              (--whole-archive)
zephyr/libzephyr.a(getopt.c.obj)
                              (--whole-archive)
zephyr/libzephyr.a(getopt_common.c.obj)
                              (--whole-archive)
zephyr/libzephyr.a(ring_buffer.c.obj)
                              (--whole-archive)
zephyr/libzephyr.a(last_section_id.c.obj)
                              (--whole-archive)
zephyr/libzephyr.a(configs.c.obj)
                              (--whole-archive)
zephyr/libzephyr.a(stm32cube_hal.c.obj)
                              (--whole-archive)
zephyr/libzephyr.a(soc_config.c.obj)
                              (--whole-archive)
zephyr/libzephyr.a(stm32_backup_domain.c.obj)
                              (--whole-archive)
zephyr/libzephyr.a(soc.c.obj)
                              (--whole-archive)
zephyr/libzephyr.a(thread_info.c.obj)
                              (--whole-archive)
zephyr/libzephyr.a(tracing_none.c.obj)
                              (--whole-archive)
zephyr/arch/common/libarch__common.a(sw_isr_common.c.obj)
                              (--whole-archive)
zephyr/arch/common/libarch__common.a(init.c.obj)
                              (--whole-archive)
zephyr/arch/common/libarch__common.a(xip.c.obj)
                              (--whole-archive)
zephyr/arch/arch/arm/core/libarch__arm__core.a(fatal.c.obj)
                              (--whole-archive)
zephyr/arch/arch/arm/core/libarch__arm__core.a(nmi.c.obj)
                              (--whole-archive)
zephyr/arch/arch/arm/core/libarch__arm__core.a(nmi_on_reset.S.obj)
                              (--whole-archive)
zephyr/arch/arch/arm/core/libarch__arm__core.a(tls.c.obj)
                              (--whole-archive)
zephyr/arch/arch/arm/core/cortex_m/libarch__arm__core__cortex_m.a(exc_exit.c.obj)
                              (--whole-archive)
zephyr/arch/arch/arm/core/cortex_m/libarch__arm__core__cortex_m.a(fault.c.obj)
                              (--whole-archive)
zephyr/arch/arch/arm/core/cortex_m/libarch__arm__core__cortex_m.a(fault_s.S.obj)
                              (--whole-archive)
zephyr/arch/arch/arm/core/cortex_m/libarch__arm__core__cortex_m.a(fpu.c.obj)
                              (--whole-archive)
zephyr/arch/arch/arm/core/cortex_m/libarch__arm__core__cortex_m.a(reset.S.obj)
                              (--whole-archive)
zephyr/arch/arch/arm/core/cortex_m/libarch__arm__core__cortex_m.a(scb.c.obj)
                              (--whole-archive)
zephyr/arch/arch/arm/core/cortex_m/libarch__arm__core__cortex_m.a(thread_abort.c.obj)
                              (--whole-archive)
zephyr/arch/arch/arm/core/cortex_m/libarch__arm__core__cortex_m.a(vector_table.S.obj)
                              (--whole-archive)
zephyr/arch/arch/arm/core/cortex_m/libarch__arm__core__cortex_m.a(swap_helper.S.obj)
                              (--whole-archive)
zephyr/arch/arch/arm/core/cortex_m/libarch__arm__core__cortex_m.a(irq_manage.c.obj)
                              (--whole-archive)
zephyr/arch/arch/arm/core/cortex_m/libarch__arm__core__cortex_m.a(prep_c.c.obj)
                              (--whole-archive)
zephyr/arch/arch/arm/core/cortex_m/libarch__arm__core__cortex_m.a(thread.c.obj)
                              (--whole-archive)
zephyr/arch/arch/arm/core/cortex_m/libarch__arm__core__cortex_m.a(cpu_idle.c.obj)
                              (--whole-archive)
zephyr/arch/arch/arm/core/cortex_m/libarch__arm__core__cortex_m.a(irq_init.c.obj)
                              (--whole-archive)
zephyr/arch/arch/arm/core/cortex_m/libarch__arm__core__cortex_m.a(isr_wrapper.c.obj)
                              (--whole-archive)
[...]
Memory Configuration

Name             Origin             Length             Attributes
FLASH            0x0000000008000000 0x0000000000200000 xr
RAM              0x0000000020000000 0x0000000000030000 xw
SRAM0            0x0000000020000000 0x0000000000030000 rw
SRAM1            0x0000000010000000 0x0000000000010000 rw
SRAM2            0x0000000020040000 0x0000000000060000 rw
IDT_LIST         0x00000000ffff7fff 0x0000000000008000 xw
*default*        0x0000000000000000 0xffffffffffffffff

Linker script and memory map

                0x0000000008005b10                vfprintf = __d_vfprintf
                0x0000000000000000                vfscanf = __d_vfscanf
LOAD zephyr/CMakeFiles/zephyr_final.dir/misc/empty_file.c.obj
LOAD zephyr/CMakeFiles/zephyr_final.dir/isr_tables.c.obj
LOAD zephyr/CMakeFiles/offsets.dir/./arch/arm/core/offsets/offsets.c.obj
LOAD zephyr/CMakeFiles/offsets.dir/./lib/heap/heap_constants.c.obj
LOAD app/libapp.a
LOAD zephyr/libzephyr.a
LOAD zephyr/arch/common/libarch__common.a
LOAD zephyr/arch/arch/arm/core/libarch__arm__core.a
LOAD zephyr/arch/arch/arm/core/cortex_m/libarch__arm__core__cortex_m.a
LOAD zephyr/lib/libc/picolibc/liblib__libc__picolibc.a
LOAD zephyr/lib/libc/common/liblib__libc__common.a
LOAD zephyr/lib/posix/c_lib_ext/liblib__posix__c_lib_ext.a
LOAD zephyr/drivers/interrupt_controller/libdrivers__interrupt_controller.a
LOAD zephyr/drivers/clock_control/libdrivers__clock_control.a
LOAD zephyr/drivers/console/libdrivers__console.a
LOAD zephyr/drivers/gpio/libdrivers__gpio.a
LOAD zephyr/drivers/i2c/libdrivers__i2c.a
LOAD zephyr/drivers/pinctrl/libdrivers__pinctrl.a
LOAD zephyr/drivers/reset/libdrivers__reset.a
LOAD zephyr/drivers/sensor/st/stmemsc/libdrivers__sensor__st__stmemsc.a
LOAD zephyr/drivers/sensor/st/hts221/libdrivers__sensor__st__hts221.a
LOAD zephyr/drivers/sensor/st/lis3mdl/libdrivers__sensor__st__lis3mdl.a
LOAD zephyr/drivers/sensor/st/lps22hb/libdrivers__sensor__st__lps22hb.a
LOAD zephyr/drivers/sensor/st/lsm6dsl/libdrivers__sensor__st__lsm6dsl.a
LOAD zephyr/drivers/sensor/st/vl53l0x/libdrivers__sensor__st__vl53l0x.a
LOAD zephyr/drivers/serial/libdrivers__serial.a
LOAD zephyr/drivers/spi/libdrivers__spi.a
LOAD zephyr/drivers/timer/libdrivers__timer.a
LOAD modules/hal_st/lib..__modules__hal__st.a
LOAD modules/hal_stm32/stm32cube/lib..__modules__hal__stm32__stm32cube.a
LOAD zephyr/kernel/libkernel.a
LOAD zephyr/arch/common/libisr_tables.a
LOAD c:\users\ray45\zephyr-sdk-0.17.4\arm-zephyr-eabi\bin\../lib/gcc/../../picolibc/arm-zephyr-eabi/lib/thumb/v7e-m/nofp\libc.a
LOAD c:/users/ray45/zephyr-sdk-0.17.4/arm-zephyr-eabi/bin/../lib/gcc/arm-zephyr-eabi/12.2.0/thumb/v7e-m/nofp\libgcc.a
                0x0000000000000004                _region_min_align = 0x4

.rel.plt        0x0000000008000000        0x0
 *(SORT_BY_ALIGNMENT(.rel.plt))
                [!provide]                        PROVIDE (__rel_iplt_start = .)
 *(SORT_BY_ALIGNMENT(.rel.iplt))
 .rel.iplt      0x0000000008000000        0x0 zephyr/CMakeFiles/zephyr_final.dir/isr_tables.c.obj
                [!provide]                        PROVIDE (__rel_iplt_end = .)

.rela.plt       0x0000000000000000        0x0
 *(SORT_BY_ALIGNMENT(.rela.plt))
                [!provide]                        PROVIDE (__rela_iplt_start = .)
 *(SORT_BY_ALIGNMENT(.rela.iplt))
                [!provide]                        PROVIDE (__rela_iplt_end = .)

.rel.dyn
 *(SORT_BY_ALIGNMENT(.rel.*))

.rela.dyn
 *(SORT_BY_ALIGNMENT(.rela.*))

/DISCARD/
 *(SORT_BY_ALIGNMENT(.plt))

/DISCARD/
 *(SORT_BY_ALIGNMENT(.iplt))
                0x0000000008000000                __rom_region_start = 0x8000000

rom_start       0x0000000008000000      0x1bc
                0x0000000008000000                __rom_start_address = .
 FILL mask 0x00
                0x0000000008000000                . = (. + (0x0 - (. - __rom_start_address)))
                0x0000000008000000                . = ALIGN (0x4)
                0x0000000008000000                . = ALIGN (0x80)
                0x0000000008000000                . = ALIGN (0x200)
                0x0000000008000000                _vector_start = .
 *(SORT_BY_ALIGNMENT(.exc_vector_table))
 *(SORT_BY_ALIGNMENT(.exc_vector_table.*))
 .exc_vector_table._vector_table_section
                0x0000000008000000       0x40 zephyr/arch/arch/arm/core/cortex_m/libarch__arm__core__cortex_m.a(vector_table.S.obj)
                0x0000000008000000                _vector_table
 *(SORT_BY_ALIGNMENT(.vectors))
                0x00000000080001bc                _vector_end = .
                0x0000000008000040                . = ALIGN (0x4)
 *(SORT_BY_ALIGNMENT(.gnu.linkonce.irq_vector_table*))
 .gnu.linkonce.irq_vector_table
                0x0000000008000040      0x17c zephyr/CMakeFiles/zephyr_final.dir/isr_tables.c.obj
                0x0000000008000040                _irq_vector_table
                0x00000000080001bc                _vector_end = .

text            0x00000000080001c0     0xbfd4
                0x00000000080001c0                __text_region_start = .
 *(SORT_BY_ALIGNMENT(.text))
 .text          0x00000000080001c0      0x378 c:/users/ray45/zephyr-sdk-0.17.4/arm-zephyr-eabi/bin/../lib/gcc/arm-zephyr-eabi/12.2.0/thumb/v7e-m/nofp\libgcc.a(_arm_addsubdf3.o)
                0x00000000080001c0                __aeabi_drsub
                0x00000000080001c8                __aeabi_dsub
                0x00000000080001c8                __subdf3
                0x00000000080001cc                __aeabi_dadd
                0x00000000080001cc                __adddf3
                0x0000000008000444                __floatunsidf
                0x0000000008000444                __aeabi_ui2d
                0x0000000008000464                __floatsidf
                0x0000000008000464                __aeabi_i2d
                0x0000000008000488                __aeabi_f2d
                0x0000000008000488                __extendsfdf2
                0x00000000080004cc                __floatundidf
                0x00000000080004cc                __aeabi_ul2d
                0x00000000080004dc                __floatdidf
                0x00000000080004dc                __aeabi_l2d
 .text          0x0000000008000538      0x424 c:/users/ray45/zephyr-sdk-0.17.4/arm-zephyr-eabi/bin/../lib/gcc/arm-zephyr-eabi/12.2.0/thumb/v7e-m/nofp\libgcc.a(_arm_muldivdf3.o)
                0x0000000008000538                __aeabi_dmul
                0x0000000008000538                __muldf3
                0x000000000800078c                __divdf3
                0x000000000800078c                __aeabi_ddiv
 .text          0x000000000800095c      0x21c c:/users/ray45/zephyr-sdk-0.17.4/arm-zephyr-eabi/bin/../lib/gcc/arm-zephyr-eabi/12.2.0/thumb/v7e-m/nofp\libgcc.a(_arm_addsubsf3.o)
                0x000000000800095c                __aeabi_frsub
                0x0000000008000964                __subsf3
                0x0000000008000964                __aeabi_fsub
                0x0000000008000968                __aeabi_fadd
                0x0000000008000968                __addsf3
                0x0000000008000ac8                __aeabi_ui2f
                0x0000000008000ac8                __floatunsisf
                0x0000000008000ad0                __aeabi_i2f
                0x0000000008000ad0                __floatsisf
                0x0000000008000aec                __aeabi_ul2f
                0x0000000008000aec                __floatundisf
                0x0000000008000afc                __aeabi_l2f
                0x0000000008000afc                __floatdisf
 .text          0x0000000008000b78      0x2a0 c:/users/ray45/zephyr-sdk-0.17.4/arm-zephyr-eabi/bin/../lib/gcc/arm-zephyr-eabi/12.2.0/thumb/v7e-m/nofp\libgcc.a(_arm_muldivsf3.o)
                0x0000000008000b78                __mulsf3
                0x0000000008000b78                __aeabi_fmul
                0x0000000008000ce0                __aeabi_fdiv
                0x0000000008000ce0                __divsf3
 .text          0x0000000008000e18       0xec c:/users/ray45/zephyr-sdk-0.17.4/arm-zephyr-eabi/bin/../lib/gcc/arm-zephyr-eabi/12.2.0/thumb/v7e-m/nofp\libgcc.a(_arm_cmpsf2.o)
                0x0000000008000e18                __gesf2
                0x0000000008000e18                __gtsf2
                0x0000000008000e20                __lesf2
                0x0000000008000e20                __ltsf2
                0x0000000008000e28                __nesf2
                0x0000000008000e28                __eqsf2
                0x0000000008000e28                __cmpsf2
                0x0000000008000e88                __aeabi_cfrcmple
                0x0000000008000e90                __aeabi_cfcmpeq
                0x0000000008000e90                __aeabi_cfcmple
                0x0000000008000ea0                __aeabi_fcmpeq
                0x0000000008000eb4                __aeabi_fcmplt
                0x0000000008000ec8                __aeabi_fcmple
                0x0000000008000edc                __aeabi_fcmpge
                0x0000000008000ef0                __aeabi_fcmpgt
 .text          0x0000000008000f04       0xa0 c:/users/ray45/zephyr-sdk-0.17.4/arm-zephyr-eabi/bin/../lib/gcc/arm-zephyr-eabi/12.2.0/thumb/v7e-m/nofp\libgcc.a(_aeabi_ldivmod.o)
                0x0000000008000f04                __aeabi_ldivmod
 .text          0x0000000008000fa4       0x30 c:/users/ray45/zephyr-sdk-0.17.4/arm-zephyr-eabi/bin/../lib/gcc/arm-zephyr-eabi/12.2.0/thumb/v7e-m/nofp\libgcc.a(_aeabi_uldivmod.o)
                0x0000000008000fa4                __aeabi_uldivmod
 .text          0x0000000008000fd4       0x40 c:/users/ray45/zephyr-sdk-0.17.4/arm-zephyr-eabi/bin/../lib/gcc/arm-zephyr-eabi/12.2.0/thumb/v7e-m/nofp\libgcc.a(_fixunssfdi.o)
                0x0000000008000fd4                __fixunssfdi
                0x0000000008000fd4                __aeabi_f2ulz
 .text          0x0000000008001014        0x4 c:/users/ray45/zephyr-sdk-0.17.4/arm-zephyr-eabi/bin/../lib/gcc/arm-zephyr-eabi/12.2.0/thumb/v7e-m/nofp\libgcc.a(_dvmd_tls.o)
                0x0000000008001014                __aeabi_idiv0
                0x0000000008001014                __aeabi_ldiv0
 .text          0x0000000008001018       0x40 c:/users/ray45/zephyr-sdk-0.17.4/arm-zephyr-eabi/bin/../lib/gcc/arm-zephyr-eabi/12.2.0/thumb/v7e-m/nofp\libgcc.a(_arm_fixunsdfsi.o)
                0x0000000008001018                __aeabi_d2uiz
                0x0000000008001018                __fixunsdfsi
 .text          0x0000000008001058       0x14 c:\users\ray45\zephyr-sdk-0.17.4\arm-zephyr-eabi\bin\../lib/gcc/../../picolibc/arm-zephyr-eabi/lib/thumb/v7e-m/nofp\libc.a(strcmp.S.o)
                0x0000000008001058                strcmp
 .text          0x000000000800106c       0x10 c:\users\ray45\zephyr-sdk-0.17.4\arm-zephyr-eabi\bin\../lib/gcc/../../picolibc/arm-zephyr-eabi/lib/thumb/v7e-m/nofp\libc.a(strcpy.S.o)
                0x000000000800106c                strcpy
 .text          0x000000000800107c       0x26 c:/users/ray45/zephyr-sdk-0.17.4/arm-zephyr-eabi/bin/../lib/gcc/arm-zephyr-eabi/12.2.0/thumb/v7e-m/nofp\libgcc.a(_fixsfdi.o)
                0x000000000800107c                __fixsfdi
                0x000000000800107c                __aeabi_f2lz
 .text          0x00000000080010a2      0x2a0 c:/users/ray45/zephyr-sdk-0.17.4/arm-zephyr-eabi/bin/../lib/gcc/arm-zephyr-eabi/12.2.0/thumb/v7e-m/nofp\libgcc.a(_udivmoddi4.o)
                0x00000000080010a2                __udivmoddi4
 *(SORT_BY_ALIGNMENT(.text.*))
 *fill*         0x0000000008001342        0x6 
 .text.sensor_rad_to_degrees
                0x0000000008001348       0xc8 zephyr/drivers/sensor/st/lsm6dsl/libdrivers__sensor__st__lsm6dsl.a(lsm6dsl.c.obj)
 .text.lsm6dsl_accel_config
                0x0000000008001410       0xb0 zephyr/drivers/sensor/st/lsm6dsl/libdrivers__sensor__st__lsm6dsl.a(lsm6dsl.c.obj)
 .text.lsm6dsl_accel_get_channel
                0x00000000080014c0      0x1d8 zephyr/drivers/sensor/st/lsm6dsl/libdrivers__sensor__st__lsm6dsl.a(lsm6dsl.c.obj)
 .text.lsm6dsl_gyro_get_channel
                0x0000000008001698      0x360 zephyr/drivers/sensor/st/lsm6dsl/libdrivers__sensor__st__lsm6dsl.a(lsm6dsl.c.obj)
 .text.threadA  0x00000000080019f8       0x70 app/libapp.a(main.c.obj)
                0x00000000080019f8                threadA
 .text.threadB  0x0000000008001a68       0x20 app/libapp.a(main.c.obj)
                0x0000000008001a68                threadB
 .text.main     0x0000000008001a88       0x10 app/libapp.a(main.c.obj)
                0x0000000008001a88                main
 .text.char_out
                0x0000000008001a98       0x10 zephyr/libzephyr.a(printk.c.obj)
 .text.__printk_hook_install
                0x0000000008001aa8        0xc zephyr/libzephyr.a(printk.c.obj)
                0x0000000008001aa8                __printk_hook_install
 .text.vprintk  0x0000000008001ab4       0x2c zephyr/libzephyr.a(printk.c.obj)
                0x0000000008001ab4                vprintk
 .text.z_thread_entry
                0x0000000008001ae0       0x34 zephyr/libzephyr.a(thread_entry.c.obj)
                0x0000000008001ae0                z_thread_entry
 .text.st_stm32_common_config
                0x0000000008001b14       0x14 zephyr/libzephyr.a(soc_config.c.obj)
 .text.soc_early_init_hook
                0x0000000008001b28       0x30 zephyr/libzephyr.a(soc.c.obj)
                0x0000000008001b28                soc_early_init_hook
 .text.arch_bss_zero
                0x0000000008001b58       0x18 zephyr/arch/common/libarch__common.a(init.c.obj)
                0x0000000008001b58                arch_bss_zero
 .text.arch_data_copy
                0x0000000008001b70       0x34 zephyr/arch/common/libarch__common.a(xip.c.obj)
                0x0000000008001b70                arch_data_copy
 .text.esf_dump
                0x0000000008001ba4       0x40 zephyr/arch/arch/arm/core/libarch__arm__core.a(fatal.c.obj)
 .text.z_arm_fatal_error
                0x0000000008001be4       0x30 zephyr/arch/arch/arm/core/libarch__arm__core.a(fatal.c.obj)
                0x0000000008001be4                z_arm_fatal_error
 .text.z_SysNmiOnReset
                0x0000000008001c14        0x8 zephyr/arch/arch/arm/core/libarch__arm__core.a(nmi_on_reset.S.obj)
                0x0000000008001c14                z_SysNmiOnReset
 .text.z_tls_copy
                0x0000000008001c1c       0x28 zephyr/arch/arch/arm/core/libarch__arm__core.a(tls.c.obj)
 .text.arch_tls_stack_setup
                0x0000000008001c44       0x28 zephyr/arch/arch/arm/core/libarch__arm__core.a(tls.c.obj)
                0x0000000008001c44                arch_tls_stack_setup
 .text._HandlerModeExit
                0x0000000008001c6c       0x20 zephyr/arch/arch/arm/core/cortex_m/libarch__arm__core__cortex_m.a(exc_exit.c.obj)
                0x0000000008001c6c                z_arm_int_exit
                0x0000000008001c6c                z_arm_exc_exit
 .text.z_arm_is_synchronous_svc
                0x0000000008001c8c       0x3c zephyr/arch/arch/arm/core/cortex_m/libarch__arm__core__cortex_m.a(fault.c.obj)
 .text.get_esf  0x0000000008001cc8       0x40 zephyr/arch/arch/arm/core/cortex_m/libarch__arm__core__cortex_m.a(fault.c.obj)
 .text.mem_manage_fault
                0x0000000008001d08       0xf4 zephyr/arch/arch/arm/core/cortex_m/libarch__arm__core__cortex_m.a(fault.c.obj)
 .text.bus_fault
                0x0000000008001dfc       0xec zephyr/arch/arch/arm/core/cortex_m/libarch__arm__core__cortex_m.a(fault.c.obj)
 .text.usage_fault
                0x0000000008001ee8       0xb4 zephyr/arch/arch/arm/core/cortex_m/libarch__arm__core__cortex_m.a(fault.c.obj)
 .text.hard_fault
                0x0000000008001f9c       0xb8 zephyr/arch/arch/arm/core/cortex_m/libarch__arm__core__cortex_m.a(fault.c.obj)
 .text.debug_monitor
                0x0000000008002054       0x14 zephyr/arch/arch/arm/core/cortex_m/libarch__arm__core__cortex_m.a(fault.c.obj)
 .text.reserved_exception
                0x0000000008002068       0x24 zephyr/arch/arch/arm/core/cortex_m/libarch__arm__core__cortex_m.a(fault.c.obj)
 .text.z_arm_fault
                0x000000000800208c       0x88 zephyr/arch/arch/arm/core/cortex_m/libarch__arm__core__cortex_m.a(fault.c.obj)
                0x000000000800208c                z_arm_fault
 .text.z_arm_fault_init
                0x0000000008002114       0x18 zephyr/arch/arch/arm/core/cortex_m/libarch__arm__core__cortex_m.a(fault.c.obj)
                0x0000000008002114                z_arm_fault_init
 .text.__fault  0x000000000800212c       0x14 zephyr/arch/arch/arm/core/cortex_m/libarch__arm__core__cortex_m.a(fault_s.S.obj)
                0x000000000800212c                z_arm_usage_fault
                0x000000000800212c                z_arm_mpu_fault
                0x000000000800212c                z_arm_exc_spurious
                0x000000000800212c                z_arm_debug_monitor
                0x000000000800212c                z_arm_hard_fault
                0x000000000800212c                z_arm_bus_fault
 .text._reset_section
                0x0000000008002140       0x40 zephyr/arch/arch/arm/core/cortex_m/libarch__arm__core__cortex_m.a(reset.S.obj)
                0x0000000008002140                __start
                0x0000000008002140                z_arm_reset
 .text.z_impl_k_thread_abort
                0x0000000008002180       0x34 zephyr/arch/arch/arm/core/cortex_m/libarch__arm__core__cortex_m.a(thread_abort.c.obj)
                0x0000000008002180                z_impl_k_thread_abort
 .text.z_arm_pendsv
                0x00000000080021b4       0x58 zephyr/arch/arch/arm/core/cortex_m/libarch__arm__core__cortex_m.a(swap_helper.S.obj)
                0x00000000080021b4                z_arm_pendsv
 .text.z_arm_svc
                0x000000000800220c       0x24 zephyr/arch/arch/arm/core/cortex_m/libarch__arm__core__cortex_m.a(swap_helper.S.obj)
                0x000000000800220c                z_arm_svc
 .text.__NVIC_EnableIRQ
                0x0000000008002230       0x1c zephyr/arch/arch/arm/core/cortex_m/libarch__arm__core__cortex_m.a(irq_manage.c.obj)
 .text.__NVIC_SetPriority
                0x000000000800224c       0x28 zephyr/arch/arch/arm/core/cortex_m/libarch__arm__core__cortex_m.a(irq_manage.c.obj)
 .text.relocate_vector_table
                0x0000000008002274       0x1c zephyr/arch/arch/arm/core/cortex_m/libarch__arm__core__cortex_m.a(prep_c.c.obj)
                0x0000000008002274                relocate_vector_table
 .text.z_prep_c
                0x0000000008002290       0x38 zephyr/arch/arch/arm/core/cortex_m/libarch__arm__core__cortex_m.a(prep_c.c.obj)
                0x0000000008002290                z_prep_c
 .text.arch_new_thread
                0x00000000080022c8       0x44 zephyr/arch/arch/arm/core/cortex_m/libarch__arm__core__cortex_m.a(thread.c.obj)
                0x00000000080022c8                arch_new_thread
 .text.arch_switch_to_main_thread
                0x000000000800230c       0x3c zephyr/arch/arch/arm/core/cortex_m/libarch__arm__core__cortex_m.a(thread.c.obj)
                0x000000000800230c                arch_switch_to_main_thread
 .text.z_arm_cpu_idle_init
                0x0000000008002348        0xc zephyr/arch/arch/arm/core/cortex_m/libarch__arm__core__cortex_m.a(cpu_idle.c.obj)
                0x0000000008002348                z_arm_cpu_idle_init
 .text.z_arm_interrupt_init
                0x0000000008002354       0x34 zephyr/arch/arch/arm/core/cortex_m/libarch__arm__core__cortex_m.a(irq_init.c.obj)
                0x0000000008002354                z_arm_interrupt_init
 .text._isr_wrapper
                0x0000000008002388       0x20 zephyr/arch/arch/arm/core/cortex_m/libarch__arm__core__cortex_m.a(isr_wrapper.c.obj)
                0x0000000008002388                _isr_wrapper
 .text.__aeabi_read_tp
                0x00000000080023a8        0xc zephyr/arch/arch/arm/core/cortex_m/libarch__arm__core__cortex_m.a(__aeabi_read_tp.S.obj)
                0x00000000080023a8                __aeabi_read_tp
 .text.z_impl_zephyr_fputc
                0x00000000080023b4       0x10 zephyr/lib/libc/picolibc/liblib__libc__picolibc.a(stdio.c.obj)
                0x00000000080023b4                z_impl_zephyr_fputc
 .text.__stdout_hook_install
                0x00000000080023c4       0x18 zephyr/lib/libc/picolibc/liblib__libc__picolibc.a(stdio.c.obj)
                0x00000000080023c4                __stdout_hook_install
 .text.malloc_prepare
                0x00000000080023dc       0x24 zephyr/lib/libc/common/liblib__libc__common.a(malloc.c.obj)
 .text.stm32_exti_enable_clocks
                0x0000000008002400       0x34 zephyr/drivers/interrupt_controller/libdrivers__interrupt_controller.a(intc_exti_stm32.c.obj)
 .text.stm32_exti_is_pending
                0x0000000008002434       0x38 zephyr/drivers/interrupt_controller/libdrivers__interrupt_controller.a(intc_exti_stm32.c.obj)
                0x0000000008002434                stm32_exti_is_pending
 .text.stm32_exti_clear_pending
                0x000000000800246c       0x2c zephyr/drivers/interrupt_controller/libdrivers__interrupt_controller.a(intc_exti_stm32.c.obj)
                0x000000000800246c                stm32_exti_clear_pending
 .text.stm32_fill_irq_table
                0x0000000008002498       0x24 zephyr/drivers/interrupt_controller/libdrivers__interrupt_controller.a(intc_gpio_stm32.c.obj)
 .text.stm32_intc_gpio_isr
                0x00000000080024bc       0x48 zephyr/drivers/interrupt_controller/libdrivers__interrupt_controller.a(intc_gpio_stm32.c.obj)
 .text.LL_SYSCFG_SetEXTISource
                0x0000000008002504       0x38 zephyr/drivers/interrupt_controller/libdrivers__interrupt_controller.a(intc_gpio_stm32.c.obj)
 .text.LL_SYSCFG_GetEXTISource
                0x000000000800253c       0x28 zephyr/drivers/interrupt_controller/libdrivers__interrupt_controller.a(intc_gpio_stm32.c.obj)
 .text.stm32_gpio_intc_enable_line
                0x0000000008002564       0x30 zephyr/drivers/interrupt_controller/libdrivers__interrupt_controller.a(intc_gpio_stm32.c.obj)
                0x0000000008002564                stm32_gpio_intc_enable_line
 .text.stm32_gpio_intc_disable_line
                0x0000000008002594       0x10 zephyr/drivers/interrupt_controller/libdrivers__interrupt_controller.a(intc_gpio_stm32.c.obj)
                0x0000000008002594                stm32_gpio_intc_disable_line
 .text.stm32_gpio_intc_select_line_trigger
                0x00000000080025a4       0x58 zephyr/drivers/interrupt_controller/libdrivers__interrupt_controller.a(intc_gpio_stm32.c.obj)
                0x00000000080025a4                stm32_gpio_intc_select_line_trigger
 .text.stm32_gpio_intc_set_irq_callback
                0x00000000080025fc       0x4c zephyr/drivers/interrupt_controller/libdrivers__interrupt_controller.a(intc_gpio_stm32.c.obj)
                0x00000000080025fc                stm32_gpio_intc_set_irq_callback
 .text.stm32_gpio_intc_remove_irq_callback
                0x0000000008002648       0x24 zephyr/drivers/interrupt_controller/libdrivers__interrupt_controller.a(intc_gpio_stm32.c.obj)
                0x0000000008002648                stm32_gpio_intc_remove_irq_callback
 .text.stm32_clock_switch_to_hsi
                0x000000000800266c       0x48 zephyr/drivers/clock_control/libdrivers__clock_control.a(clock_stm32_ll_common.c.obj)
 .text.set_up_fixed_clock_sources
                0x00000000080026b4       0x78 zephyr/drivers/clock_control/libdrivers__clock_control.a(clock_stm32_ll_common.c.obj)
 .text.stm32_clock_control_get_subsys_rate
                0x000000000800272c      0x114 zephyr/drivers/clock_control/libdrivers__clock_control.a(clock_stm32_ll_common.c.obj)
 .text.set_up_plls
                0x0000000008002840       0x74 zephyr/drivers/clock_control/libdrivers__clock_control.a(clock_stm32_ll_common.c.obj)
 .text.stm32_clock_control_init
                0x00000000080028b4       0x90 zephyr/drivers/clock_control/libdrivers__clock_control.a(clock_stm32_ll_common.c.obj)
                0x00000000080028b4                stm32_clock_control_init
 .text.get_pllsrc_frequency
                0x0000000008002944        0x8 zephyr/drivers/clock_control/libdrivers__clock_control.a(clock_stm32l4_l5_wb_wl.c.obj)
                0x0000000008002944                get_pllsrc_frequency
 .text.config_pll_sysclock
                0x000000000800294c       0x54 zephyr/drivers/clock_control/libdrivers__clock_control.a(clock_stm32l4_l5_wb_wl.c.obj)
                0x000000000800294c                config_pll_sysclock
 .text.config_enable_default_clocks
                0x00000000080029a0       0x20 zephyr/drivers/clock_control/libdrivers__clock_control.a(clock_stm32l4_l5_wb_wl.c.obj)
                0x00000000080029a0                config_enable_default_clocks
 .text.console_out
                0x00000000080029c0       0x28 zephyr/drivers/console/libdrivers__console.a(uart_console.c.obj)
 .text.uart_console_hook_install
                0x00000000080029e8       0x18 zephyr/drivers/console/libdrivers__console.a(uart_console.c.obj)
 .text.uart_console_init
                0x0000000008002a00       0x1c zephyr/drivers/console/libdrivers__console.a(uart_console.c.obj)
 .text.gpio_stm32_clock_request
                0x0000000008002a1c       0x3c zephyr/drivers/gpio/libdrivers__gpio.a(gpio_stm32.c.obj)
 .text.gpio_stm32_init
                0x0000000008002a58       0x1c zephyr/drivers/gpio/libdrivers__gpio.a(gpio_stm32.c.obj)
 .text.gpio_stm32_pin_interrupt_configure
                0x0000000008002a74       0x94 zephyr/drivers/gpio/libdrivers__gpio.a(gpio_stm32.c.obj)
 .text.i2c_map_dt_bitrate
                0x0000000008002b08       0x54 zephyr/drivers/i2c/libdrivers__i2c.a(i2c_stm32.c.obj)
 .text.i2c_stm32_runtime_configure
                0x0000000008002b5c       0x7c zephyr/drivers/i2c/libdrivers__i2c.a(i2c_stm32.c.obj)
                0x0000000008002b5c                i2c_stm32_runtime_configure
 .text.i2c_stm32_activate
                0x0000000008002bd8       0x2c zephyr/drivers/i2c/libdrivers__i2c.a(i2c_stm32_common.c.obj)
                0x0000000008002bd8                i2c_stm32_activate
 .text.i2c_map_dt_bitrate
                0x0000000008002c04       0x54 zephyr/drivers/i2c/libdrivers__i2c.a(i2c_stm32_v2.c.obj)
 .text.i2c_stm32_configure_timing
                0x0000000008002c58      0x104 zephyr/drivers/i2c/libdrivers__i2c.a(i2c_stm32_v2.c.obj)
                0x0000000008002c58                i2c_stm32_configure_timing
 .text.stm32_pin_configure
                0x0000000008002d5c       0x40 zephyr/drivers/pinctrl/libdrivers__pinctrl.a(pinctrl_stm32.c.obj)
 .text.hts221_channel_get
                0x0000000008002d9c       0xac zephyr/drivers/sensor/st/hts221/libdrivers__sensor__st__hts221.a(hts221.c.obj)
 .text.hts221_init
                0x0000000008002e48       0x94 zephyr/drivers/sensor/st/hts221/libdrivers__sensor__st__hts221.a(hts221.c.obj)
                0x0000000008002e48                hts221_init
 .text.lps22hb_channel_get
                0x0000000008002edc       0x78 zephyr/drivers/sensor/st/lps22hb/libdrivers__sensor__st__lps22hb.a(lps22hb.c.obj)
 .text.lsm6dsl_freq_to_odr_val
                0x0000000008002f54       0x24 zephyr/drivers/sensor/st/lsm6dsl/libdrivers__sensor__st__lsm6dsl.a(lsm6dsl.c.obj)
 .text.lsm6dsl_odr_to_freq_val
                0x0000000008002f78       0x18 zephyr/drivers/sensor/st/lsm6dsl/libdrivers__sensor__st__lsm6dsl.a(lsm6dsl.c.obj)
 .text.lsm6dsl_accel_range_to_fs_val
                0x0000000008002f90       0x24 zephyr/drivers/sensor/st/lsm6dsl/libdrivers__sensor__st__lsm6dsl.a(lsm6dsl.c.obj)
 .text.lsm6dsl_gyro_range_to_fs_val
                0x0000000008002fb4       0x24 zephyr/drivers/sensor/st/lsm6dsl/libdrivers__sensor__st__lsm6dsl.a(lsm6dsl.c.obj)
 .text.lsm6dsl_accel_range_set
                0x0000000008002fd8       0x50 zephyr/drivers/sensor/st/lsm6dsl/libdrivers__sensor__st__lsm6dsl.a(lsm6dsl.c.obj)
 .text.lsm6dsl_gyro_range_set
                0x0000000008003028       0x64 zephyr/drivers/sensor/st/lsm6dsl/libdrivers__sensor__st__lsm6dsl.a(lsm6dsl.c.obj)
 .text.lsm6dsl_init_chip
                0x000000000800308c       0xfc zephyr/drivers/sensor/st/lsm6dsl/libdrivers__sensor__st__lsm6dsl.a(lsm6dsl.c.obj)
 .text.lsm6dsl_i2c_init
                0x0000000008003188       0x20 zephyr/drivers/sensor/st/lsm6dsl/libdrivers__sensor__st__lsm6dsl.a(lsm6dsl_i2c.c.obj)
                0x0000000008003188                lsm6dsl_i2c_init
 .text.z_impl_gpio_pin_interrupt_configure
                0x00000000080031a8       0x34 zephyr/drivers/sensor/st/lsm6dsl/libdrivers__sensor__st__lsm6dsl.a(lsm6dsl_trigger.c.obj)
 .text.lsm6dsl_init_interrupt
                0x00000000080031dc       0x78 zephyr/drivers/sensor/st/lsm6dsl/libdrivers__sensor__st__lsm6dsl.a(lsm6dsl_trigger.c.obj)
                0x00000000080031dc                lsm6dsl_init_interrupt
 .text.vl53l0x_channel_get
                0x0000000008003254       0xec zephyr/drivers/sensor/st/vl53l0x/libdrivers__sensor__st__vl53l0x.a(vl53l0x.c.obj)
 .text.uart_stm32_configure
                0x0000000008003340      0x17c zephyr/drivers/serial/libdrivers__serial.a(uart_stm32.c.obj)
 .text.uart_stm32_poll_in
                0x00000000080034bc       0x10 zephyr/drivers/serial/libdrivers__serial.a(uart_stm32.c.obj)
 .text.uart_stm32_poll_out
                0x00000000080034cc       0x10 zephyr/drivers/serial/libdrivers__serial.a(uart_stm32.c.obj)
 .text.uart_stm32_registers_configure
                0x00000000080034dc      0x128 zephyr/drivers/serial/libdrivers__serial.a(uart_stm32.c.obj)
 .text.spi_stm32_configure
                0x0000000008003604      0x1f4 zephyr/drivers/spi/libdrivers__spi.a(spi_stm32.c.obj)
 .text.spi_stm32_init
                0x00000000080037f8       0x20 zephyr/drivers/spi/libdrivers__spi.a(spi_stm32.c.obj)
 .text.spi_stm32_pm_action
                0x0000000008003818       0x84 zephyr/drivers/spi/libdrivers__spi.a(spi_stm32.c.obj)
 .text.elapsed  0x000000000800389c       0x48 zephyr/drivers/timer/libdrivers__timer.a(cortex_m_systick.c.obj)
 .text.sys_clock_driver_init
                0x00000000080038e4       0x34 zephyr/drivers/timer/libdrivers__timer.a(cortex_m_systick.c.obj)
 .text.sys_clock_isr
                0x0000000008003918       0x68 zephyr/drivers/timer/libdrivers__timer.a(cortex_m_systick.c.obj)
                0x0000000008003918                sys_clock_isr
 .text.sys_clock_set_timeout
                0x0000000008003980      0x124 zephyr/drivers/timer/libdrivers__timer.a(cortex_m_systick.c.obj)
                0x0000000008003980                sys_clock_set_timeout
 .text.sys_clock_elapsed
                0x0000000008003aa4       0x40 zephyr/drivers/timer/libdrivers__timer.a(cortex_m_systick.c.obj)
                0x0000000008003aa4                sys_clock_elapsed
 .text.sys_clock_cycle_get_32
                0x0000000008003ae4       0x28 zephyr/drivers/timer/libdrivers__timer.a(cortex_m_systick.c.obj)
                0x0000000008003ae4                sys_clock_cycle_get_32
 .text.VL53L0X_SetDeviceMode
                0x0000000008003b0c       0x24 modules/hal_st/lib..__modules__hal__st.a(vl53l0x_api.c.obj)
                0x0000000008003b0c                VL53L0X_SetDeviceMode
 .text.VL53L0X_DataInit
                0x0000000008003b30      0x1cc modules/hal_st/lib..__modules__hal__st.a(vl53l0x_api.c.obj)
                0x0000000008003b30                VL53L0X_DataInit
 .text.VL53L0X_GetRangingMeasurementData
                0x0000000008003cfc      0x15c modules/hal_st/lib..__modules__hal__st.a(vl53l0x_api.c.obj)
                0x0000000008003cfc                VL53L0X_GetRangingMeasurementData
 .text.VL53L0X_GetInterruptThresholds
                0x0000000008003e58       0x44 modules/hal_st/lib..__modules__hal__st.a(vl53l0x_api.c.obj)
                0x0000000008003e58                VL53L0X_GetInterruptThresholds
 .text.VL53L0X_CheckAndLoadInterruptSettings
                0x0000000008003e9c       0x88 modules/hal_st/lib..__modules__hal__st.a(vl53l0x_api.c.obj)
                0x0000000008003e9c                VL53L0X_CheckAndLoadInterruptSettings
 .text.VL53L0X_StaticInit
                0x0000000008003f24      0x19c modules/hal_st/lib..__modules__hal__st.a(vl53l0x_api.c.obj)
                0x0000000008003f24                VL53L0X_StaticInit
 .text.is_aperture
                0x00000000080040c0       0x18 modules/hal_st/lib..__modules__hal__st.a(vl53l0x_api_calibration.c.obj)
                0x00000000080040c0                is_aperture
 .text.VL53L0X_calc_macro_period_ps
                0x00000000080040d8        0xc modules/hal_st/lib..__modules__hal__st.a(vl53l0x_api_core.c.obj)
                0x00000000080040d8                VL53L0X_calc_macro_period_ps
 .text.VL53L0X_calc_timeout_mclks
                0x00000000080040e4       0x2c modules/hal_st/lib..__modules__hal__st.a(vl53l0x_api_core.c.obj)
                0x00000000080040e4                VL53L0X_calc_timeout_mclks
 .text.VL53L0X_calc_timeout_us
                0x0000000008004110       0x2c modules/hal_st/lib..__modules__hal__st.a(vl53l0x_api_core.c.obj)
                0x0000000008004110                VL53L0X_calc_timeout_us
 .text.VL53L0X_calc_dmax
                0x000000000800413c      0x100 modules/hal_st/lib..__modules__hal__st.a(vl53l0x_api_core.c.obj)
                0x000000000800413c                VL53L0X_calc_dmax
 .text.VL53L0X_calc_sigma_estimate
                0x000000000800423c      0x274 modules/hal_st/lib..__modules__hal__st.a(vl53l0x_api_core.c.obj)
                0x000000000800423c                VL53L0X_calc_sigma_estimate
 .text.VL53L0X_get_device_info
                0x00000000080044b0       0xac modules/hal_st/lib..__modules__hal__st.a(vl53l0x_api_strings.c.obj)
                0x00000000080044b0                VL53L0X_get_device_info
 .text.HAL_RCC_GetSysClockFreq
                0x000000000800455c       0xb4 modules/hal_stm32/stm32cube/lib..__modules__hal__stm32__stm32cube.a(stm32l4xx_hal_rcc.c.obj)
                0x000000000800455c                HAL_RCC_GetSysClockFreq
 .text.LL_SetFlashLatency
                0x0000000008004610       0xcc modules/hal_stm32/stm32cube/lib..__modules__hal__stm32__stm32cube.a(stm32l4xx_ll_utils.c.obj)
                0x0000000008004610                LL_SetFlashLatency
 .text.z_fatal_error
                0x00000000080046dc       0x2c zephyr/kernel/libkernel.a(fatal.c.obj)
                0x00000000080046dc                z_fatal_error
 .text.init_idle_thread
                0x0000000008004708       0x5c zephyr/kernel/libkernel.a(init.c.obj)
 .text.z_sys_init_run_level
                0x0000000008004764       0x38 zephyr/kernel/libkernel.a(init.c.obj)
 .text.thread_schedule_new
                0x000000000800479c       0x1c zephyr/kernel/libkernel.a(init.c.obj)
 .text.z_init_static_threads
                0x00000000080047b8       0x70 zephyr/kernel/libkernel.a(init.c.obj)
 .text.bg_thread_main
                0x0000000008004828       0x34 zephyr/kernel/libkernel.a(init.c.obj)
 .text.switch_to_main_thread
                0x000000000800485c       0x14 zephyr/kernel/libkernel.a(init.c.obj)
 .text.z_init_cpu
                0x0000000008004870       0x40 zephyr/kernel/libkernel.a(init.c.obj)
                0x0000000008004870                z_init_cpu
 .text.prepare_multithreading
                0x00000000080048b0       0x60 zephyr/kernel/libkernel.a(init.c.obj)
 .text.z_cstart
                0x0000000008004910       0x70 zephyr/kernel/libkernel.a(init.c.obj)
                0x0000000008004910                z_cstart
 .text.z_impl_k_sem_give
                0x0000000008004980       0x88 zephyr/kernel/libkernel.a(sem.c.obj)
                0x0000000008004980                z_impl_k_sem_give
 .text.z_impl_k_sem_take
                0x0000000008004a08       0x50 zephyr/kernel/libkernel.a(sem.c.obj)
                0x0000000008004a08                z_impl_k_sem_take
 .text.queue_submit_locked
                0x0000000008004a58       0x80 zephyr/kernel/libkernel.a(work.c.obj)
 .text.finalize_cancel_locked
                0x0000000008004ad8       0x5c zephyr/kernel/libkernel.a(work.c.obj)
 .text.work_queue_main
                0x0000000008004b34      0x110 zephyr/kernel/libkernel.a(work.c.obj)
 .text.k_work_submit
                0x0000000008004c44       0x10 zephyr/kernel/libkernel.a(work.c.obj)
                0x0000000008004c44                k_work_submit
 .text.k_work_queue_start
                0x0000000008004c54       0x8c zephyr/kernel/libkernel.a(work.c.obj)
                0x0000000008004c54                k_work_queue_start
 .text.thread_schedule_new
                0x0000000008004ce0       0x1c zephyr/kernel/libkernel.a(thread.c.obj)
 .text.z_impl_k_thread_name_set
                0x0000000008004cfc       0x24 zephyr/kernel/libkernel.a(thread.c.obj)
                0x0000000008004cfc                z_impl_k_thread_name_set
 .text.z_setup_new_thread
                0x0000000008004d20       0xc4 zephyr/kernel/libkernel.a(thread.c.obj)
                0x0000000008004d20                z_setup_new_thread
 .text.z_dummy_thread_init
                0x0000000008004de4       0x18 zephyr/kernel/libkernel.a(thread.c.obj)
                0x0000000008004de4                z_dummy_thread_init
 .text.z_swap_irqlock
                0x0000000008004dfc       0x34 zephyr/kernel/libkernel.a(sched.c.obj)
 .text.ready_thread
                0x0000000008004e30       0xb4 zephyr/kernel/libkernel.a(sched.c.obj)
 .text.unready_thread
                0x0000000008004ee4       0x68 zephyr/kernel/libkernel.a(sched.c.obj)
 .text.thread_halt_spin
                0x0000000008004f4c      0x118 zephyr/kernel/libkernel.a(sched.c.obj)
 .text.add_thread_timeout
                0x0000000008005064       0x20 zephyr/kernel/libkernel.a(sched.c.obj)
 .text.move_current_to_end_of_prio_q
                0x0000000008005084       0x8c zephyr/kernel/libkernel.a(sched.c.obj)
                0x0000000008005084                move_current_to_end_of_prio_q
 .text.z_pend_curr
                0x0000000008005110       0x38 zephyr/kernel/libkernel.a(sched.c.obj)
                0x0000000008005110                z_pend_curr
 .text.z_reschedule
                0x0000000008005148       0x2c zephyr/kernel/libkernel.a(sched.c.obj)
                0x0000000008005148                z_reschedule
 .text.z_reschedule_irqlock
                0x0000000008005174       0x2c zephyr/kernel/libkernel.a(sched.c.obj)
                0x0000000008005174                z_reschedule_irqlock
 .text.k_sched_lock
                0x00000000080051a0       0x30 zephyr/kernel/libkernel.a(sched.c.obj)
                0x00000000080051a0                k_sched_lock
 .text.k_sched_unlock
                0x00000000080051d0       0x70 zephyr/kernel/libkernel.a(sched.c.obj)
                0x00000000080051d0                k_sched_unlock
 .text.z_sched_init
                0x0000000008005240       0x10 zephyr/kernel/libkernel.a(sched.c.obj)
                0x0000000008005240                z_sched_init
 .text.z_impl_k_yield
                0x0000000008005250       0xa0 zephyr/kernel/libkernel.a(sched.c.obj)
                0x0000000008005250                z_impl_k_yield
 .text.z_tick_sleep
                0x00000000080052f0       0x7c zephyr/kernel/libkernel.a(sched.c.obj)
 .text.z_impl_k_sleep
                0x000000000800536c       0x78 zephyr/kernel/libkernel.a(sched.c.obj)
                0x000000000800536c                z_impl_k_sleep
 .text.z_impl_k_wakeup
                0x00000000080053e4       0x48 zephyr/kernel/libkernel.a(sched.c.obj)
                0x00000000080053e4                z_impl_k_wakeup
 .text.z_impl_k_sched_current_thread_query
                0x000000000800542c        0xc zephyr/kernel/libkernel.a(sched.c.obj)
                0x000000000800542c                z_impl_k_sched_current_thread_query
 .text.z_thread_abort
                0x0000000008005438      0x16c zephyr/kernel/libkernel.a(sched.c.obj)
                0x0000000008005438                z_thread_abort
 .text.z_sched_wait
                0x00000000080055a4       0x28 zephyr/kernel/libkernel.a(sched.c.obj)
                0x00000000080055a4                z_sched_wait
 .text.z_time_slice_size
                0x00000000080055cc       0x44 zephyr/kernel/libkernel.a(timeslicing.c.obj)
 .text.slice_timeout
                0x0000000008005610       0x20 zephyr/kernel/libkernel.a(timeslicing.c.obj)
 .text.z_reset_time_slice
                0x0000000008005630       0x44 zephyr/kernel/libkernel.a(timeslicing.c.obj)
                0x0000000008005630                z_reset_time_slice
 .text.z_time_slice
                0x0000000008005674       0x70 zephyr/kernel/libkernel.a(timeslicing.c.obj)
                0x0000000008005674                z_time_slice
 .text.z_thread_monitor_exit
                0x00000000080056e4       0x3c zephyr/kernel/libkernel.a(thread_monitor.c.obj)
                0x00000000080056e4                z_thread_monitor_exit
 .text.first    0x0000000008005720       0x14 zephyr/kernel/libkernel.a(timeout.c.obj)
 .text.next     0x0000000008005734       0x18 zephyr/kernel/libkernel.a(timeout.c.obj)
 .text.elapsed  0x000000000800574c       0x18 zephyr/kernel/libkernel.a(timeout.c.obj)
 .text.z_add_timeout
                0x0000000008005764      0x134 zephyr/kernel/libkernel.a(timeout.c.obj)
                0x0000000008005764                z_add_timeout
 .text.sys_clock_announce
                0x0000000008005898       0xc4 zephyr/kernel/libkernel.a(timeout.c.obj)
                0x0000000008005898                sys_clock_announce
 .text.sys_clock_tick_get
                0x000000000800595c       0x40 zephyr/kernel/libkernel.a(timeout.c.obj)
                0x000000000800595c                sys_clock_tick_get
 .text.boot_banner
                0x000000000800599c       0x10 zephyr/kernel/libkernel.a(banner.c.obj)
                0x000000000800599c                boot_banner
 .text.k_sys_work_q_init
                0x00000000080059ac       0x2c zephyr/kernel/libkernel.a(system_work_q.c.obj)
 .text.skip_to_arg
                0x00000000080059d8      0x138 c:\users\ray45\zephyr-sdk-0.17.4\arm-zephyr-eabi\bin\../lib/gcc/../../picolibc/arm-zephyr-eabi/lib/thumb/v7e-m/nofp\libc.a(libc_tinystdio_vfprintf.c.o)
 .text.vfprintf
                0x0000000008005b10      0x9c4 c:\users\ray45\zephyr-sdk-0.17.4\arm-zephyr-eabi\bin\../lib/gcc/../../picolibc/arm-zephyr-eabi/lib/thumb/v7e-m/nofp\libc.a(libc_tinystdio_vfprintf.c.o)
                0x0000000008005b10                __d_vfprintf
 .text.div10    0x00000000080064d4       0x28 c:\users\ray45\zephyr-sdk-0.17.4\arm-zephyr-eabi\bin\../lib/gcc/../../picolibc/arm-zephyr-eabi/lib/thumb/v7e-m/nofp\libc.a(libc_tinystdio_dtoa_ryu.c.o)
 .text.__dtoa_engine
                0x00000000080064fc      0x49c c:\users\ray45\zephyr-sdk-0.17.4\arm-zephyr-eabi\bin\../lib/gcc/../../picolibc/arm-zephyr-eabi/lib/thumb/v7e-m/nofp\libc.a(libc_tinystdio_dtoa_ryu.c.o)
                0x00000000080064fc                __dtoa_engine
 .text.__log10Pow2
                0x0000000008006998        0xc c:\users\ray45\zephyr-sdk-0.17.4\arm-zephyr-eabi\bin\../lib/gcc/../../picolibc/arm-zephyr-eabi/lib/thumb/v7e-m/nofp\libc.a(libc_tinystdio_ryu_log10.c.o)
                0x0000000008006998                __log10Pow2
 .text.__log10Pow5
                0x00000000080069a4        0xc c:\users\ray45\zephyr-sdk-0.17.4\arm-zephyr-eabi\bin\../lib/gcc/../../picolibc/arm-zephyr-eabi/lib/thumb/v7e-m/nofp\libc.a(libc_tinystdio_ryu_log10.c.o)
                0x00000000080069a4                __log10Pow5
 .text.__pow5bits
                0x00000000080069b0       0x10 c:\users\ray45\zephyr-sdk-0.17.4\arm-zephyr-eabi\bin\../lib/gcc/../../picolibc/arm-zephyr-eabi/lib/thumb/v7e-m/nofp\libc.a(libc_tinystdio_ryu_pow5bits.c.o)
                0x00000000080069b0                __pow5bits
 .text.__pow5Factor
                0x00000000080069c0       0x30 c:\users\ray45\zephyr-sdk-0.17.4\arm-zephyr-eabi\bin\../lib/gcc/../../picolibc/arm-zephyr-eabi/lib/thumb/v7e-m/nofp\libc.a(libc_tinystdio_ryu_table.c.o)
                0x00000000080069c0                __pow5Factor
 .text.__double_computePow5
                0x00000000080069f0       0xe8 c:\users\ray45\zephyr-sdk-0.17.4\arm-zephyr-eabi\bin\../lib/gcc/../../picolibc/arm-zephyr-eabi/lib/thumb/v7e-m/nofp\libc.a(libc_tinystdio_ryu_table.c.o)
                0x00000000080069f0                __double_computePow5
 .text.__double_computeInvPow5
                0x0000000008006ad8       0xf8 c:\users\ray45\zephyr-sdk-0.17.4\arm-zephyr-eabi\bin\../lib/gcc/../../picolibc/arm-zephyr-eabi/lib/thumb/v7e-m/nofp\libc.a(libc_tinystdio_ryu_table.c.o)
                0x0000000008006ad8                __double_computeInvPow5
 .text._OffsetAbsSyms
                0x0000000008006bd0        0x2 zephyr/CMakeFiles/offsets.dir/./arch/arm/core/offsets/offsets.c.obj
                0x0000000008006bd0                _OffsetAbsSyms
 .text.z_impl_gpio_pin_configure
                0x0000000008006bd2       0x50 app/libapp.a(main.c.obj)
 .text.gpio_pin_configure_dt
                0x0000000008006c22       0x16 app/libapp.a(main.c.obj)
 .text.gpio_pin_set_raw
                0x0000000008006c38       0x20 app/libapp.a(main.c.obj)
 .text.gpio_pin_set
                0x0000000008006c58       0x1a app/libapp.a(main.c.obj)
 .text.k_msleep
                0x0000000008006c72       0x20 app/libapp.a(main.c.obj)
 .text.free_list_add_bidx
                0x0000000008006c92       0x4e zephyr/libzephyr.a(heap.c.obj)
 .text.free_list_add
                0x0000000008006ce0       0x18 zephyr/libzephyr.a(heap.c.obj)
 .text.sys_heap_init
                0x0000000008006cf8       0x84 zephyr/libzephyr.a(heap.c.obj)
                0x0000000008006cf8                sys_heap_init
 .text.arch_printk_char_out
                0x0000000008006d7c        0x4 zephyr/libzephyr.a(printk.c.obj)
                0x0000000008006d7c                arch_printk_char_out
 .text.printk   0x0000000008006d80       0x1c zephyr/libzephyr.a(printk.c.obj)
                0x0000000008006d80                printk
 .text._ConfigAbsSyms
                0x0000000008006d9c        0x2 zephyr/libzephyr.a(configs.c.obj)
                0x0000000008006d9c                _ConfigAbsSyms
 .text.arch_early_memset
                0x0000000008006d9e        0x8 zephyr/arch/common/libarch__common.a(init.c.obj)
                0x0000000008006d9e                arch_early_memset
 .text.arch_early_memcpy
                0x0000000008006da6        0x8 zephyr/arch/common/libarch__common.a(init.c.obj)
                0x0000000008006da6                arch_early_memcpy
 .text.z_do_kernel_oops
                0x0000000008006dae        0xc zephyr/arch/arch/arm/core/libarch__arm__core.a(fatal.c.obj)
                0x0000000008006dae                z_do_kernel_oops
 .text.z_arm_nmi
                0x0000000008006dba        0xc zephyr/arch/arch/arm/core/libarch__arm__core.a(nmi.c.obj)
                0x0000000008006dba                z_arm_nmi
 .text.memory_fault_recoverable
                0x0000000008006dc6        0x4 zephyr/arch/arch/arm/core/cortex_m/libarch__arm__core__cortex_m.a(fault.c.obj)
 .text.fault_handle
                0x0000000008006dca       0x4a zephyr/arch/arch/arm/core/cortex_m/libarch__arm__core__cortex_m.a(fault.c.obj)
 .text.arm_irq_enable
                0x0000000008006e14        0xa zephyr/arch/arch/arm/core/cortex_m/libarch__arm__core__cortex_m.a(irq_manage.c.obj)
                0x0000000008006e14                arm_irq_enable
 .text.arm_irq_priority_set
                0x0000000008006e1e        0xc zephyr/arch/arch/arm/core/cortex_m/libarch__arm__core__cortex_m.a(irq_manage.c.obj)
                0x0000000008006e1e                arm_irq_priority_set
 .text.z_irq_spurious
                0x0000000008006e2a        0xc zephyr/arch/arch/arm/core/cortex_m/libarch__arm__core__cortex_m.a(irq_manage.c.obj)
                0x0000000008006e2a                z_irq_spurious
 .text.arch_coprocessors_disable
                0x0000000008006e36        0x6 zephyr/arch/arch/arm/core/cortex_m/libarch__arm__core__cortex_m.a(thread.c.obj)
                0x0000000008006e36                arch_coprocessors_disable
 .text.arch_irq_unlock_outlined
                0x0000000008006e3c        0xe zephyr/arch/arch/arm/core/cortex_m/libarch__arm__core__cortex_m.a(thread.c.obj)
                0x0000000008006e3c                arch_irq_unlock_outlined
 .text.arch_cpu_idle
                0x0000000008006e4a       0x1a zephyr/arch/arch/arm/core/cortex_m/libarch__arm__core__cortex_m.a(cpu_idle.c.obj)
                0x0000000008006e4a                arch_cpu_idle
 .text.picolibc_put
                0x0000000008006e64        0xa zephyr/lib/libc/picolibc/liblib__libc__picolibc.a(stdio.c.obj)
 .text.stm32_exti_init
                0x0000000008006e6e        0x8 zephyr/drivers/interrupt_controller/libdrivers__interrupt_controller.a(intc_exti_stm32.c.obj)
 .text.stm32_exti_gpio_intc_init
                0x0000000008006e76       0x92 zephyr/drivers/interrupt_controller/libdrivers__interrupt_controller.a(intc_gpio_stm32.c.obj)
 .text.stm32_gpio_intc_get_pin_irq_line
                0x0000000008006f08        0xa zephyr/drivers/interrupt_controller/libdrivers__interrupt_controller.a(intc_gpio_stm32.c.obj)
                0x0000000008006f08                stm32_gpio_intc_get_pin_irq_line
 .text.stm32_exti_set_line_src_port
                0x0000000008006f12       0x1c zephyr/drivers/interrupt_controller/libdrivers__interrupt_controller.a(intc_gpio_stm32.c.obj)
                0x0000000008006f12                stm32_exti_set_line_src_port
 .text.stm32_exti_get_line_src_port
                0x0000000008006f2e       0x1a zephyr/drivers/interrupt_controller/libdrivers__interrupt_controller.a(intc_gpio_stm32.c.obj)
                0x0000000008006f2e                stm32_exti_get_line_src_port
 .text.get_pll_div_frequency
                0x0000000008006f48        0xe zephyr/drivers/clock_control/libdrivers__clock_control.a(clock_stm32_ll_common.c.obj)
 .text.get_bus_clock
                0x0000000008006f56        0x6 zephyr/drivers/clock_control/libdrivers__clock_control.a(clock_stm32_ll_common.c.obj)
 .text.get_msi_frequency
                0x0000000008006f5c        0x4 zephyr/drivers/clock_control/libdrivers__clock_control.a(clock_stm32_ll_common.c.obj)
 .text.stm32_clock_control_on
                0x0000000008006f60       0x44 zephyr/drivers/clock_control/libdrivers__clock_control.a(clock_stm32_ll_common.c.obj)
 .text.stm32_clock_control_off
                0x0000000008006fa4       0x2e zephyr/drivers/clock_control/libdrivers__clock_control.a(clock_stm32_ll_common.c.obj)
 .text.enabled_clock
                0x0000000008006fd2       0x20 zephyr/drivers/clock_control/libdrivers__clock_control.a(clock_stm32_ll_common.c.obj)
                0x0000000008006fd2                enabled_clock
 .text.stm32_clock_control_configure
                0x0000000008006ff2       0x48 zephyr/drivers/clock_control/libdrivers__clock_control.a(clock_stm32_ll_common.c.obj)
 .text.stm32_clock_control_get_status
                0x000000000800703a       0x3a zephyr/drivers/clock_control/libdrivers__clock_control.a(clock_stm32_ll_common.c.obj)
 .text.config_regulator_voltage
                0x0000000008007074        0x2 zephyr/drivers/clock_control/libdrivers__clock_control.a(clock_stm32_ll_common.c.obj)
                0x0000000008007074                config_regulator_voltage
 .text.get_pll_source
                0x0000000008007076        0x4 zephyr/drivers/clock_control/libdrivers__clock_control.a(clock_stm32l4_l5_wb_wl.c.obj)
 .text.sys_slist_remove
                0x000000000800707a       0x26 zephyr/drivers/gpio/libdrivers__gpio.a(gpio_stm32.c.obj)
 .text.sys_slist_find_and_remove
                0x00000000080070a0       0x20 zephyr/drivers/gpio/libdrivers__gpio.a(gpio_stm32.c.obj)
 .text.pm_device_driver_init
                0x00000000080070c0       0x24 zephyr/drivers/gpio/libdrivers__gpio.a(gpio_stm32.c.obj)
 .text.gpio_manage_callback
                0x00000000080070e4       0x3e zephyr/drivers/gpio/libdrivers__gpio.a(gpio_stm32.c.obj)
 .text.gpio_fire_callbacks
                0x0000000008007122       0x40 zephyr/drivers/gpio/libdrivers__gpio.a(gpio_stm32.c.obj)
 .text.gpio_stm32_isr
                0x0000000008007162        0xe zephyr/drivers/gpio/libdrivers__gpio.a(gpio_stm32.c.obj)
 .text.gpio_stm32_flags_to_conf
                0x0000000008007170       0x84 zephyr/drivers/gpio/libdrivers__gpio.a(gpio_stm32.c.obj)
 .text.gpio_stm32_port_get_raw
                0x00000000080071f4        0xc zephyr/drivers/gpio/libdrivers__gpio.a(gpio_stm32.c.obj)
 .text.gpio_stm32_port_set_masked_raw
                0x0000000008007200       0x12 zephyr/drivers/gpio/libdrivers__gpio.a(gpio_stm32.c.obj)
 .text.gpio_stm32_port_set_bits_raw
                0x0000000008007212        0xa zephyr/drivers/gpio/libdrivers__gpio.a(gpio_stm32.c.obj)
 .text.gpio_stm32_port_clear_bits_raw
                0x000000000800721c        0xa zephyr/drivers/gpio/libdrivers__gpio.a(gpio_stm32.c.obj)
 .text.gpio_stm32_port_toggle_bits
                0x0000000008007226        0xe zephyr/drivers/gpio/libdrivers__gpio.a(gpio_stm32.c.obj)
 .text.gpio_stm32_manage_callback
                0x0000000008007234        0xc zephyr/drivers/gpio/libdrivers__gpio.a(gpio_stm32.c.obj)
 .text.gpio_stm32_pm_action
                0x0000000008007240       0x32 zephyr/drivers/gpio/libdrivers__gpio.a(gpio_stm32.c.obj)
 .text.LL_GPIO_SetPinMode
                0x0000000008007272       0x3a zephyr/drivers/gpio/libdrivers__gpio.a(gpio_stm32.c.obj)
 .text.LL_GPIO_SetPinSpeed
                0x00000000080072ac       0x3a zephyr/drivers/gpio/libdrivers__gpio.a(gpio_stm32.c.obj)
 .text.LL_GPIO_SetPinPull
                0x00000000080072e6       0x3a zephyr/drivers/gpio/libdrivers__gpio.a(gpio_stm32.c.obj)
 .text.LL_GPIO_SetAFPin_0_7
                0x0000000008007320       0x3a zephyr/drivers/gpio/libdrivers__gpio.a(gpio_stm32.c.obj)
 .text.LL_GPIO_SetAFPin_8_15
                0x000000000800735a       0x3c zephyr/drivers/gpio/libdrivers__gpio.a(gpio_stm32.c.obj)
 .text.gpio_stm32_configure_raw
                0x0000000008007396       0x70 zephyr/drivers/gpio/libdrivers__gpio.a(gpio_stm32.c.obj)
 .text.gpio_stm32_config
                0x0000000008007406       0x98 zephyr/drivers/gpio/libdrivers__gpio.a(gpio_stm32.c.obj)
 .text.gpio_stm32_disable_pin_irqs
                0x000000000800749e       0x30 zephyr/drivers/gpio/libdrivers__gpio.a(gpio_stm32.c.obj)
 .text.gpio_stm32_configure
                0x00000000080074ce       0x34 zephyr/drivers/gpio/libdrivers__gpio.a(gpio_stm32.c.obj)
                0x00000000080074ce                gpio_stm32_configure
 .text.i2c_stm32_get_config
                0x0000000008007502       0x16 zephyr/drivers/i2c/libdrivers__i2c.a(i2c_stm32.c.obj)
                0x0000000008007502                i2c_stm32_get_config
 .text.i2c_stm32_transfer
                0x0000000008007518       0xae zephyr/drivers/i2c/libdrivers__i2c.a(i2c_stm32.c.obj)
 .text.i2c_stm32_irq_config_func_0
                0x00000000080075c6       0x24 zephyr/drivers/i2c/libdrivers__i2c.a(i2c_stm32.c.obj)
 .text.i2c_stm32_irq_config_func_1
                0x00000000080075ea       0x24 zephyr/drivers/i2c/libdrivers__i2c.a(i2c_stm32.c.obj)
 .text.i2c_stm32_set_smbus_mode
                0x000000000800760e       0x16 zephyr/drivers/i2c/libdrivers__i2c.a(i2c_stm32.c.obj)
                0x000000000800760e                i2c_stm32_set_smbus_mode
 .text.i2c_stm32_init
                0x0000000008007624       0x54 zephyr/drivers/i2c/libdrivers__i2c.a(i2c_stm32.c.obj)
 .text.pinctrl_apply_state
                0x0000000008007678       0x20 zephyr/drivers/i2c/libdrivers__i2c.a(i2c_stm32_common.c.obj)
 .text.i2c_stm32_event_isr
                0x0000000008007698        0x8 zephyr/drivers/i2c/libdrivers__i2c.a(i2c_stm32_common.c.obj)
                0x0000000008007698                i2c_stm32_event_isr
 .text.i2c_stm32_error_isr
                0x00000000080076a0        0x8 zephyr/drivers/i2c/libdrivers__i2c.a(i2c_stm32_common.c.obj)
                0x00000000080076a0                i2c_stm32_error_isr
 .text.i2c_stm32_disable_transfer_interrupts
                0x00000000080076a8       0x3e zephyr/drivers/i2c/libdrivers__i2c.a(i2c_stm32_v2.c.obj)
 .text.stm32_i2c_irq_msg_finish
                0x00000000080076e6       0x50 zephyr/drivers/i2c/libdrivers__i2c.a(i2c_stm32_v2.c.obj)
 .text.stm32_i2c_irq_xfer
                0x0000000008007736       0xd0 zephyr/drivers/i2c/libdrivers__i2c.a(i2c_stm32_v2.c.obj)
 .text.i2c_stm32_event
                0x0000000008007806       0xb8 zephyr/drivers/i2c/libdrivers__i2c.a(i2c_stm32_v2.c.obj)
                0x0000000008007806                i2c_stm32_event
 .text.i2c_stm32_error
                0x00000000080078be       0x46 zephyr/drivers/i2c/libdrivers__i2c.a(i2c_stm32_v2.c.obj)
                0x00000000080078be                i2c_stm32_error
 .text.i2c_stm32_transaction
                0x0000000008007904       0x1e zephyr/drivers/i2c/libdrivers__i2c.a(i2c_stm32_v2.c.obj)
                0x0000000008007904                i2c_stm32_transaction
 .text.pinctrl_lookup_state
                0x0000000008007922       0x32 zephyr/drivers/pinctrl/libdrivers__pinctrl.a(common.c.obj)
                0x0000000008007922                pinctrl_lookup_state
 .text.pinctrl_configure_pins
                0x0000000008007954       0x5e zephyr/drivers/pinctrl/libdrivers__pinctrl.a(pinctrl_stm32.c.obj)
                0x0000000008007954                pinctrl_configure_pins
 .text.reset_stm32_status
                0x00000000080079b2       0x20 zephyr/drivers/reset/libdrivers__reset.a(reset_stm32.c.obj)
 .text.reset_stm32_line_assert
                0x00000000080079d2       0x1e zephyr/drivers/reset/libdrivers__reset.a(reset_stm32.c.obj)
 .text.reset_stm32_line_deassert
                0x00000000080079f0       0x20 zephyr/drivers/reset/libdrivers__reset.a(reset_stm32.c.obj)
 .text.reset_stm32_line_toggle
                0x0000000008007a10       0x16 zephyr/drivers/reset/libdrivers__reset.a(reset_stm32.c.obj)
 .text.z_impl_i2c_transfer
                0x0000000008007a26       0x2e zephyr/drivers/sensor/st/stmemsc/libdrivers__sensor__st__stmemsc.a(stmemsc_i2c.c.obj)
 .text.i2c_write
                0x0000000008007a54       0x1c zephyr/drivers/sensor/st/stmemsc/libdrivers__sensor__st__stmemsc.a(stmemsc_i2c.c.obj)
 .text.i2c_write_read
                0x0000000008007a70       0x2c zephyr/drivers/sensor/st/stmemsc/libdrivers__sensor__st__stmemsc.a(stmemsc_i2c.c.obj)
 .text.i2c_burst_read_dt
                0x0000000008007a9c       0x20 zephyr/drivers/sensor/st/stmemsc/libdrivers__sensor__st__stmemsc.a(stmemsc_i2c.c.obj)
 .text.stmemsc_i2c_read
                0x0000000008007abc        0x8 zephyr/drivers/sensor/st/stmemsc/libdrivers__sensor__st__stmemsc.a(stmemsc_i2c.c.obj)
                0x0000000008007abc                stmemsc_i2c_read
 .text.stmemsc_i2c_write
                0x0000000008007ac4       0x2a zephyr/drivers/sensor/st/stmemsc/libdrivers__sensor__st__stmemsc.a(stmemsc_i2c.c.obj)
                0x0000000008007ac4                stmemsc_i2c_write
 .text.k_msleep
                0x0000000008007aee       0x20 zephyr/drivers/sensor/st/stmemsc/libdrivers__sensor__st__stmemsc.a(stmemsc_mdelay.c.obj)
 .text.stmemsc_mdelay
                0x0000000008007b0e        0x8 zephyr/drivers/sensor/st/stmemsc/libdrivers__sensor__st__stmemsc.a(stmemsc_mdelay.c.obj)
                0x0000000008007b0e                stmemsc_mdelay
 .text.hts221_sample_fetch
                0x0000000008007b16       0x3a zephyr/drivers/sensor/st/hts221/libdrivers__sensor__st__hts221.a(hts221.c.obj)
 .text.hts221_read_conversion_data
                0x0000000008007b50       0x80 zephyr/drivers/sensor/st/hts221/libdrivers__sensor__st__hts221.a(hts221.c.obj)
 .text.z_impl_i2c_transfer
                0x0000000008007bd0       0x2e zephyr/drivers/sensor/st/lis3mdl/libdrivers__sensor__st__lis3mdl.a(lis3mdl.c.obj)
 .text.i2c_write
                0x0000000008007bfe       0x1c zephyr/drivers/sensor/st/lis3mdl/libdrivers__sensor__st__lis3mdl.a(lis3mdl.c.obj)
 .text.i2c_write_read
                0x0000000008007c1a       0x2c zephyr/drivers/sensor/st/lis3mdl/libdrivers__sensor__st__lis3mdl.a(lis3mdl.c.obj)
 .text.i2c_burst_read_dt
                0x0000000008007c46       0x20 zephyr/drivers/sensor/st/lis3mdl/libdrivers__sensor__st__lis3mdl.a(lis3mdl.c.obj)
 .text.i2c_reg_read_byte_dt
                0x0000000008007c66       0x20 zephyr/drivers/sensor/st/lis3mdl/libdrivers__sensor__st__lis3mdl.a(lis3mdl.c.obj)
 .text.lis3mdl_convert
                0x0000000008007c86       0x66 zephyr/drivers/sensor/st/lis3mdl/libdrivers__sensor__st__lis3mdl.a(lis3mdl.c.obj)
 .text.lis3mdl_channel_get
                0x0000000008007cec       0x9e zephyr/drivers/sensor/st/lis3mdl/libdrivers__sensor__st__lis3mdl.a(lis3mdl.c.obj)
 .text.lis3mdl_sample_fetch
                0x0000000008007d8a       0x54 zephyr/drivers/sensor/st/lis3mdl/libdrivers__sensor__st__lis3mdl.a(lis3mdl.c.obj)
                0x0000000008007d8a                lis3mdl_sample_fetch
 .text.lis3mdl_init
                0x0000000008007dde       0x74 zephyr/drivers/sensor/st/lis3mdl/libdrivers__sensor__st__lis3mdl.a(lis3mdl.c.obj)
                0x0000000008007dde                lis3mdl_init
 .text.z_impl_i2c_transfer
                0x0000000008007e52       0x2e zephyr/drivers/sensor/st/lps22hb/libdrivers__sensor__st__lps22hb.a(lps22hb.c.obj)
 .text.i2c_write
                0x0000000008007e80       0x1c zephyr/drivers/sensor/st/lps22hb/libdrivers__sensor__st__lps22hb.a(lps22hb.c.obj)
 .text.i2c_write_read
                0x0000000008007e9c       0x2c zephyr/drivers/sensor/st/lps22hb/libdrivers__sensor__st__lps22hb.a(lps22hb.c.obj)
 .text.i2c_burst_read_dt
                0x0000000008007ec8       0x20 zephyr/drivers/sensor/st/lps22hb/libdrivers__sensor__st__lps22hb.a(lps22hb.c.obj)
 .text.i2c_reg_read_byte_dt
                0x0000000008007ee8       0x20 zephyr/drivers/sensor/st/lps22hb/libdrivers__sensor__st__lps22hb.a(lps22hb.c.obj)
 .text.i2c_reg_update_byte
                0x0000000008007f08       0x50 zephyr/drivers/sensor/st/lps22hb/libdrivers__sensor__st__lps22hb.a(lps22hb.c.obj)
 .text.lps22hb_set_odr_raw
                0x0000000008007f58       0x1e zephyr/drivers/sensor/st/lps22hb/libdrivers__sensor__st__lps22hb.a(lps22hb.c.obj)
 .text.lps22hb_sample_fetch
                0x0000000008007f76       0x46 zephyr/drivers/sensor/st/lps22hb/libdrivers__sensor__st__lps22hb.a(lps22hb.c.obj)
 .text.lps22hb_init_chip
                0x0000000008007fbc       0x5c zephyr/drivers/sensor/st/lps22hb/libdrivers__sensor__st__lps22hb.a(lps22hb.c.obj)
 .text.lps22hb_init
                0x0000000008008018       0x28 zephyr/drivers/sensor/st/lps22hb/libdrivers__sensor__st__lps22hb.a(lps22hb.c.obj)
 .text.lsm6dsl_accel_set_fs_raw
                0x0000000008008040       0x22 zephyr/drivers/sensor/st/lsm6dsl/libdrivers__sensor__st__lsm6dsl.a(lsm6dsl.c.obj)
 .text.lsm6dsl_accel_set_odr_raw
                0x0000000008008062       0x2c zephyr/drivers/sensor/st/lsm6dsl/libdrivers__sensor__st__lsm6dsl.a(lsm6dsl.c.obj)
 .text.lsm6dsl_gyro_set_fs_raw
                0x000000000800808e       0x40 zephyr/drivers/sensor/st/lsm6dsl/libdrivers__sensor__st__lsm6dsl.a(lsm6dsl.c.obj)
 .text.lsm6dsl_gyro_set_odr_raw
                0x00000000080080ce       0x2c zephyr/drivers/sensor/st/lsm6dsl/libdrivers__sensor__st__lsm6dsl.a(lsm6dsl.c.obj)
 .text.lsm6dsl_accel_odr_set
                0x00000000080080fa       0x24 zephyr/drivers/sensor/st/lsm6dsl/libdrivers__sensor__st__lsm6dsl.a(lsm6dsl.c.obj)
 .text.lsm6dsl_gyro_odr_set
                0x000000000800811e       0x24 zephyr/drivers/sensor/st/lsm6dsl/libdrivers__sensor__st__lsm6dsl.a(lsm6dsl.c.obj)
 .text.lsm6dsl_gyro_config
                0x0000000008008142       0x28 zephyr/drivers/sensor/st/lsm6dsl/libdrivers__sensor__st__lsm6dsl.a(lsm6dsl.c.obj)
 .text.lsm6dsl_attr_set
                0x000000000800816a       0x1c zephyr/drivers/sensor/st/lsm6dsl/libdrivers__sensor__st__lsm6dsl.a(lsm6dsl.c.obj)
 .text.lsm6dsl_sample_fetch_accel
                0x0000000008008186       0x52 zephyr/drivers/sensor/st/lsm6dsl/libdrivers__sensor__st__lsm6dsl.a(lsm6dsl.c.obj)
 .text.lsm6dsl_sample_fetch_gyro
                0x00000000080081d8       0x52 zephyr/drivers/sensor/st/lsm6dsl/libdrivers__sensor__st__lsm6dsl.a(lsm6dsl.c.obj)
 .text.lsm6dsl_sample_fetch
                0x000000000800822a       0x34 zephyr/drivers/sensor/st/lsm6dsl/libdrivers__sensor__st__lsm6dsl.a(lsm6dsl.c.obj)
 .text.lsm6dsl_accel_channel_get
                0x000000000800825e        0xa zephyr/drivers/sensor/st/lsm6dsl/libdrivers__sensor__st__lsm6dsl.a(lsm6dsl.c.obj)
 .text.lsm6dsl_gyro_channel_get
                0x0000000008008268        0xa zephyr/drivers/sensor/st/lsm6dsl/libdrivers__sensor__st__lsm6dsl.a(lsm6dsl.c.obj)
 .text.lsm6dsl_channel_get
                0x0000000008008272       0x2e zephyr/drivers/sensor/st/lsm6dsl/libdrivers__sensor__st__lsm6dsl.a(lsm6dsl.c.obj)
 .text.lsm6dsl_reboot
                0x00000000080082a0       0x26 zephyr/drivers/sensor/st/lsm6dsl/libdrivers__sensor__st__lsm6dsl.a(lsm6dsl.c.obj)
 .text.lsm6dsl_init
                0x00000000080082c6       0x26 zephyr/drivers/sensor/st/lsm6dsl/libdrivers__sensor__st__lsm6dsl.a(lsm6dsl.c.obj)
 .text.z_impl_i2c_transfer
                0x00000000080082ec       0x2e zephyr/drivers/sensor/st/lsm6dsl/libdrivers__sensor__st__lsm6dsl.a(lsm6dsl_i2c.c.obj)
 .text.i2c_write
                0x000000000800831a       0x1c zephyr/drivers/sensor/st/lsm6dsl/libdrivers__sensor__st__lsm6dsl.a(lsm6dsl_i2c.c.obj)
 .text.i2c_write_read
                0x0000000008008336       0x2c zephyr/drivers/sensor/st/lsm6dsl/libdrivers__sensor__st__lsm6dsl.a(lsm6dsl_i2c.c.obj)
 .text.i2c_burst_read_dt
                0x0000000008008362       0x20 zephyr/drivers/sensor/st/lsm6dsl/libdrivers__sensor__st__lsm6dsl.a(lsm6dsl_i2c.c.obj)
 .text.i2c_burst_write
                0x0000000008008382       0x32 zephyr/drivers/sensor/st/lsm6dsl/libdrivers__sensor__st__lsm6dsl.a(lsm6dsl_i2c.c.obj)
 .text.i2c_reg_read_byte_dt
                0x00000000080083b4       0x20 zephyr/drivers/sensor/st/lsm6dsl/libdrivers__sensor__st__lsm6dsl.a(lsm6dsl_i2c.c.obj)
 .text.i2c_reg_update_byte
                0x00000000080083d4       0x50 zephyr/drivers/sensor/st/lsm6dsl/libdrivers__sensor__st__lsm6dsl.a(lsm6dsl_i2c.c.obj)
 .text.lsm6dsl_i2c_read_data
                0x0000000008008424        0xc zephyr/drivers/sensor/st/lsm6dsl/libdrivers__sensor__st__lsm6dsl.a(lsm6dsl_i2c.c.obj)
 .text.lsm6dsl_i2c_write_data
                0x0000000008008430       0x1a zephyr/drivers/sensor/st/lsm6dsl/libdrivers__sensor__st__lsm6dsl.a(lsm6dsl_i2c.c.obj)
 .text.lsm6dsl_i2c_read_reg
                0x000000000800844a        0xc zephyr/drivers/sensor/st/lsm6dsl/libdrivers__sensor__st__lsm6dsl.a(lsm6dsl_i2c.c.obj)
 .text.lsm6dsl_i2c_update_reg
                0x0000000008008456       0x1a zephyr/drivers/sensor/st/lsm6dsl/libdrivers__sensor__st__lsm6dsl.a(lsm6dsl_i2c.c.obj)
 .text.gpio_pin_interrupt_configure_dt
                0x0000000008008470       0x1a zephyr/drivers/sensor/st/lsm6dsl/libdrivers__sensor__st__lsm6dsl.a(lsm6dsl_trigger.c.obj)
 .text.z_impl_gpio_pin_configure
                0x000000000800848a       0x50 zephyr/drivers/sensor/st/lsm6dsl/libdrivers__sensor__st__lsm6dsl.a(lsm6dsl_trigger.c.obj)
 .text.gpio_pin_configure_dt
                0x00000000080084da       0x16 zephyr/drivers/sensor/st/lsm6dsl/libdrivers__sensor__st__lsm6dsl.a(lsm6dsl_trigger.c.obj)
 .text.gpio_port_get
                0x00000000080084f0       0x18 zephyr/drivers/sensor/st/lsm6dsl/libdrivers__sensor__st__lsm6dsl.a(lsm6dsl_trigger.c.obj)
 .text.gpio_pin_get
                0x0000000008008508       0x20 zephyr/drivers/sensor/st/lsm6dsl/libdrivers__sensor__st__lsm6dsl.a(lsm6dsl_trigger.c.obj)
 .text.gpio_add_callback
                0x0000000008008528       0x14 zephyr/drivers/sensor/st/lsm6dsl/libdrivers__sensor__st__lsm6dsl.a(lsm6dsl_trigger.c.obj)
 .text.lsm6dsl_thread_cb
                0x000000000800853c       0x1c zephyr/drivers/sensor/st/lsm6dsl/libdrivers__sensor__st__lsm6dsl.a(lsm6dsl_trigger.c.obj)
 .text.lsm6dsl_work_cb
                0x0000000008008558        0xc zephyr/drivers/sensor/st/lsm6dsl/libdrivers__sensor__st__lsm6dsl.a(lsm6dsl_trigger.c.obj)
 .text.handle_irq
                0x0000000008008564       0x1a zephyr/drivers/sensor/st/lsm6dsl/libdrivers__sensor__st__lsm6dsl.a(lsm6dsl_trigger.c.obj)
 .text.lsm6dsl_gpio_callback
                0x000000000800857e        0xc zephyr/drivers/sensor/st/lsm6dsl/libdrivers__sensor__st__lsm6dsl.a(lsm6dsl_trigger.c.obj)
 .text.lsm6dsl_trigger_set
                0x000000000800858a       0x5c zephyr/drivers/sensor/st/lsm6dsl/libdrivers__sensor__st__lsm6dsl.a(lsm6dsl_trigger.c.obj)
                0x000000000800858a                lsm6dsl_trigger_set
 .text.z_impl_gpio_pin_configure
                0x00000000080085e6       0x50 zephyr/drivers/sensor/st/vl53l0x/libdrivers__sensor__st__vl53l0x.a(vl53l0x.c.obj)
 .text.gpio_pin_configure_dt
                0x0000000008008636       0x16 zephyr/drivers/sensor/st/vl53l0x/libdrivers__sensor__st__vl53l0x.a(vl53l0x.c.obj)
 .text.vl53l0x_setup_single_shot
                0x000000000800864c       0xa6 zephyr/drivers/sensor/st/vl53l0x/libdrivers__sensor__st__vl53l0x.a(vl53l0x.c.obj)
 .text.vl53l0x_start
                0x00000000080086f2       0xa2 zephyr/drivers/sensor/st/vl53l0x/libdrivers__sensor__st__vl53l0x.a(vl53l0x.c.obj)
 .text.vl53l0x_sample_fetch
                0x0000000008008794       0x28 zephyr/drivers/sensor/st/vl53l0x/libdrivers__sensor__st__vl53l0x.a(vl53l0x.c.obj)
 .text.vl53l0x_init
                0x00000000080087bc       0x24 zephyr/drivers/sensor/st/vl53l0x/libdrivers__sensor__st__vl53l0x.a(vl53l0x.c.obj)
 .text.z_impl_i2c_transfer
                0x00000000080087e0       0x2e zephyr/drivers/sensor/st/vl53l0x/libdrivers__sensor__st__vl53l0x.a(vl53l0x_platform.c.obj)
 .text.i2c_write
                0x000000000800880e       0x1c zephyr/drivers/sensor/st/vl53l0x/libdrivers__sensor__st__vl53l0x.a(vl53l0x_platform.c.obj)
 .text.i2c_write_read
                0x000000000800882a       0x2c zephyr/drivers/sensor/st/vl53l0x/libdrivers__sensor__st__vl53l0x.a(vl53l0x_platform.c.obj)
 .text.VL53L0X_WriteMulti
                0x0000000008008856       0x42 zephyr/drivers/sensor/st/vl53l0x/libdrivers__sensor__st__vl53l0x.a(vl53l0x_platform.c.obj)
                0x0000000008008856                VL53L0X_WriteMulti
 .text.VL53L0X_ReadMulti
                0x0000000008008898       0x30 zephyr/drivers/sensor/st/vl53l0x/libdrivers__sensor__st__vl53l0x.a(vl53l0x_platform.c.obj)
                0x0000000008008898                VL53L0X_ReadMulti
 .text.VL53L0X_WrByte
                0x00000000080088c8       0x2e zephyr/drivers/sensor/st/vl53l0x/libdrivers__sensor__st__vl53l0x.a(vl53l0x_platform.c.obj)
                0x00000000080088c8                VL53L0X_WrByte
 .text.VL53L0X_WrWord
                0x00000000080088f6       0x34 zephyr/drivers/sensor/st/vl53l0x/libdrivers__sensor__st__vl53l0x.a(vl53l0x_platform.c.obj)
                0x00000000080088f6                VL53L0X_WrWord
 .text.VL53L0X_RdByte
                0x000000000800892a       0x30 zephyr/drivers/sensor/st/vl53l0x/libdrivers__sensor__st__vl53l0x.a(vl53l0x_platform.c.obj)
                0x000000000800892a                VL53L0X_RdByte
 .text.VL53L0X_UpdateByte
                0x000000000800895a       0x40 zephyr/drivers/sensor/st/vl53l0x/libdrivers__sensor__st__vl53l0x.a(vl53l0x_platform.c.obj)
                0x000000000800895a                VL53L0X_UpdateByte
 .text.VL53L0X_RdWord
                0x000000000800899a       0x42 zephyr/drivers/sensor/st/vl53l0x/libdrivers__sensor__st__vl53l0x.a(vl53l0x_platform.c.obj)
                0x000000000800899a                VL53L0X_RdWord
 .text.VL53L0X_RdDWord
                0x00000000080089dc       0x52 zephyr/drivers/sensor/st/vl53l0x/libdrivers__sensor__st__vl53l0x.a(vl53l0x_platform.c.obj)
                0x00000000080089dc                VL53L0X_RdDWord
 .text.VL53L0X_PollingDelay
                0x0000000008008a2e        0xe zephyr/drivers/sensor/st/vl53l0x/libdrivers__sensor__st__vl53l0x.a(vl53l0x_platform.c.obj)
                0x0000000008008a2e                VL53L0X_PollingDelay
 .text.reset_line_toggle
                0x0000000008008a3c       0x12 zephyr/drivers/serial/libdrivers__serial.a(uart_stm32.c.obj)
 .text.uart_stm32_set_baudrate
                0x0000000008008a4e       0x50 zephyr/drivers/serial/libdrivers__serial.a(uart_stm32.c.obj)
 .text.uart_stm32_set_driver_enable
                0x0000000008008a9e       0x1c zephyr/drivers/serial/libdrivers__serial.a(uart_stm32.c.obj)
 .text.uart_stm32_ll2cfg_databits
                0x0000000008008aba       0x2a zephyr/drivers/serial/libdrivers__serial.a(uart_stm32.c.obj)
 .text.uart_stm32_parameters_set
                0x0000000008008ae4      0x16e zephyr/drivers/serial/libdrivers__serial.a(uart_stm32.c.obj)
 .text.uart_stm32_config_get
                0x0000000008008c52       0x9a zephyr/drivers/serial/libdrivers__serial.a(uart_stm32.c.obj)
 .text.uart_stm32_poll_in_visitor
                0x0000000008008cec       0x26 zephyr/drivers/serial/libdrivers__serial.a(uart_stm32.c.obj)
 .text.uart_stm32_poll_out_visitor
                0x0000000008008d12       0x3a zephyr/drivers/serial/libdrivers__serial.a(uart_stm32.c.obj)
 .text.poll_in_u8
                0x0000000008008d4c        0x6 zephyr/drivers/serial/libdrivers__serial.a(uart_stm32.c.obj)
 .text.poll_out_u8
                0x0000000008008d52        0x6 zephyr/drivers/serial/libdrivers__serial.a(uart_stm32.c.obj)
 .text.uart_stm32_err_check
                0x0000000008008d58       0x74 zephyr/drivers/serial/libdrivers__serial.a(uart_stm32.c.obj)
 .text.uart_stm32_clocks_enable
                0x0000000008008dcc       0x18 zephyr/drivers/serial/libdrivers__serial.a(uart_stm32.c.obj)
 .text.pinctrl_apply_state
                0x0000000008008de4       0x20 zephyr/drivers/serial/libdrivers__serial.a(uart_stm32.c.obj)
 .text.uart_stm32_init
                0x0000000008008e04       0x28 zephyr/drivers/serial/libdrivers__serial.a(uart_stm32.c.obj)
 .text.z_impl_gpio_pin_configure
                0x0000000008008e2c       0x50 zephyr/drivers/spi/libdrivers__spi.a(spi_stm32.c.obj)
 .text.gpio_pin_configure_dt
                0x0000000008008e7c       0x16 zephyr/drivers/spi/libdrivers__spi.a(spi_stm32.c.obj)
 .text.gpio_pin_set_raw
                0x0000000008008e92       0x20 zephyr/drivers/spi/libdrivers__spi.a(spi_stm32.c.obj)
 .text.gpio_pin_set
                0x0000000008008eb2       0x1a zephyr/drivers/spi/libdrivers__spi.a(spi_stm32.c.obj)
 .text.pm_device_driver_init
                0x0000000008008ecc       0x24 zephyr/drivers/spi/libdrivers__spi.a(spi_stm32.c.obj)
 .text.spi_context_get_next_buf
                0x0000000008008ef0       0x2e zephyr/drivers/spi/libdrivers__spi.a(spi_stm32.c.obj)
 .text.spi_context_buffers_setup
                0x0000000008008f1e       0x60 zephyr/drivers/spi/libdrivers__spi.a(spi_stm32.c.obj)
 .text.spi_context_count_tx_buf_lens
                0x0000000008008f7e       0x1a zephyr/drivers/spi/libdrivers__spi.a(spi_stm32.c.obj)
 .text.spi_context_count_rx_buf_lens
                0x0000000008008f98       0x1a zephyr/drivers/spi/libdrivers__spi.a(spi_stm32.c.obj)
 .text.ll_disable_spi
                0x0000000008008fb2       0x26 zephyr/drivers/spi/libdrivers__spi.a(spi_stm32.c.obj)
 .text.spi_stm32_is_data_width_supported
                0x0000000008008fd8       0x40 zephyr/drivers/spi/libdrivers__spi.a(spi_stm32.c.obj)
 .text.bits2bytes
                0x0000000008009018       0x18 zephyr/drivers/spi/libdrivers__spi.a(spi_stm32.c.obj)
 .text.spi_stm32_send_next_frame
                0x0000000008009030       0x90 zephyr/drivers/spi/libdrivers__spi.a(spi_stm32.c.obj)
 .text.spi_stm32_read_next_frame
                0x00000000080090c0       0x90 zephyr/drivers/spi/libdrivers__spi.a(spi_stm32.c.obj)
 .text.spi_stm32_transfer_ongoing
                0x0000000008009150       0x14 zephyr/drivers/spi/libdrivers__spi.a(spi_stm32.c.obj)
 .text.spi_stm32_get_err
                0x0000000008009164       0x30 zephyr/drivers/spi/libdrivers__spi.a(spi_stm32.c.obj)
 .text.spi_stm32_shift_m
                0x0000000008009194       0x58 zephyr/drivers/spi/libdrivers__spi.a(spi_stm32.c.obj)
 .text.spi_stm32_shift_s
                0x00000000080091ec       0x3a zephyr/drivers/spi/libdrivers__spi.a(spi_stm32.c.obj)
 .text.spi_stm32_shift_frames
                0x0000000008009226       0x24 zephyr/drivers/spi/libdrivers__spi.a(spi_stm32.c.obj)
 .text.spi_stm32_half_duplex_switch_to_receive
                0x000000000800924a       0x32 zephyr/drivers/spi/libdrivers__spi.a(spi_stm32.c.obj)
 .text.spi_stm32_is_subghzspi
                0x000000000800927c        0x4 zephyr/drivers/spi/libdrivers__spi.a(spi_stm32.c.obj)
 .text._spi_context_cs_control
                0x0000000008009280       0x42 zephyr/drivers/spi/libdrivers__spi.a(spi_stm32.c.obj)
 .text.spi_stm32_cs_control
                0x00000000080092c2        0xc zephyr/drivers/spi/libdrivers__spi.a(spi_stm32.c.obj)
 .text.spi_stm32_msg_start
                0x00000000080092ce       0x32 zephyr/drivers/spi/libdrivers__spi.a(spi_stm32.c.obj)
 .text.spi_context_unlock_unconditionally
                0x0000000008009300       0x1e zephyr/drivers/spi/libdrivers__spi.a(spi_stm32.c.obj)
 .text.spi_stm32_release
                0x000000000800931e       0x14 zephyr/drivers/spi/libdrivers__spi.a(spi_stm32.c.obj)
 .text.spi_context_release
                0x0000000008009332       0x1a zephyr/drivers/spi/libdrivers__spi.a(spi_stm32.c.obj)
 .text.spi_stm32_complete
                0x000000000800934c       0xa2 zephyr/drivers/spi/libdrivers__spi.a(spi_stm32.c.obj)
 .text.spi_stm32_isr
                0x00000000080093ee       0x84 zephyr/drivers/spi/libdrivers__spi.a(spi_stm32.c.obj)
 .text.spi_context_lock
                0x0000000008009472       0x3e zephyr/drivers/spi/libdrivers__spi.a(spi_stm32.c.obj)
 .text.spi_context_wait_for_completion
                0x00000000080094b0       0x4e zephyr/drivers/spi/libdrivers__spi.a(spi_stm32.c.obj)
 .text.transceive
                0x00000000080094fe       0xb6 zephyr/drivers/spi/libdrivers__spi.a(spi_stm32.c.obj)
 .text.spi_stm32_transceive
                0x00000000080095b4       0x14 zephyr/drivers/spi/libdrivers__spi.a(spi_stm32.c.obj)
 .text.spi_context_cs_configure_all
                0x00000000080095c8       0x38 zephyr/drivers/spi/libdrivers__spi.a(spi_stm32.c.obj)
 .text.pinctrl_apply_state
                0x0000000008009600       0x20 zephyr/drivers/spi/libdrivers__spi.a(spi_stm32.c.obj)
 .text.spi_stm32_pinctrl_apply
                0x0000000008009620       0x26 zephyr/drivers/spi/libdrivers__spi.a(spi_stm32.c.obj)
 .text.spi_stm32_irq_config_func_0
                0x0000000008009646       0x14 zephyr/drivers/spi/libdrivers__spi.a(spi_stm32.c.obj)
 .text.spi_stm32_irq_config_func_1
                0x000000000800965a       0x14 zephyr/drivers/spi/libdrivers__spi.a(spi_stm32.c.obj)
 .text.VL53L0X_GetDeviceInfo
                0x000000000800966e        0x8 modules/hal_st/lib..__modules__hal__st.a(vl53l0x_api.c.obj)
                0x000000000800966e                VL53L0X_GetDeviceInfo
 .text.VL53L0X_GetOffsetCalibrationDataMicroMeter
                0x0000000008009676        0x8 modules/hal_st/lib..__modules__hal__st.a(vl53l0x_api.c.obj)
                0x0000000008009676                VL53L0X_GetOffsetCalibrationDataMicroMeter
 .text.VL53L0X_GetDeviceMode
                0x000000000800967e        0x8 modules/hal_st/lib..__modules__hal__st.a(vl53l0x_api.c.obj)
                0x000000000800967e                VL53L0X_GetDeviceMode
 .text.VL53L0X_GetFractionEnable
                0x0000000008009686       0x18 modules/hal_st/lib..__modules__hal__st.a(vl53l0x_api.c.obj)
                0x0000000008009686                VL53L0X_GetFractionEnable
 .text.VL53L0X_SetMeasurementTimingBudgetMicroSeconds
                0x000000000800969e        0x8 modules/hal_st/lib..__modules__hal__st.a(vl53l0x_api.c.obj)
                0x000000000800969e                VL53L0X_SetMeasurementTimingBudgetMicroSeconds
 .text.VL53L0X_GetMeasurementTimingBudgetMicroSeconds
                0x00000000080096a6        0x8 modules/hal_st/lib..__modules__hal__st.a(vl53l0x_api.c.obj)
                0x00000000080096a6                VL53L0X_GetMeasurementTimingBudgetMicroSeconds
 .text.VL53L0X_SetVcselPulsePeriod
                0x00000000080096ae        0x8 modules/hal_st/lib..__modules__hal__st.a(vl53l0x_api.c.obj)
                0x00000000080096ae                VL53L0X_SetVcselPulsePeriod
 .text.VL53L0X_GetVcselPulsePeriod
                0x00000000080096b6        0x8 modules/hal_st/lib..__modules__hal__st.a(vl53l0x_api.c.obj)
                0x00000000080096b6                VL53L0X_GetVcselPulsePeriod
 .text.VL53L0X_SetSequenceStepEnable
                0x00000000080096be       0xba modules/hal_st/lib..__modules__hal__st.a(vl53l0x_api.c.obj)
                0x00000000080096be                VL53L0X_SetSequenceStepEnable
 .text.sequence_step_enabled
                0x0000000008009778       0x48 modules/hal_st/lib..__modules__hal__st.a(vl53l0x_api.c.obj)
                0x0000000008009778                sequence_step_enabled
 .text.VL53L0X_GetSequenceStepEnables
                0x00000000080097c0       0x84 modules/hal_st/lib..__modules__hal__st.a(vl53l0x_api.c.obj)
                0x00000000080097c0                VL53L0X_GetSequenceStepEnables
 .text.VL53L0X_GetInterMeasurementPeriodMilliSeconds
                0x0000000008009844       0x3a modules/hal_st/lib..__modules__hal__st.a(vl53l0x_api.c.obj)
                0x0000000008009844                VL53L0X_GetInterMeasurementPeriodMilliSeconds
 .text.VL53L0X_GetXTalkCompensationEnable
                0x000000000800987e        0x8 modules/hal_st/lib..__modules__hal__st.a(vl53l0x_api.c.obj)
                0x000000000800987e                VL53L0X_GetXTalkCompensationEnable
 .text.VL53L0X_GetXTalkCompensationRateMegaCps
                0x0000000008009886       0x32 modules/hal_st/lib..__modules__hal__st.a(vl53l0x_api.c.obj)
                0x0000000008009886                VL53L0X_GetXTalkCompensationRateMegaCps
 .text.VL53L0X_SetLimitCheckEnable
                0x00000000080098b8       0x96 modules/hal_st/lib..__modules__hal__st.a(vl53l0x_api.c.obj)
                0x00000000080098b8                VL53L0X_SetLimitCheckEnable
 .text.VL53L0X_GetLimitCheckEnable
                0x000000000800994e       0x1a modules/hal_st/lib..__modules__hal__st.a(vl53l0x_api.c.obj)
                0x000000000800994e                VL53L0X_GetLimitCheckEnable
 .text.VL53L0X_SetLimitCheckValue
                0x0000000008009968       0x66 modules/hal_st/lib..__modules__hal__st.a(vl53l0x_api.c.obj)
                0x0000000008009968                VL53L0X_SetLimitCheckValue
 .text.VL53L0X_GetLimitCheckValue
                0x00000000080099ce       0xa8 modules/hal_st/lib..__modules__hal__st.a(vl53l0x_api.c.obj)
                0x00000000080099ce                VL53L0X_GetLimitCheckValue
 .text.VL53L0X_GetWrapAroundCheckEnable
                0x0000000008009a76       0x36 modules/hal_st/lib..__modules__hal__st.a(vl53l0x_api.c.obj)
                0x0000000008009a76                VL53L0X_GetWrapAroundCheckEnable
 .text.VL53L0X_GetDeviceParameters
                0x0000000008009aac       0xa4 modules/hal_st/lib..__modules__hal__st.a(vl53l0x_api.c.obj)
                0x0000000008009aac                VL53L0X_GetDeviceParameters
 .text.VL53L0X_PerformRefCalibration
                0x0000000008009b50        0xa modules/hal_st/lib..__modules__hal__st.a(vl53l0x_api.c.obj)
                0x0000000008009b50                VL53L0X_PerformRefCalibration
 .text.VL53L0X_StartMeasurement
                0x0000000008009b5a       0xfa modules/hal_st/lib..__modules__hal__st.a(vl53l0x_api.c.obj)
                0x0000000008009b5a                VL53L0X_StartMeasurement
 .text.VL53L0X_PerformSingleMeasurement
                0x0000000008009c54       0x3e modules/hal_st/lib..__modules__hal__st.a(vl53l0x_api.c.obj)
                0x0000000008009c54                VL53L0X_PerformSingleMeasurement
 .text.VL53L0X_ClearInterruptMask
                0x0000000008009c92       0x56 modules/hal_st/lib..__modules__hal__st.a(vl53l0x_api.c.obj)
                0x0000000008009c92                VL53L0X_ClearInterruptMask
 .text.VL53L0X_PerformSingleRangingMeasurement
                0x0000000008009ce8       0x3a modules/hal_st/lib..__modules__hal__st.a(vl53l0x_api.c.obj)
                0x0000000008009ce8                VL53L0X_PerformSingleRangingMeasurement
 .text.VL53L0X_SetGpioConfig
                0x0000000008009d22      0x144 modules/hal_st/lib..__modules__hal__st.a(vl53l0x_api.c.obj)
                0x0000000008009d22                VL53L0X_SetGpioConfig
 .text.VL53L0X_GetInterruptMaskStatus
                0x0000000008009e66       0x2a modules/hal_st/lib..__modules__hal__st.a(vl53l0x_api.c.obj)
                0x0000000008009e66                VL53L0X_GetInterruptMaskStatus
 .text.VL53L0X_GetMeasurementDataReady
                0x0000000008009e90       0x4a modules/hal_st/lib..__modules__hal__st.a(vl53l0x_api.c.obj)
                0x0000000008009e90                VL53L0X_GetMeasurementDataReady
 .text.VL53L0X_PerformRefSpadManagement
                0x0000000008009eda        0x8 modules/hal_st/lib..__modules__hal__st.a(vl53l0x_api.c.obj)
                0x0000000008009eda                VL53L0X_PerformRefSpadManagement
 .text.VL53L0X_get_offset_calibration_data_micro_meter
                0x0000000008009ee2       0x3e modules/hal_st/lib..__modules__hal__st.a(vl53l0x_api_calibration.c.obj)
                0x0000000008009ee2                VL53L0X_get_offset_calibration_data_micro_meter
 .text.get_next_good_spad
                0x0000000008009f20       0x56 modules/hal_st/lib..__modules__hal__st.a(vl53l0x_api_calibration.c.obj)
                0x0000000008009f20                get_next_good_spad
 .text.enable_spad_bit
                0x0000000008009f76       0x2c modules/hal_st/lib..__modules__hal__st.a(vl53l0x_api_calibration.c.obj)
                0x0000000008009f76                enable_spad_bit
 .text.set_ref_spad_map
                0x0000000008009fa2        0xe modules/hal_st/lib..__modules__hal__st.a(vl53l0x_api_calibration.c.obj)
                0x0000000008009fa2                set_ref_spad_map
 .text.get_ref_spad_map
                0x0000000008009fb0        0xe modules/hal_st/lib..__modules__hal__st.a(vl53l0x_api_calibration.c.obj)
                0x0000000008009fb0                get_ref_spad_map
 .text.enable_ref_spads
                0x0000000008009fbe       0xa2 modules/hal_st/lib..__modules__hal__st.a(vl53l0x_api_calibration.c.obj)
                0x0000000008009fbe                enable_ref_spads
 .text.perform_ref_signal_measurement
                0x000000000800a060       0x72 modules/hal_st/lib..__modules__hal__st.a(vl53l0x_api_calibration.c.obj)
                0x000000000800a060                perform_ref_signal_measurement
 .text.VL53L0X_set_reference_spads
                0x000000000800a0d2       0xae modules/hal_st/lib..__modules__hal__st.a(vl53l0x_api_calibration.c.obj)
                0x000000000800a0d2                VL53L0X_set_reference_spads
 .text.VL53L0X_perform_single_ref_calibration
                0x000000000800a180       0x3e modules/hal_st/lib..__modules__hal__st.a(vl53l0x_api_calibration.c.obj)
                0x000000000800a180                VL53L0X_perform_single_ref_calibration
 .text.VL53L0X_ref_calibration_io
                0x000000000800a1be       0xde modules/hal_st/lib..__modules__hal__st.a(vl53l0x_api_calibration.c.obj)
                0x000000000800a1be                VL53L0X_ref_calibration_io
 .text.VL53L0X_perform_vhv_calibration
                0x000000000800a29c       0x84 modules/hal_st/lib..__modules__hal__st.a(vl53l0x_api_calibration.c.obj)
                0x000000000800a29c                VL53L0X_perform_vhv_calibration
 .text.VL53L0X_perform_phase_calibration
                0x000000000800a320       0x7e modules/hal_st/lib..__modules__hal__st.a(vl53l0x_api_calibration.c.obj)
                0x000000000800a320                VL53L0X_perform_phase_calibration
 .text.VL53L0X_perform_ref_calibration
                0x000000000800a39e       0x3c modules/hal_st/lib..__modules__hal__st.a(vl53l0x_api_calibration.c.obj)
                0x000000000800a39e                VL53L0X_perform_ref_calibration
 .text.VL53L0X_perform_ref_spad_management
                0x000000000800a3da      0x2fe modules/hal_st/lib..__modules__hal__st.a(vl53l0x_api_calibration.c.obj)
                0x000000000800a3da                VL53L0X_perform_ref_spad_management
 .text.VL53L0X_measurement_poll_for_completion
                0x000000000800a6d8       0x3c modules/hal_st/lib..__modules__hal__st.a(vl53l0x_api_core.c.obj)
                0x000000000800a6d8                VL53L0X_measurement_poll_for_completion
 .text.VL53L0X_decode_vcsel_period
                0x000000000800a714        0xc modules/hal_st/lib..__modules__hal__st.a(vl53l0x_api_core.c.obj)
                0x000000000800a714                VL53L0X_decode_vcsel_period
 .text.VL53L0X_encode_vcsel_period
                0x000000000800a720        0x8 modules/hal_st/lib..__modules__hal__st.a(vl53l0x_api_core.c.obj)
                0x000000000800a720                VL53L0X_encode_vcsel_period
 .text.VL53L0X_isqrt
                0x000000000800a728       0x28 modules/hal_st/lib..__modules__hal__st.a(vl53l0x_api_core.c.obj)
                0x000000000800a728                VL53L0X_isqrt
 .text.VL53L0X_device_read_strobe
                0x000000000800a750       0x4e modules/hal_st/lib..__modules__hal__st.a(vl53l0x_api_core.c.obj)
                0x000000000800a750                VL53L0X_device_read_strobe
 .text.VL53L0X_get_info_from_device
                0x000000000800a79e      0x582 modules/hal_st/lib..__modules__hal__st.a(vl53l0x_api_core.c.obj)
                0x000000000800a79e                VL53L0X_get_info_from_device
 .text.VL53L0X_encode_timeout
                0x000000000800ad20       0x22 modules/hal_st/lib..__modules__hal__st.a(vl53l0x_api_core.c.obj)
                0x000000000800ad20                VL53L0X_encode_timeout
 .text.VL53L0X_decode_timeout
                0x000000000800ad42        0xc modules/hal_st/lib..__modules__hal__st.a(vl53l0x_api_core.c.obj)
                0x000000000800ad42                VL53L0X_decode_timeout
 .text.get_sequence_step_timeout
                0x000000000800ad4e      0x120 modules/hal_st/lib..__modules__hal__st.a(vl53l0x_api_core.c.obj)
                0x000000000800ad4e                get_sequence_step_timeout
 .text.set_sequence_step_timeout
                0x000000000800ae6e      0x110 modules/hal_st/lib..__modules__hal__st.a(vl53l0x_api_core.c.obj)
                0x000000000800ae6e                set_sequence_step_timeout
 .text.VL53L0X_set_vcsel_pulse_period
                0x000000000800af7e      0x322 modules/hal_st/lib..__modules__hal__st.a(vl53l0x_api_core.c.obj)
                0x000000000800af7e                VL53L0X_set_vcsel_pulse_period
 .text.VL53L0X_get_vcsel_pulse_period
                0x000000000800b2a0       0x40 modules/hal_st/lib..__modules__hal__st.a(vl53l0x_api_core.c.obj)
                0x000000000800b2a0                VL53L0X_get_vcsel_pulse_period
 .text.VL53L0X_set_measurement_timing_budget_micro_seconds
                0x000000000800b2e0       0xe6 modules/hal_st/lib..__modules__hal__st.a(vl53l0x_api_core.c.obj)
                0x000000000800b2e0                VL53L0X_set_measurement_timing_budget_micro_seconds
 .text.VL53L0X_get_measurement_timing_budget_micro_seconds
                0x000000000800b3c6       0xce modules/hal_st/lib..__modules__hal__st.a(vl53l0x_api_core.c.obj)
                0x000000000800b3c6                VL53L0X_get_measurement_timing_budget_micro_seconds
 .text.VL53L0X_load_tuning_settings
                0x000000000800b494       0xae modules/hal_st/lib..__modules__hal__st.a(vl53l0x_api_core.c.obj)
                0x000000000800b494                VL53L0X_load_tuning_settings
 .text.VL53L0X_get_total_xtalk_rate
                0x000000000800b542       0x30 modules/hal_st/lib..__modules__hal__st.a(vl53l0x_api_core.c.obj)
                0x000000000800b542                VL53L0X_get_total_xtalk_rate
 .text.VL53L0X_get_total_signal_rate
                0x000000000800b572       0x1e modules/hal_st/lib..__modules__hal__st.a(vl53l0x_api_core.c.obj)
                0x000000000800b572                VL53L0X_get_total_signal_rate
 .text.VL53L0X_get_pal_range_status
                0x000000000800b590      0x244 modules/hal_st/lib..__modules__hal__st.a(vl53l0x_api_core.c.obj)
                0x000000000800b590                VL53L0X_get_pal_range_status
 .text.VL53L0X_check_part_used
                0x000000000800b7d4       0x36 modules/hal_st/lib..__modules__hal__st.a(vl53l0x_api_strings.c.obj)
                0x000000000800b7d4                VL53L0X_check_part_used
 .text.hts221_read_reg
                0x000000000800b80a       0x12 modules/hal_st/lib..__modules__hal__st.a(hts221_reg.c.obj)
                0x000000000800b80a                hts221_read_reg
 .text.hts221_write_reg
                0x000000000800b81c       0x12 modules/hal_st/lib..__modules__hal__st.a(hts221_reg.c.obj)
                0x000000000800b81c                hts221_write_reg
 .text.hts221_data_rate_set
                0x000000000800b82e       0x32 modules/hal_st/lib..__modules__hal__st.a(hts221_reg.c.obj)
                0x000000000800b82e                hts221_data_rate_set
 .text.hts221_block_data_update_set
                0x000000000800b860       0x32 modules/hal_st/lib..__modules__hal__st.a(hts221_reg.c.obj)
                0x000000000800b860                hts221_block_data_update_set
 .text.hts221_device_id_get
                0x000000000800b892        0xe modules/hal_st/lib..__modules__hal__st.a(hts221_reg.c.obj)
                0x000000000800b892                hts221_device_id_get
 .text.hts221_power_on_set
                0x000000000800b8a0       0x32 modules/hal_st/lib..__modules__hal__st.a(hts221_reg.c.obj)
                0x000000000800b8a0                hts221_power_on_set
 .text.z_impl_k_busy_wait